========== RUNNING NCCL TESTS ==========
# nThread 1 nGpus 1 minBytes 8 maxBytes 4294967296 step: 2(factor) warmup iters: 5 iters: 20 agg iters: 1 validation: 1 graph: 0
#
# Using devices
#  Rank  0 Group  0 Pid 581170 on  nid001049 device  0 [0x03] NVIDIA A100-SXM4-40GB
#  Rank  1 Group  0 Pid 581171 on  nid001049 device  1 [0x41] NVIDIA A100-SXM4-40GB
#  Rank  2 Group  0 Pid 581173 on  nid001049 device  2 [0x82] NVIDIA A100-SXM4-40GB
#  Rank  3 Group  0 Pid 581175 on  nid001049 device  3 [0xc1] NVIDIA A100-SXM4-40GB
#  Rank  4 Group  0 Pid 1688817 on  nid001052 device  0 [0x03] NVIDIA A100-SXM4-40GB
#  Rank  5 Group  0 Pid 1688818 on  nid001052 device  1 [0x41] NVIDIA A100-SXM4-40GB
#  Rank  6 Group  0 Pid 1688820 on  nid001052 device  2 [0x82] NVIDIA A100-SXM4-40GB
#  Rank  7 Group  0 Pid 1688822 on  nid001052 device  3 [0xc1] NVIDIA A100-SXM4-40GB
nid001049:581170:581170 [0] NCCL INFO NCCL_SOCKET_IFNAME set by environment to hsn
nid001049:581170:581170 [0] NCCL INFO Bootstrap : Using hsn0:10.250.0.161<0>
nid001049:581170:581170 [0] NCCL INFO cudaDriverVersion 12040
nid001049:581170:581170 [0] NCCL INFO NCCL version 2.22.3+cuda12.4
nid001049:581175:581175 [3] NCCL INFO cudaDriverVersion 12040
nid001049:581175:581175 [3] NCCL INFO NCCL_SOCKET_IFNAME set by environment to hsn
nid001049:581175:581175 [3] NCCL INFO Bootstrap : Using hsn0:10.250.0.161<0>
nid001049:581175:581175 [3] NCCL INFO NCCL version 2.22.3+cuda12.4
nid001052:1688817:1688817 [0] NCCL INFO cudaDriverVersion 12040
nid001049:581173:581173 [2] NCCL INFO cudaDriverVersion 12040
nid001052:1688822:1688822 [3] NCCL INFO cudaDriverVersion 12040
nid001052:1688818:1688818 [1] NCCL INFO cudaDriverVersion 12040
nid001049:581171:581171 [1] NCCL INFO cudaDriverVersion 12040
nid001049:581173:581173 [2] NCCL INFO NCCL_SOCKET_IFNAME set by environment to hsn
nid001049:581173:581173 [2] NCCL INFO Bootstrap : Using hsn0:10.250.0.161<0>
nid001049:581173:581173 [2] NCCL INFO NCCL version 2.22.3+cuda12.4
nid001049:581171:581171 [1] NCCL INFO NCCL_SOCKET_IFNAME set by environment to hsn
nid001049:581171:581171 [1] NCCL INFO Bootstrap : Using hsn0:10.250.0.161<0>
nid001049:581171:581171 [1] NCCL INFO NCCL version 2.22.3+cuda12.4
nid001052:1688817:1688817 [0] NCCL INFO NCCL_SOCKET_IFNAME set by environment to hsn
nid001052:1688817:1688817 [0] NCCL INFO Bootstrap : Using hsn0:10.250.0.47<0>
nid001052:1688817:1688817 [0] NCCL INFO NCCL version 2.22.3+cuda12.4
nid001052:1688820:1688820 [2] NCCL INFO cudaDriverVersion 12040
nid001052:1688822:1688822 [3] NCCL INFO NCCL_SOCKET_IFNAME set by environment to hsn
nid001052:1688818:1688818 [1] NCCL INFO NCCL_SOCKET_IFNAME set by environment to hsn
nid001052:1688818:1688818 [1] NCCL INFO Bootstrap : Using hsn0:10.250.0.47<0>
nid001052:1688822:1688822 [3] NCCL INFO Bootstrap : Using hsn0:10.250.0.47<0>
nid001052:1688822:1688822 [3] NCCL INFO NCCL version 2.22.3+cuda12.4
nid001052:1688818:1688818 [1] NCCL INFO NCCL version 2.22.3+cuda12.4
nid001052:1688820:1688820 [2] NCCL INFO NCCL_SOCKET_IFNAME set by environment to hsn
nid001052:1688820:1688820 [2] NCCL INFO Bootstrap : Using hsn0:10.250.0.47<0>
nid001052:1688820:1688820 [2] NCCL INFO NCCL version 2.22.3+cuda12.4
nid001049:581175:581284 [3] NCCL INFO NET/Plugin: Failed to find ncclNetPlugin_v8 symbol.
nid001049:581175:581284 [3] NCCL INFO NET/Plugin: Loaded net plugin AWS Libfabric (v6)
nid001049:581175:581284 [3] NCCL INFO NET/Plugin: Failed to find ncclCollNetPlugin_v8 symbol.
nid001049:581175:581284 [3] NCCL INFO NET/Plugin: Failed to find ncclCollNetPlugin symbol (>= v5). ncclCollNetPlugin symbols v4 and lower are not supported.
nid001049:581175:581284 [3] NCCL INFO NET/OFI Using aws-ofi-nccl 1.6.0
nid001049:581173:581285 [2] NCCL INFO NET/Plugin: Failed to find ncclNetPlugin_v8 symbol.
nid001049:581173:581285 [2] NCCL INFO NET/Plugin: Loaded net plugin AWS Libfabric (v6)
nid001049:581173:581285 [2] NCCL INFO NET/Plugin: Failed to find ncclCollNetPlugin_v8 symbol.
nid001049:581173:581285 [2] NCCL INFO NET/Plugin: Failed to find ncclCollNetPlugin symbol (>= v5). ncclCollNetPlugin symbols v4 and lower are not supported.
nid001049:581173:581285 [2] NCCL INFO NET/OFI Using aws-ofi-nccl 1.6.0
nid001049:581171:581286 [1] NCCL INFO NET/Plugin: Failed to find ncclNetPlugin_v8 symbol.
nid001049:581171:581286 [1] NCCL INFO NET/Plugin: Loaded net plugin AWS Libfabric (v6)
nid001049:581171:581286 [1] NCCL INFO NET/Plugin: Failed to find ncclCollNetPlugin_v8 symbol.
nid001049:581171:581286 [1] NCCL INFO NET/Plugin: Failed to find ncclCollNetPlugin symbol (>= v5). ncclCollNetPlugin symbols v4 and lower are not supported.
nid001049:581171:581286 [1] NCCL INFO NET/OFI Using aws-ofi-nccl 1.6.0
nid001049:581175:581284 [3] NCCL INFO NET/OFI Selected Provider is cxi (found 8 nics)
nid001049:581175:581284 [3] NCCL INFO Using network AWS Libfabric
nid001049:581170:581283 [0] NCCL INFO NET/Plugin: Failed to find ncclNetPlugin_v8 symbol.
nid001049:581170:581283 [0] NCCL INFO NET/Plugin: Loaded net plugin AWS Libfabric (v6)
nid001049:581170:581283 [0] NCCL INFO NET/Plugin: Failed to find ncclCollNetPlugin_v8 symbol.
nid001049:581170:581283 [0] NCCL INFO NET/Plugin: Failed to find ncclCollNetPlugin symbol (>= v5). ncclCollNetPlugin symbols v4 and lower are not supported.
nid001049:581170:581283 [0] NCCL INFO NET/OFI Using aws-ofi-nccl 1.6.0
nid001049:581173:581285 [2] NCCL INFO NET/OFI Selected Provider is cxi (found 8 nics)
nid001049:581173:581285 [2] NCCL INFO Using network AWS Libfabric
nid001049:581171:581286 [1] NCCL INFO NET/OFI Selected Provider is cxi (found 8 nics)
nid001049:581171:581286 [1] NCCL INFO Using network AWS Libfabric
nid001049:581170:581283 [0] NCCL INFO NET/OFI Selected Provider is cxi (found 8 nics)
nid001049:581170:581283 [0] NCCL INFO Using network AWS Libfabric
nid001052:1688820:1688937 [2] NCCL INFO NET/Plugin: Failed to find ncclNetPlugin_v8 symbol.
nid001052:1688820:1688937 [2] NCCL INFO NET/Plugin: Loaded net plugin AWS Libfabric (v6)
nid001052:1688820:1688937 [2] NCCL INFO NET/Plugin: Failed to find ncclCollNetPlugin_v8 symbol.
nid001052:1688822:1688936 [3] NCCL INFO NET/Plugin: Failed to find ncclNetPlugin_v8 symbol.
nid001052:1688822:1688936 [3] NCCL INFO NET/Plugin: Loaded net plugin AWS Libfabric (v6)
nid001052:1688822:1688936 [3] NCCL INFO NET/Plugin: Failed to find ncclCollNetPlugin_v8 symbol.
nid001052:1688822:1688936 [3] NCCL INFO NET/Plugin: Failed to find ncclCollNetPlugin symbol (>= v5). ncclCollNetPlugin symbols v4 and lower are not supported.
nid001052:1688822:1688936 [3] NCCL INFO NET/OFI Using aws-ofi-nccl 1.6.0
nid001052:1688820:1688937 [2] NCCL INFO NET/Plugin: Failed to find ncclCollNetPlugin symbol (>= v5). ncclCollNetPlugin symbols v4 and lower are not supported.
nid001052:1688820:1688937 [2] NCCL INFO NET/OFI Using aws-ofi-nccl 1.6.0
nid001052:1688818:1688935 [1] NCCL INFO NET/Plugin: Failed to find ncclNetPlugin_v8 symbol.
nid001052:1688818:1688935 [1] NCCL INFO NET/Plugin: Loaded net plugin AWS Libfabric (v6)
nid001052:1688818:1688935 [1] NCCL INFO NET/Plugin: Failed to find ncclCollNetPlugin_v8 symbol.
nid001052:1688818:1688935 [1] NCCL INFO NET/Plugin: Failed to find ncclCollNetPlugin symbol (>= v5). ncclCollNetPlugin symbols v4 and lower are not supported.
nid001052:1688818:1688935 [1] NCCL INFO NET/OFI Using aws-ofi-nccl 1.6.0
nid001052:1688817:1688934 [0] NCCL INFO NET/Plugin: Failed to find ncclNetPlugin_v8 symbol.
nid001052:1688817:1688934 [0] NCCL INFO NET/Plugin: Loaded net plugin AWS Libfabric (v6)
nid001052:1688817:1688934 [0] NCCL INFO NET/Plugin: Failed to find ncclCollNetPlugin_v8 symbol.
nid001052:1688817:1688934 [0] NCCL INFO NET/Plugin: Failed to find ncclCollNetPlugin symbol (>= v5). ncclCollNetPlugin symbols v4 and lower are not supported.
nid001052:1688817:1688934 [0] NCCL INFO NET/OFI Using aws-ofi-nccl 1.6.0
nid001052:1688820:1688937 [2] NCCL INFO NET/OFI Selected Provider is cxi (found 8 nics)
nid001052:1688820:1688937 [2] NCCL INFO Using network AWS Libfabric
nid001052:1688822:1688936 [3] NCCL INFO NET/OFI Selected Provider is cxi (found 8 nics)
nid001052:1688822:1688936 [3] NCCL INFO Using network AWS Libfabric
nid001052:1688818:1688935 [1] NCCL INFO NET/OFI Selected Provider is cxi (found 8 nics)
nid001052:1688818:1688935 [1] NCCL INFO Using network AWS Libfabric
nid001052:1688817:1688934 [0] NCCL INFO NET/OFI Selected Provider is cxi (found 8 nics)
nid001052:1688817:1688934 [0] NCCL INFO Using network AWS Libfabric
nid001049:581175:581284 [3] NCCL INFO DMA-BUF is available on GPU device 3
nid001049:581171:581286 [1] NCCL INFO DMA-BUF is available on GPU device 1
nid001049:581173:581285 [2] NCCL INFO DMA-BUF is available on GPU device 2
nid001049:581170:581283 [0] NCCL INFO DMA-BUF is available on GPU device 0
nid001052:1688817:1688934 [0] NCCL INFO DMA-BUF is available on GPU device 0
nid001052:1688822:1688936 [3] NCCL INFO DMA-BUF is available on GPU device 3
nid001052:1688820:1688937 [2] NCCL INFO DMA-BUF is available on GPU device 2
nid001052:1688818:1688935 [1] NCCL INFO DMA-BUF is available on GPU device 1
nid001049:581170:581283 [0] NCCL INFO ncclCommInitRank comm 0x119df40 rank 0 nranks 8 cudaDev 0 nvmlDev 0 busId 3000 commId 0x6e2bf015ebd7255b - Init START
nid001049:581171:581286 [1] NCCL INFO ncclCommInitRank comm 0x119e7f0 rank 1 nranks 8 cudaDev 1 nvmlDev 1 busId 41000 commId 0x6e2bf015ebd7255b - Init START
nid001052:1688817:1688934 [0] NCCL INFO ncclCommInitRank comm 0x119ff00 rank 4 nranks 8 cudaDev 0 nvmlDev 0 busId 3000 commId 0x6e2bf015ebd7255b - Init START
nid001049:581173:581285 [2] NCCL INFO ncclCommInitRank comm 0x119e690 rank 2 nranks 8 cudaDev 2 nvmlDev 2 busId 82000 commId 0x6e2bf015ebd7255b - Init START
nid001049:581175:581284 [3] NCCL INFO ncclCommInitRank comm 0x119e880 rank 3 nranks 8 cudaDev 3 nvmlDev 3 busId c1000 commId 0x6e2bf015ebd7255b - Init START
nid001052:1688820:1688937 [2] NCCL INFO ncclCommInitRank comm 0x119e440 rank 6 nranks 8 cudaDev 2 nvmlDev 2 busId 82000 commId 0x6e2bf015ebd7255b - Init START
nid001052:1688822:1688936 [3] NCCL INFO ncclCommInitRank comm 0x119e3a0 rank 7 nranks 8 cudaDev 3 nvmlDev 3 busId c1000 commId 0x6e2bf015ebd7255b - Init START
nid001052:1688818:1688935 [1] NCCL INFO ncclCommInitRank comm 0x119e3a0 rank 5 nranks 8 cudaDev 1 nvmlDev 1 busId 41000 commId 0x6e2bf015ebd7255b - Init START
nid001052:1688817:1688934 [0] NCCL INFO Setting affinity for GPU 0 to ffff0000,00000000,ffff0000,00000000
nid001052:1688817:1688934 [0] NCCL INFO NVLS multicast support is not available on dev 0
nid001052:1688817:1688934 [0] NCCL INFO NCCL_CROSS_NIC set by environment to 1.
nid001052:1688820:1688937 [2] NCCL INFO Setting affinity for GPU 2 to ffff0000,00000000,ffff0000
nid001052:1688820:1688937 [2] NCCL INFO NVLS multicast support is not available on dev 2
nid001052:1688820:1688937 [2] NCCL INFO NCCL_CROSS_NIC set by environment to 1.
nid001052:1688818:1688935 [1] NCCL INFO Setting affinity for GPU 1 to ffff,00000000,0000ffff,00000000
nid001052:1688818:1688935 [1] NCCL INFO NVLS multicast support is not available on dev 1
nid001052:1688818:1688935 [1] NCCL INFO NCCL_CROSS_NIC set by environment to 1.
nid001052:1688822:1688936 [3] NCCL INFO Setting affinity for GPU 3 to ffff,00000000,0000ffff
nid001052:1688822:1688936 [3] NCCL INFO NVLS multicast support is not available on dev 3
nid001052:1688822:1688936 [3] NCCL INFO NCCL_CROSS_NIC set by environment to 1.
nid001049:581170:581283 [0] NCCL INFO Setting affinity for GPU 0 to ffff0000,00000000,ffff0000,00000000
nid001049:581170:581283 [0] NCCL INFO NVLS multicast support is not available on dev 0
nid001049:581170:581283 [0] NCCL INFO NCCL_CROSS_NIC set by environment to 1.
nid001049:581173:581285 [2] NCCL INFO Setting affinity for GPU 2 to ffff0000,00000000,ffff0000
nid001049:581173:581285 [2] NCCL INFO NVLS multicast support is not available on dev 2
nid001049:581173:581285 [2] NCCL INFO NCCL_CROSS_NIC set by environment to 1.
nid001049:581175:581284 [3] NCCL INFO Setting affinity for GPU 3 to ffff,00000000,0000ffff
nid001049:581175:581284 [3] NCCL INFO NVLS multicast support is not available on dev 3
nid001049:581175:581284 [3] NCCL INFO NCCL_CROSS_NIC set by environment to 1.
nid001049:581171:581286 [1] NCCL INFO Setting affinity for GPU 1 to ffff,00000000,0000ffff,00000000
nid001049:581171:581286 [1] NCCL INFO NVLS multicast support is not available on dev 1
nid001049:581171:581286 [1] NCCL INFO NCCL_CROSS_NIC set by environment to 1.
nid001049:581175:581284 [3] NCCL INFO comm 0x119e880 rank 3 nRanks 8 nNodes 2 localRanks 4 localRank 3 MNNVL 0
nid001049:581175:581284 [3] NCCL INFO Trees [0] 2/-1/-1->3->0 [1] 1/7/-1->3->-1 [2] -1/-1/-1->3->1 [3] 0/-1/-1->3->2 [4] 2/-1/-1->3->0 [5] 1/-1/-1->3->7 [6] -1/-1/-1->3->1 [7] 0/-1/-1->3->2
nid001049:581173:581285 [2] NCCL INFO comm 0x119e690 rank 2 nRanks 8 nNodes 2 localRanks 4 localRank 2 MNNVL 0
nid001049:581175:581284 [3] NCCL INFO P2P Chunksize set to 131072
nid001052:1688817:1688934 [0] NCCL INFO comm 0x119ff00 rank 4 nRanks 8 nNodes 2 localRanks 4 localRank 0 MNNVL 0
nid001049:581170:581283 [0] NCCL INFO comm 0x119df40 rank 0 nRanks 8 nNodes 2 localRanks 4 localRank 0 MNNVL 0
nid001049:581171:581286 [1] NCCL INFO comm 0x119e7f0 rank 1 nRanks 8 nNodes 2 localRanks 4 localRank 1 MNNVL 0
nid001049:581171:581286 [1] NCCL INFO Trees [0] -1/-1/-1->1->2 [1] 0/-1/-1->1->3 [2] 3/-1/-1->1->0 [3] 2/5/-1->1->-1 [4] -1/-1/-1->1->2 [5] 0/-1/-1->1->3 [6] 3/-1/-1->1->0 [7] 2/-1/-1->1->5
nid001049:581171:581286 [1] NCCL INFO P2P Chunksize set to 131072
nid001052:1688818:1688935 [1] NCCL INFO comm 0x119e3a0 rank 5 nRanks 8 nNodes 2 localRanks 4 localRank 1 MNNVL 0
nid001049:581173:581285 [2] NCCL INFO Trees [0] 1/-1/-1->2->3 [1] -1/-1/-1->2->0 [2] 0/6/-1->2->-1 [3] 3/-1/-1->2->1 [4] 1/-1/-1->2->3 [5] -1/-1/-1->2->0 [6] 0/-1/-1->2->6 [7] 3/-1/-1->2->1
nid001049:581173:581285 [2] NCCL INFO P2P Chunksize set to 131072
nid001052:1688820:1688937 [2] NCCL INFO comm 0x119e440 rank 6 nRanks 8 nNodes 2 localRanks 4 localRank 2 MNNVL 0
nid001052:1688820:1688937 [2] NCCL INFO Trees [0] 5/-1/-1->6->7 [1] -1/-1/-1->6->4 [2] 4/-1/-1->6->2 [3] 7/-1/-1->6->5 [4] 5/-1/-1->6->7 [5] -1/-1/-1->6->4 [6] 4/2/-1->6->-1 [7] 7/-1/-1->6->5
nid001049:581170:581283 [0] NCCL INFO Channel 00/08 :    0   3   2   1   5   6   7   4
nid001049:581170:581283 [0] NCCL INFO Channel 01/08 :    0   4   7   6   5   1   2   3
nid001049:581170:581283 [0] NCCL INFO Channel 02/08 :    0   1   3   7   4   5   6   2
nid001049:581170:581283 [0] NCCL INFO Channel 03/08 :    0   1   2   6   4   5   7   3
nid001049:581170:581283 [0] NCCL INFO Channel 04/08 :    0   3   2   1   5   6   7   4
nid001049:581170:581283 [0] NCCL INFO Channel 05/08 :    0   4   7   6   5   1   2   3
nid001049:581170:581283 [0] NCCL INFO Channel 06/08 :    0   1   3   7   4   5   6   2
nid001052:1688822:1688936 [3] NCCL INFO comm 0x119e3a0 rank 7 nRanks 8 nNodes 2 localRanks 4 localRank 3 MNNVL 0
nid001052:1688822:1688936 [3] NCCL INFO Trees [0] 6/-1/-1->7->4 [1] 5/-1/-1->7->3 [2] -1/-1/-1->7->5 [3] 4/-1/-1->7->6 [4] 6/-1/-1->7->4 [5] 5/3/-1->7->-1 [6] -1/-1/-1->7->5 [7] 4/-1/-1->7->6
nid001052:1688822:1688936 [3] NCCL INFO P2P Chunksize set to 131072
nid001049:581170:581283 [0] NCCL INFO Channel 07/08 :    0   1   2   6   4   5   7   3
nid001049:581170:581283 [0] NCCL INFO Trees [0] 3/4/-1->0->-1 [1] 2/-1/-1->0->1 [2] 1/-1/-1->0->2 [3] -1/-1/-1->0->3 [4] 3/-1/-1->0->4 [5] 2/-1/-1->0->1 [6] 1/-1/-1->0->2 [7] -1/-1/-1->0->3
nid001052:1688817:1688934 [0] NCCL INFO Trees [0] 7/-1/-1->4->0 [1] 6/-1/-1->4->5 [2] 5/-1/-1->4->6 [3] -1/-1/-1->4->7 [4] 7/0/-1->4->-1 [5] 6/-1/-1->4->5 [6] 5/-1/-1->4->6 [7] -1/-1/-1->4->7
nid001052:1688817:1688934 [0] NCCL INFO P2P Chunksize set to 131072
nid001049:581170:581283 [0] NCCL INFO P2P Chunksize set to 131072
nid001052:1688820:1688937 [2] NCCL INFO P2P Chunksize set to 131072
nid001052:1688818:1688935 [1] NCCL INFO Trees [0] -1/-1/-1->5->6 [1] 4/-1/-1->5->7 [2] 7/-1/-1->5->4 [3] 6/-1/-1->5->1 [4] -1/-1/-1->5->6 [5] 4/-1/-1->5->7 [6] 7/-1/-1->5->4 [7] 6/1/-1->5->-1
nid001052:1688818:1688935 [1] NCCL INFO P2P Chunksize set to 131072
nid001052:1688817:1688934 [0] NCCL INFO threadThresholds 8/8/64 | 64/8/64 | 512 | 512
nid001052:1688817:1688934 [0] NCCL INFO 8 coll channels, 8 collnet channels, 0 nvls channels, 8 p2p channels, 2 p2p channels per peer
nid001052:1688822:1688936 [3] NCCL INFO threadThresholds 8/8/64 | 64/8/64 | 512 | 512
nid001052:1688822:1688936 [3] NCCL INFO 8 coll channels, 8 collnet channels, 0 nvls channels, 8 p2p channels, 2 p2p channels per peer
nid001052:1688820:1688937 [2] NCCL INFO threadThresholds 8/8/64 | 64/8/64 | 512 | 512
nid001052:1688820:1688937 [2] NCCL INFO 8 coll channels, 8 collnet channels, 0 nvls channels, 8 p2p channels, 2 p2p channels per peer
nid001052:1688818:1688935 [1] NCCL INFO threadThresholds 8/8/64 | 64/8/64 | 512 | 512
nid001052:1688818:1688935 [1] NCCL INFO 8 coll channels, 8 collnet channels, 0 nvls channels, 8 p2p channels, 2 p2p channels per peer
nid001052:1688817:1688934 [0] NCCL INFO TUNER/Plugin: Failed to find ncclTunerPlugin_v3 symbol.
nid001052:1688817:1688934 [0] NCCL INFO TUNER/Plugin: Failed to find ncclTunerPlugin_v2 symbol, using internal tuner instead.
nid001052:1688818:1688935 [1] NCCL INFO TUNER/Plugin: Failed to find ncclTunerPlugin_v3 symbol.
nid001052:1688818:1688935 [1] NCCL INFO TUNER/Plugin: Failed to find ncclTunerPlugin_v2 symbol, using internal tuner instead.
nid001052:1688818:1688935 [1] NCCL INFO ncclCommInitRank comm 0x119e3a0 rank 5 nranks 8 cudaDev 1 nvmlDev 1 busId 41000 commId 0x6e2bf015ebd7255b - Init COMPLETE
nid001052:1688818:1688935 [1] NCCL INFO Init timings: rank 5 nranks 8 total 0.54 (kernels 0.13, bootstrap 0.25, allgathers 0.01, topo 0.13, graphs 0.01, connections 0.01, rest 0.00)
nid001052:1688820:1688937 [2] NCCL INFO TUNER/Plugin: Failed to find ncclTunerPlugin_v3 symbol.
nid001052:1688820:1688937 [2] NCCL INFO TUNER/Plugin: Failed to find ncclTunerPlugin_v2 symbol, using internal tuner instead.
nid001052:1688820:1688937 [2] NCCL INFO ncclCommInitRank comm 0x119e440 rank 6 nranks 8 cudaDev 2 nvmlDev 2 busId 82000 commId 0x6e2bf015ebd7255b - Init COMPLETE
nid001052:1688820:1688937 [2] NCCL INFO Init timings: rank 6 nranks 8 total 0.54 (kernels 0.13, bootstrap 0.25, allgathers 0.01, topo 0.12, graphs 0.01, connections 0.01, rest 0.00)
nid001052:1688822:1688936 [3] NCCL INFO TUNER/Plugin: Failed to find ncclTunerPlugin_v3 symbol.
nid001052:1688822:1688936 [3] NCCL INFO TUNER/Plugin: Failed to find ncclTunerPlugin_v2 symbol, using internal tuner instead.
nid001052:1688822:1688936 [3] NCCL INFO ncclCommInitRank comm 0x119e3a0 rank 7 nranks 8 cudaDev 3 nvmlDev 3 busId c1000 commId 0x6e2bf015ebd7255b - Init COMPLETE
nid001052:1688822:1688936 [3] NCCL INFO Init timings: rank 7 nranks 8 total 0.54 (kernels 0.13, bootstrap 0.25, allgathers 0.01, topo 0.13, graphs 0.01, connections 0.01, rest 0.00)
nid001052:1688817:1688934 [0] NCCL INFO ncclCommInitRank comm 0x119ff00 rank 4 nranks 8 cudaDev 0 nvmlDev 0 busId 3000 commId 0x6e2bf015ebd7255b - Init COMPLETE
nid001052:1688817:1688934 [0] NCCL INFO Init timings: rank 4 nranks 8 total 0.54 (kernels 0.14, bootstrap 0.25, allgathers 0.01, topo 0.12, graphs 0.01, connections 0.01, rest 0.00)
nid001049:581171:581286 [1] NCCL INFO threadThresholds 8/8/64 | 64/8/64 | 512 | 512
nid001049:581171:581286 [1] NCCL INFO 8 coll channels, 8 collnet channels, 0 nvls channels, 8 p2p channels, 2 p2p channels per peer
nid001049:581173:581285 [2] NCCL INFO threadThresholds 8/8/64 | 64/8/64 | 512 | 512
nid001049:581173:581285 [2] NCCL INFO 8 coll channels, 8 collnet channels, 0 nvls channels, 8 p2p channels, 2 p2p channels per peer
nid001049:581170:581283 [0] NCCL INFO threadThresholds 8/8/64 | 64/8/64 | 512 | 512
nid001049:581170:581283 [0] NCCL INFO 8 coll channels, 8 collnet channels, 0 nvls channels, 8 p2p channels, 2 p2p channels per peer
nid001049:581175:581284 [3] NCCL INFO threadThresholds 8/8/64 | 64/8/64 | 512 | 512
nid001049:581175:581284 [3] NCCL INFO 8 coll channels, 8 collnet channels, 0 nvls channels, 8 p2p channels, 2 p2p channels per peer
nid001049:581170:581283 [0] NCCL INFO CC Off, Multi-GPU CC Off, workFifoBytes 1048576
nid001049:581170:581283 [0] NCCL INFO TUNER/Plugin: Failed to find ncclTunerPlugin_v3 symbol.
nid001049:581170:581283 [0] NCCL INFO TUNER/Plugin: Failed to find ncclTunerPlugin_v2 symbol, using internal tuner instead.
nid001049:581170:581283 [0] NCCL INFO ncclCommInitRank comm 0x119df40 rank 0 nranks 8 cudaDev 0 nvmlDev 0 busId 3000 commId 0x6e2bf015ebd7255b - Init COMPLETE
nid001049:581170:581283 [0] NCCL INFO Init timings: rank 0 nranks 8 total 0.61 (kernels 0.16, bootstrap 0.28, allgathers 0.00, topo 0.13, graphs 0.01, connections 0.03, rest 0.00)
nid001049:581171:581286 [1] NCCL INFO TUNER/Plugin: Failed to find ncclTunerPlugin_v3 symbol.
nid001049:581171:581286 [1] NCCL INFO TUNER/Plugin: Failed to find ncclTunerPlugin_v2 symbol, using internal tuner instead.
nid001049:581171:581286 [1] NCCL INFO ncclCommInitRank comm 0x119e7f0 rank 1 nranks 8 cudaDev 1 nvmlDev 1 busId 41000 commId 0x6e2bf015ebd7255b - Init COMPLETE
nid001049:581171:581286 [1] NCCL INFO Init timings: rank 1 nranks 8 total 0.57 (kernels 0.09, bootstrap 0.30, allgathers 0.00, topo 0.13, graphs 0.01, connections 0.03, rest 0.00)
nid001049:581173:581285 [2] NCCL INFO TUNER/Plugin: Failed to find ncclTunerPlugin_v3 symbol.
nid001049:581173:581285 [2] NCCL INFO TUNER/Plugin: Failed to find ncclTunerPlugin_v2 symbol, using internal tuner instead.
nid001049:581173:581285 [2] NCCL INFO ncclCommInitRank comm 0x119e690 rank 2 nranks 8 cudaDev 2 nvmlDev 2 busId 82000 commId 0x6e2bf015ebd7255b - Init COMPLETE
nid001049:581173:581285 [2] NCCL INFO Init timings: rank 2 nranks 8 total 0.57 (kernels 0.09, bootstrap 0.30, allgathers 0.00, topo 0.13, graphs 0.01, connections 0.03, rest 0.00)
nid001049:581175:581284 [3] NCCL INFO TUNER/Plugin: Failed to find ncclTunerPlugin_v3 symbol.
nid001049:581175:581284 [3] NCCL INFO TUNER/Plugin: Failed to find ncclTunerPlugin_v2 symbol, using internal tuner instead.
nid001049:581175:581284 [3] NCCL INFO ncclCommInitRank comm 0x119e880 rank 3 nranks 8 cudaDev 3 nvmlDev 3 busId c1000 commId 0x6e2bf015ebd7255b - Init COMPLETE
nid001049:581175:581284 [3] NCCL INFO Init timings: rank 3 nranks 8 total 0.59 (kernels 0.09, bootstrap 0.32, allgathers 0.00, topo 0.13, graphs 0.01, connections 0.03, rest 0.00)
#
#                                                              out-of-place                       in-place          
#       size         count      type   redop    root     time   algbw   busbw #wrong     time   algbw   busbw #wrong
#        (B)    (elements)                               (us)  (GB/s)  (GB/s)            (us)  (GB/s)  (GB/s)       
nid001049:581170:581305 [0] NCCL INFO Channel 02/0 : 0[0] -> 1[1] via P2P/CUMEM/read
nid001049:581170:581305 [0] NCCL INFO Channel 03/0 : 0[0] -> 1[1] via P2P/CUMEM/read
nid001049:581170:581305 [0] NCCL INFO Channel 06/0 : 0[0] -> 1[1] via P2P/CUMEM/read
nid001049:581170:581305 [0] NCCL INFO Channel 07/0 : 0[0] -> 1[1] via P2P/CUMEM/read
nid001049:581171:581304 [1] NCCL INFO Channel 01/0 : 1[1] -> 2[2] via P2P/CUMEM/read
nid001049:581173:581306 [2] NCCL INFO Channel 01/0 : 2[2] -> 3[3] via P2P/CUMEM/read
nid001049:581171:581304 [1] NCCL INFO Channel 03/0 : 1[1] -> 2[2] via P2P/CUMEM/read
nid001049:581173:581306 [2] NCCL INFO Channel 05/0 : 2[2] -> 3[3] via P2P/CUMEM/read
nid001049:581171:581304 [1] NCCL INFO Channel 05/0 : 1[1] -> 2[2] via P2P/CUMEM/read
nid001049:581171:581304 [1] NCCL INFO Channel 07/0 : 1[1] -> 2[2] via P2P/CUMEM/read
nid001049:581170:581305 [0] NCCL INFO Channel 00/0 : 0[0] -> 3[3] via P2P/CUMEM/read
nid001049:581173:581306 [2] NCCL INFO NCCL_NET_GDR_LEVEL set by environment to PHB
nid001049:581171:581304 [1] NCCL INFO Channel 02/0 : 1[1] -> 3[3] via P2P/CUMEM/read
nid001049:581170:581305 [0] NCCL INFO Channel 04/0 : 0[0] -> 3[3] via P2P/CUMEM/read
nid001049:581171:581304 [1] NCCL INFO Channel 06/0 : 1[1] -> 3[3] via P2P/CUMEM/read
nid001049:581171:581304 [1] NCCL INFO NCCL_NET_GDR_LEVEL set by environment to PHB
nid001049:581170:581305 [0] NCCL INFO NCCL_NET_GDR_LEVEL set by environment to PHB
nid001049:581175:581303 [3] NCCL INFO NCCL_NET_GDR_LEVEL set by environment to PHB
nid001052:1688817:1688957 [0] NCCL INFO Channel 02/0 : 4[0] -> 5[1] via P2P/CUMEM/read
nid001052:1688817:1688957 [0] NCCL INFO Channel 03/0 : 4[0] -> 5[1] via P2P/CUMEM/read
nid001052:1688817:1688957 [0] NCCL INFO Channel 06/0 : 4[0] -> 5[1] via P2P/CUMEM/read
nid001052:1688817:1688957 [0] NCCL INFO Channel 07/0 : 4[0] -> 5[1] via P2P/CUMEM/read
nid001052:1688820:1688955 [2] NCCL INFO Channel 00/0 : 6[2] -> 7[3] via P2P/CUMEM/read
nid001052:1688820:1688955 [2] NCCL INFO Channel 04/0 : 6[2] -> 7[3] via P2P/CUMEM/read
nid001052:1688818:1688958 [1] NCCL INFO Channel 00/0 : 5[1] -> 6[2] via P2P/CUMEM/read
nid001052:1688818:1688958 [1] NCCL INFO Channel 02/0 : 5[1] -> 6[2] via P2P/CUMEM/read
nid001052:1688818:1688958 [1] NCCL INFO Channel 04/0 : 5[1] -> 6[2] via P2P/CUMEM/read
nid001052:1688818:1688958 [1] NCCL INFO Channel 06/0 : 5[1] -> 6[2] via P2P/CUMEM/read
nid001052:1688817:1688957 [0] NCCL INFO Channel 01/0 : 4[0] -> 7[3] via P2P/CUMEM/read
nid001052:1688820:1688955 [2] NCCL INFO NCCL_NET_GDR_LEVEL set by environment to PHB
nid001052:1688818:1688958 [1] NCCL INFO Channel 03/0 : 5[1] -> 7[3] via P2P/CUMEM/read
nid001052:1688817:1688957 [0] NCCL INFO Channel 05/0 : 4[0] -> 7[3] via P2P/CUMEM/read
nid001052:1688818:1688958 [1] NCCL INFO Channel 07/0 : 5[1] -> 7[3] via P2P/CUMEM/read
nid001052:1688818:1688958 [1] NCCL INFO NCCL_NET_GDR_LEVEL set by environment to PHB
nid001052:1688817:1688957 [0] NCCL INFO NCCL_NET_GDR_LEVEL set by environment to PHB
nid001052:1688822:1688956 [3] NCCL INFO NCCL_NET_GDR_LEVEL set by environment to PHB
nid001049:581171:581304 [1] NCCL INFO Channel 01/0 : 5[1] -> 1[1] [receive] via NET/AWS Libfabric/5/GDRDMA
nid001049:581170:581305 [0] NCCL INFO Channel 00/0 : 4[0] -> 0[0] [receive] via NET/AWS Libfabric/7/GDRDMA
nid001049:581171:581304 [1] NCCL INFO Channel 05/0 : 5[1] -> 1[1] [receive] via NET/AWS Libfabric/5/GDRDMA
nid001049:581170:581305 [0] NCCL INFO Channel 04/0 : 4[0] -> 0[0] [receive] via NET/AWS Libfabric/7/GDRDMA
nid001049:581171:581304 [1] NCCL INFO Channel 00/0 : 1[1] -> 5[1] [send] via NET/AWS Libfabric/5/GDRDMA
nid001049:581170:581305 [0] NCCL INFO Channel 01/0 : 0[0] -> 4[0] [send] via NET/AWS Libfabric/7/GDRDMA
nid001049:581171:581304 [1] NCCL INFO Channel 04/0 : 1[1] -> 5[1] [send] via NET/AWS Libfabric/5/GDRDMA
nid001049:581170:581305 [0] NCCL INFO Channel 05/0 : 0[0] -> 4[0] [send] via NET/AWS Libfabric/7/GDRDMA
nid001049:581175:581303 [3] NCCL INFO Channel 03/0 : 7[3] -> 3[3] [receive] via NET/AWS Libfabric/1/GDRDMA
nid001049:581175:581303 [3] NCCL INFO Channel 07/0 : 7[3] -> 3[3] [receive] via NET/AWS Libfabric/1/GDRDMA
nid001049:581173:581306 [2] NCCL INFO Channel 02/0 : 6[2] -> 2[2] [receive] via NET/AWS Libfabric/3/GDRDMA
nid001049:581175:581303 [3] NCCL INFO Channel 02/0 : 3[3] -> 7[3] [send] via NET/AWS Libfabric/1/GDRDMA
nid001049:581173:581306 [2] NCCL INFO Channel 06/0 : 6[2] -> 2[2] [receive] via NET/AWS Libfabric/3/GDRDMA
nid001049:581175:581303 [3] NCCL INFO Channel 06/0 : 3[3] -> 7[3] [send] via NET/AWS Libfabric/1/GDRDMA
nid001049:581173:581306 [2] NCCL INFO Channel 03/0 : 2[2] -> 6[2] [send] via NET/AWS Libfabric/3/GDRDMA
nid001049:581173:581306 [2] NCCL INFO Channel 07/0 : 2[2] -> 6[2] [send] via NET/AWS Libfabric/3/GDRDMA
nid001052:1688820:1688955 [2] NCCL INFO Channel 03/0 : 2[2] -> 6[2] [receive] via NET/AWS Libfabric/3/GDRDMA
nid001052:1688820:1688955 [2] NCCL INFO Channel 07/0 : 2[2] -> 6[2] [receive] via NET/AWS Libfabric/3/GDRDMA
nid001052:1688820:1688955 [2] NCCL INFO Channel 02/0 : 6[2] -> 2[2] [send] via NET/AWS Libfabric/3/GDRDMA
nid001052:1688820:1688955 [2] NCCL INFO Channel 06/0 : 6[2] -> 2[2] [send] via NET/AWS Libfabric/3/GDRDMA
nid001052:1688820:1688955 [2] NCCL INFO Channel 03/0 : 6[2] -> 4[0] via P2P/CUMEM/read
nid001049:581173:581306 [2] NCCL INFO Channel 02/0 : 2[2] -> 0[0] via P2P/CUMEM/read
nid001052:1688820:1688955 [2] NCCL INFO Channel 07/0 : 6[2] -> 4[0] via P2P/CUMEM/read
nid001049:581173:581306 [2] NCCL INFO Channel 06/0 : 2[2] -> 0[0] via P2P/CUMEM/read
nid001052:1688818:1688958 [1] NCCL INFO Channel 00/0 : 1[1] -> 5[1] [receive] via NET/AWS Libfabric/5/GDRDMA
nid001052:1688818:1688958 [1] NCCL INFO Channel 04/0 : 1[1] -> 5[1] [receive] via NET/AWS Libfabric/5/GDRDMA
nid001052:1688818:1688958 [1] NCCL INFO Channel 01/0 : 5[1] -> 1[1] [send] via NET/AWS Libfabric/5/GDRDMA
nid001052:1688818:1688958 [1] NCCL INFO Channel 05/0 : 5[1] -> 1[1] [send] via NET/AWS Libfabric/5/GDRDMA
nid001052:1688817:1688957 [0] NCCL INFO Channel 01/0 : 0[0] -> 4[0] [receive] via NET/AWS Libfabric/7/GDRDMA
nid001052:1688817:1688957 [0] NCCL INFO Channel 05/0 : 0[0] -> 4[0] [receive] via NET/AWS Libfabric/7/GDRDMA
nid001052:1688817:1688957 [0] NCCL INFO Channel 00/0 : 4[0] -> 0[0] [send] via NET/AWS Libfabric/7/GDRDMA
nid001052:1688817:1688957 [0] NCCL INFO Channel 04/0 : 4[0] -> 0[0] [send] via NET/AWS Libfabric/7/GDRDMA
nid001052:1688822:1688956 [3] NCCL INFO Channel 02/0 : 3[3] -> 7[3] [receive] via NET/AWS Libfabric/1/GDRDMA
nid001052:1688822:1688956 [3] NCCL INFO Channel 06/0 : 3[3] -> 7[3] [receive] via NET/AWS Libfabric/1/GDRDMA
nid001052:1688822:1688956 [3] NCCL INFO Channel 03/0 : 7[3] -> 3[3] [send] via NET/AWS Libfabric/1/GDRDMA
nid001052:1688822:1688956 [3] NCCL INFO Channel 07/0 : 7[3] -> 3[3] [send] via NET/AWS Libfabric/1/GDRDMA
nid001052:1688822:1688956 [3] NCCL INFO Channel 00/0 : 7[3] -> 4[0] via P2P/CUMEM/read
nid001049:581175:581303 [3] NCCL INFO Channel 01/0 : 3[3] -> 0[0] via P2P/CUMEM/read
nid001052:1688822:1688956 [3] NCCL INFO Channel 02/0 : 7[3] -> 4[0] via P2P/CUMEM/read
nid001049:581175:581303 [3] NCCL INFO Channel 03/0 : 3[3] -> 0[0] via P2P/CUMEM/read
nid001052:1688822:1688956 [3] NCCL INFO Channel 04/0 : 7[3] -> 4[0] via P2P/CUMEM/read
nid001049:581175:581303 [3] NCCL INFO Channel 05/0 : 3[3] -> 0[0] via P2P/CUMEM/read
nid001052:1688822:1688956 [3] NCCL INFO Channel 06/0 : 7[3] -> 4[0] via P2P/CUMEM/read
nid001049:581175:581303 [3] NCCL INFO Channel 07/0 : 3[3] -> 0[0] via P2P/CUMEM/read
nid001052:1688822:1688956 [3] NCCL INFO Channel 01/0 : 7[3] -> 6[2] via P2P/CUMEM/read
nid001049:581175:581303 [3] NCCL INFO Channel 00/0 : 3[3] -> 2[2] via P2P/CUMEM/read
nid001052:1688822:1688956 [3] NCCL INFO Channel 05/0 : 7[3] -> 6[2] via P2P/CUMEM/read
nid001049:581175:581303 [3] NCCL INFO Channel 04/0 : 3[3] -> 2[2] via P2P/CUMEM/read
nid001052:1688820:1688955 [2] NCCL INFO Channel 01/0 : 6[2] -> 5[1] via P2P/CUMEM/read
nid001049:581173:581306 [2] NCCL INFO Channel 00/0 : 2[2] -> 1[1] via P2P/CUMEM/read
nid001052:1688820:1688955 [2] NCCL INFO Channel 05/0 : 6[2] -> 5[1] via P2P/CUMEM/read
nid001049:581173:581306 [2] NCCL INFO Channel 04/0 : 2[2] -> 1[1] via P2P/CUMEM/read
nid001052:1688817:1688957 [0] NCCL INFO Connected all rings
nid001049:581170:581305 [0] NCCL INFO Connected all rings
nid001052:1688818:1688958 [1] NCCL INFO Connected all rings
nid001049:581171:581304 [1] NCCL INFO Connected all rings
nid001049:581175:581303 [3] NCCL INFO Connected all rings
nid001049:581173:581306 [2] NCCL INFO Connected all rings
nid001052:1688822:1688956 [3] NCCL INFO Connected all rings
nid001052:1688820:1688955 [2] NCCL INFO Connected all rings
nid001052:1688817:1688963 [0] NCCL INFO Channel 01/0 : 4[0] -> 5[1] via P2P/CUMEM/read
nid001049:581170:581313 [0] NCCL INFO Channel 01/0 : 0[0] -> 1[1] via P2P/CUMEM/read
nid001052:1688817:1688963 [0] NCCL INFO Channel 05/0 : 4[0] -> 5[1] via P2P/CUMEM/read
nid001049:581173:581311 [2] NCCL INFO Channel 00/0 : 2[2] -> 3[3] via P2P/CUMEM/read
nid001049:581170:581313 [0] NCCL INFO Channel 05/0 : 0[0] -> 1[1] via P2P/CUMEM/read
nid001052:1688820:1688964 [2] NCCL INFO Channel 03/0 : 6[2] -> 7[3] via P2P/CUMEM/read
nid001049:581173:581311 [2] NCCL INFO Channel 03/0 : 2[2] -> 3[3] via P2P/CUMEM/read
nid001052:1688818:1688965 [1] NCCL INFO Channel 03/0 : 5[1] -> 6[2] via P2P/CUMEM/read
nid001049:581171:581312 [1] NCCL INFO Channel 00/0 : 1[1] -> 2[2] via P2P/CUMEM/read
nid001052:1688820:1688964 [2] NCCL INFO Channel 07/0 : 6[2] -> 7[3] via P2P/CUMEM/read
nid001052:1688818:1688965 [1] NCCL INFO Channel 07/0 : 5[1] -> 6[2] via P2P/CUMEM/read
nid001049:581173:581311 [2] NCCL INFO Channel 04/0 : 2[2] -> 3[3] via P2P/CUMEM/read
nid001049:581171:581312 [1] NCCL INFO Channel 04/0 : 1[1] -> 2[2] via P2P/CUMEM/read
nid001049:581173:581311 [2] NCCL INFO Channel 07/0 : 2[2] -> 3[3] via P2P/CUMEM/read
nid001052:1688817:1688963 [0] NCCL INFO Channel 01/0 : 4[0] -> 6[2] via P2P/CUMEM/read
nid001052:1688818:1688965 [1] NCCL INFO Channel 01/0 : 5[1] -> 7[3] via P2P/CUMEM/read
nid001049:581170:581313 [0] NCCL INFO Channel 01/0 : 0[0] -> 2[2] via P2P/CUMEM/read
nid001052:1688817:1688963 [0] NCCL INFO Channel 02/0 : 4[0] -> 6[2] via P2P/CUMEM/read
nid001052:1688818:1688965 [1] NCCL INFO Channel 02/0 : 5[1] -> 7[3] via P2P/CUMEM/read
nid001049:581171:581312 [1] NCCL INFO Channel 01/0 : 1[1] -> 3[3] via P2P/CUMEM/read
nid001049:581170:581313 [0] NCCL INFO Channel 02/0 : 0[0] -> 2[2] via P2P/CUMEM/read
nid001052:1688817:1688963 [0] NCCL INFO Channel 05/0 : 4[0] -> 6[2] via P2P/CUMEM/read
nid001052:1688818:1688965 [1] NCCL INFO Channel 05/0 : 5[1] -> 7[3] via P2P/CUMEM/read
nid001049:581171:581312 [1] NCCL INFO Channel 05/0 : 1[1] -> 3[3] via P2P/CUMEM/read
nid001049:581170:581313 [0] NCCL INFO Channel 05/0 : 0[0] -> 2[2] via P2P/CUMEM/read
nid001052:1688817:1688963 [0] NCCL INFO Channel 06/0 : 4[0] -> 6[2] via P2P/CUMEM/read
nid001052:1688818:1688965 [1] NCCL INFO Channel 06/0 : 5[1] -> 7[3] via P2P/CUMEM/read
nid001049:581170:581313 [0] NCCL INFO Channel 06/0 : 0[0] -> 2[2] via P2P/CUMEM/read
nid001052:1688817:1688963 [0] NCCL INFO Channel 00/0 : 4[0] -> 7[3] via P2P/CUMEM/read
nid001049:581171:581312 [1] NCCL INFO Channel 03/0 : 5[1] -> 1[1] [receive] via NET/AWS Libfabric/5/GDRDMA
nid001049:581171:581312 [1] NCCL INFO Channel 07/0 : 5[1] -> 1[1] [receive] via NET/AWS Libfabric/5/GDRDMA
nid001052:1688818:1688965 [1] NCCL INFO Channel 03/0 : 1[1] -> 5[1] [receive] via NET/AWS Libfabric/5/GDRDMA
nid001052:1688820:1688964 [2] NCCL INFO Channel 02/0 : 2[2] -> 6[2] [receive] via NET/AWS Libfabric/3/GDRDMA
nid001052:1688817:1688963 [0] NCCL INFO Channel 03/0 : 4[0] -> 7[3] via P2P/CUMEM/read
nid001049:581171:581312 [1] NCCL INFO Channel 03/0 : 1[1] -> 5[1] [send] via NET/AWS Libfabric/5/GDRDMA
nid001052:1688820:1688964 [2] NCCL INFO Channel 06/0 : 2[2] -> 6[2] [receive] via NET/AWS Libfabric/3/GDRDMA
nid001052:1688818:1688965 [1] NCCL INFO Channel 07/0 : 1[1] -> 5[1] [receive] via NET/AWS Libfabric/5/GDRDMA
nid001049:581170:581313 [0] NCCL INFO Channel 03/0 : 0[0] -> 3[3] via P2P/CUMEM/read
nid001049:581171:581312 [1] NCCL INFO Channel 07/0 : 1[1] -> 5[1] [send] via NET/AWS Libfabric/5/GDRDMA
nid001052:1688818:1688965 [1] NCCL INFO Channel 03/0 : 5[1] -> 1[1] [send] via NET/AWS Libfabric/5/GDRDMA
nid001052:1688817:1688963 [0] NCCL INFO Channel 04/0 : 4[0] -> 7[3] via P2P/CUMEM/read
nid001049:581173:581311 [2] NCCL INFO Channel 02/0 : 2[2] -> 6[2] [send] via NET/AWS Libfabric/3/GDRDMA
nid001052:1688818:1688965 [1] NCCL INFO Channel 07/0 : 5[1] -> 1[1] [send] via NET/AWS Libfabric/5/GDRDMA
nid001049:581170:581313 [0] NCCL INFO Channel 07/0 : 0[0] -> 3[3] via P2P/CUMEM/read
nid001049:581173:581311 [2] NCCL INFO Channel 06/0 : 2[2] -> 6[2] [send] via NET/AWS Libfabric/3/GDRDMA
nid001052:1688817:1688963 [0] NCCL INFO Channel 07/0 : 4[0] -> 7[3] via P2P/CUMEM/read
nid001049:581173:581311 [2] NCCL INFO Channel 01/0 : 2[2] -> 0[0] via P2P/CUMEM/read
nid001052:1688820:1688964 [2] NCCL INFO Channel 01/0 : 6[2] -> 4[0] via P2P/CUMEM/read
nid001052:1688820:1688964 [2] NCCL INFO Channel 02/0 : 6[2] -> 4[0] via P2P/CUMEM/read
nid001049:581170:581313 [0] NCCL INFO Channel 00/0 : 0[0] -> 4[0] [send] via NET/AWS Libfabric/7/GDRDMA
nid001049:581175:581314 [3] NCCL INFO Channel 01/0 : 7[3] -> 3[3] [receive] via NET/AWS Libfabric/1/GDRDMA
nid001049:581173:581311 [2] NCCL INFO Channel 05/0 : 2[2] -> 0[0] via P2P/CUMEM/read
nid001049:581170:581313 [0] NCCL INFO Channel 04/0 : 0[0] -> 4[0] [send] via NET/AWS Libfabric/7/GDRDMA
nid001052:1688822:1688966 [3] NCCL INFO Channel 01/0 : 3[3] -> 7[3] [receive] via NET/AWS Libfabric/1/GDRDMA
nid001049:581175:581314 [3] NCCL INFO Channel 05/0 : 7[3] -> 3[3] [receive] via NET/AWS Libfabric/1/GDRDMA
nid001052:1688817:1688963 [0] NCCL INFO Channel 00/0 : 0[0] -> 4[0] [receive] via NET/AWS Libfabric/7/GDRDMA
nid001052:1688820:1688964 [2] NCCL INFO Channel 05/0 : 6[2] -> 4[0] via P2P/CUMEM/read
nid001049:581175:581314 [3] NCCL INFO Channel 01/0 : 3[3] -> 7[3] [send] via NET/AWS Libfabric/1/GDRDMA
nid001052:1688817:1688963 [0] NCCL INFO Channel 04/0 : 0[0] -> 4[0] [receive] via NET/AWS Libfabric/7/GDRDMA
nid001052:1688822:1688966 [3] NCCL INFO Channel 05/0 : 3[3] -> 7[3] [receive] via NET/AWS Libfabric/1/GDRDMA
nid001049:581175:581314 [3] NCCL INFO Channel 05/0 : 3[3] -> 7[3] [send] via NET/AWS Libfabric/1/GDRDMA
nid001052:1688822:1688966 [3] NCCL INFO Channel 01/0 : 7[3] -> 3[3] [send] via NET/AWS Libfabric/1/GDRDMA
nid001052:1688820:1688964 [2] NCCL INFO Channel 06/0 : 6[2] -> 4[0] via P2P/CUMEM/read
nid001052:1688822:1688966 [3] NCCL INFO Channel 05/0 : 7[3] -> 3[3] [send] via NET/AWS Libfabric/1/GDRDMA
nid001049:581175:581314 [3] NCCL INFO Channel 00/0 : 3[3] -> 0[0] via P2P/CUMEM/read
nid001052:1688822:1688966 [3] NCCL INFO Channel 03/0 : 7[3] -> 4[0] via P2P/CUMEM/read
nid001049:581175:581314 [3] NCCL INFO Channel 04/0 : 3[3] -> 0[0] via P2P/CUMEM/read
nid001052:1688822:1688966 [3] NCCL INFO Channel 07/0 : 7[3] -> 4[0] via P2P/CUMEM/read
nid001049:581175:581314 [3] NCCL INFO Channel 01/0 : 3[3] -> 1[1] via P2P/CUMEM/read
nid001052:1688822:1688966 [3] NCCL INFO Channel 01/0 : 7[3] -> 5[1] via P2P/CUMEM/read
nid001049:581175:581314 [3] NCCL INFO Channel 02/0 : 3[3] -> 1[1] via P2P/CUMEM/read
nid001052:1688822:1688966 [3] NCCL INFO Channel 02/0 : 7[3] -> 5[1] via P2P/CUMEM/read
nid001049:581175:581314 [3] NCCL INFO Channel 05/0 : 3[3] -> 1[1] via P2P/CUMEM/read
nid001052:1688822:1688966 [3] NCCL INFO Channel 05/0 : 7[3] -> 5[1] via P2P/CUMEM/read
nid001049:581175:581314 [3] NCCL INFO Channel 06/0 : 3[3] -> 1[1] via P2P/CUMEM/read
nid001052:1688822:1688966 [3] NCCL INFO Channel 06/0 : 7[3] -> 5[1] via P2P/CUMEM/read
nid001049:581173:581311 [2] NCCL INFO Channel 03/0 : 2[2] -> 1[1] via P2P/CUMEM/read
nid001052:1688822:1688966 [3] NCCL INFO Channel 00/0 : 7[3] -> 6[2] via P2P/CUMEM/read
nid001049:581175:581314 [3] NCCL INFO Channel 03/0 : 3[3] -> 2[2] via P2P/CUMEM/read
nid001052:1688822:1688966 [3] NCCL INFO Channel 03/0 : 7[3] -> 6[2] via P2P/CUMEM/read
nid001049:581173:581311 [2] NCCL INFO Channel 07/0 : 2[2] -> 1[1] via P2P/CUMEM/read
nid001049:581175:581314 [3] NCCL INFO Channel 07/0 : 3[3] -> 2[2] via P2P/CUMEM/read
nid001049:581171:581312 [1] NCCL INFO Channel 01/0 : 1[1] -> 0[0] via P2P/CUMEM/read
nid001052:1688822:1688966 [3] NCCL INFO Channel 04/0 : 7[3] -> 6[2] via P2P/CUMEM/read
nid001049:581171:581312 [1] NCCL INFO Channel 02/0 : 1[1] -> 0[0] via P2P/CUMEM/read
nid001052:1688822:1688966 [3] NCCL INFO Channel 07/0 : 7[3] -> 6[2] via P2P/CUMEM/read
nid001052:1688820:1688964 [2] NCCL INFO Channel 00/0 : 6[2] -> 5[1] via P2P/CUMEM/read
nid001049:581171:581312 [1] NCCL INFO Channel 05/0 : 1[1] -> 0[0] via P2P/CUMEM/read
nid001052:1688818:1688965 [1] NCCL INFO Channel 01/0 : 5[1] -> 4[0] via P2P/CUMEM/read
nid001052:1688820:1688964 [2] NCCL INFO Channel 03/0 : 6[2] -> 5[1] via P2P/CUMEM/read
nid001052:1688818:1688965 [1] NCCL INFO Channel 02/0 : 5[1] -> 4[0] via P2P/CUMEM/read
nid001052:1688820:1688964 [2] NCCL INFO Channel 04/0 : 6[2] -> 5[1] via P2P/CUMEM/read
nid001052:1688818:1688965 [1] NCCL INFO Channel 05/0 : 5[1] -> 4[0] via P2P/CUMEM/read
nid001052:1688820:1688964 [2] NCCL INFO Channel 07/0 : 6[2] -> 5[1] via P2P/CUMEM/read
nid001052:1688818:1688965 [1] NCCL INFO Channel 06/0 : 5[1] -> 4[0] via P2P/CUMEM/read
nid001049:581171:581312 [1] NCCL INFO Channel 06/0 : 1[1] -> 0[0] via P2P/CUMEM/read
nid001049:581170:581313 [0] NCCL INFO Connected all trees
nid001052:1688817:1688963 [0] NCCL INFO Connected all trees
nid001049:581175:581314 [3] NCCL INFO Connected all trees
nid001049:581171:581312 [1] NCCL INFO Connected all trees
nid001049:581173:581311 [2] NCCL INFO Connected all trees
nid001052:1688822:1688966 [3] NCCL INFO Connected all trees
nid001052:1688818:1688965 [1] NCCL INFO Connected all trees
nid001052:1688820:1688964 [2] NCCL INFO Connected all trees
           8             2     float     sum      -1    24.38    0.00    0.00      0    18.90    0.00    0.00      0
          16             4     float     sum      -1    18.90    0.00    0.00      0    18.61    0.00    0.00      0
          32             8     float     sum      -1    18.89    0.00    0.00      0    18.75    0.00    0.00      0
          64            16     float     sum      -1    20.08    0.00    0.01      0    19.86    0.00    0.01      0
         128            32     float     sum      -1    20.22    0.01    0.01      0    20.05    0.01    0.01      0
         256            64     float     sum      -1    20.24    0.01    0.02      0    20.05    0.01    0.02      0
         512           128     float     sum      -1    20.53    0.02    0.04      0    20.53    0.02    0.04      0
        1024           256     float     sum      -1    101.4    0.01    0.02      0    21.15    0.05    0.08      0
        2048           512     float     sum      -1    27.69    0.07    0.13      0    22.34    0.09    0.16      0
        4096          1024     float     sum      -1    32.87    0.12    0.22      0    23.68    0.17    0.30      0
        8192          2048     float     sum      -1    32.61    0.25    0.44      0    25.53    0.32    0.56      0
       16384          4096     float     sum      -1    38.33    0.43    0.75      0    25.66    0.64    1.12      0
       32768          8192     float     sum      -1    32.75    1.00    1.75      0    27.06    1.21    2.12      0
       65536         16384     float     sum      -1    41.36    1.58    2.77      0    32.34    2.03    3.55      0
      131072         32768     float     sum      -1    58.89    2.23    3.89      0    43.28    3.03    5.30      0
      262144         65536     float     sum      -1    92.74    2.83    4.95      0    156.5    1.68    2.93      0
      524288        131072     float     sum      -1    247.9    2.12    3.70      0    192.9    2.72    4.76      0
     1048576        262144     float     sum      -1    188.7    5.56    9.73      0    271.1    3.87    6.77      0
     2097152        524288     float     sum      -1    347.9    6.03   10.55      0    349.8    6.00   10.49      0
     4194304       1048576     float     sum      -1    355.0   11.81   20.67      0    319.5   13.13   22.98      0
     8388608       2097152     float     sum      -1    295.4   28.39   49.69      0    309.0   27.14   47.50      0
    16777216       4194304     float     sum      -1    543.9   30.84   53.98      0    628.2   26.70   46.73      0
    33554432       8388608     float     sum      -1   1058.0   31.71   55.50      0    898.4   37.35   65.36      0
    67108864      16777216     float     sum      -1   1751.5   38.31   67.05      0   1759.1   38.15   66.76      0
   134217728      33554432     float     sum      -1   3348.7   40.08   70.14      0   3582.6   37.46   65.56      0
   268435456      67108864     float     sum      -1   6608.8   40.62   71.08      0   6591.4   40.72   71.27      0
   536870912     134217728     float     sum      -1    13111   40.95   71.66      0    13001   41.30   72.27      0
  1073741824     268435456     float     sum      -1    25961   41.36   72.38      0    25608   41.93   73.38      0
  2147483648     536870912     float     sum      -1    50981   42.12   73.72      0    51046   42.07   73.62      0
  4294967296    1073741824     float     sum      -1   101855   42.17   73.79      0   101630   42.26   73.96      0
nid001052:1688820:1688820 [2] NCCL INFO comm 0x119e440 rank 6 nranks 8 cudaDev 2 busId 82000 - Destroy COMPLETE
nid001052:1688822:1688822 [3] NCCL INFO comm 0x119e3a0 rank 7 nranks 8 cudaDev 3 busId c1000 - Destroy COMPLETE
nid001052:1688818:1688818 [1] NCCL INFO comm 0x119e3a0 rank 5 nranks 8 cudaDev 1 busId 41000 - Destroy COMPLETE
nid001052:1688817:1688817 [0] NCCL INFO comm 0x119ff00 rank 4 nranks 8 cudaDev 0 busId 3000 - Destroy COMPLETE
nid001049:581170:581170 [0] NCCL INFO comm 0x119df40 rank 0 nranks 8 cudaDev 0 busId 3000 - Destroy COMPLETE
nid001049:581171:581171 [1] NCCL INFO comm 0x119e7f0 rank 1 nranks 8 cudaDev 1 busId 41000 - Destroy COMPLETE
# Out of bounds values : 0 OK
# Avg bus bandwidth    : 23.9376 
#
nid001049:581173:581173 [2] NCCL INFO comm 0x119e690 rank 2 nranks 8 cudaDev 2 busId 82000 - Destroy COMPLETE
nid001049:581175:581175 [3] NCCL INFO comm 0x119e880 rank 3 nranks 8 cudaDev 3 busId c1000 - Destroy COMPLETE

