nid001049:658566:658680 [0] NCCL INFO GPU/0-82000 :GPU/0-3000 (1/80.0/NVL) GPU/0-c1000 (1/80.0/NVL) GPU/0-82000 (0/5000.0/LOC) GPU/0-41000 (1/80.0/NVL) CPU/0-3 (2/24.0/PHB) CPU/0-0 (2/24.0/PHB) CPU/0-1 (1/24.0/PHB) CPU/0-2 (2/24.0/PHB) NET/0-7 (4/16.0/SYS) NET/0-1 (4/16.0/SYS) NET/0-3 (3/24.0/PHB) NET/0-5 (4/16.0/SYS) 
nid001049:658566:658680 [0] NCCL INFO GPU/0-41000 :GPU/0-3000 (1/80.0/NVL) GPU/0-c1000 (1/80.0/NVL) GPU/0-82000 (1/80.0/NVL) GPU/0-41000 (0/5000.0/LOC) CPU/0-3 (2/24.0/PHB) CPU/0-0 (2/24.0/PHB) CPU/0-1 (2/24.0/PHB) CPU/0-2 (1/24.0/PHB) NET/0-7 (4/16.0/SYS) NET/0-1 (4/16.0/SYS) NET/0-3 (4/16.0/SYS) NET/0-5 (3/24.0/PHB) 
nid001052:1765951:1766046 [0] NCCL INFO comm 0x119fe70 rank 4 nRanks 8 nNodes 2 localRanks 4 localRank 0 MNNVL 0
nid001049:658566:658680 [0] NCCL INFO NET/0-7 :GPU/0-3000 (3/24.0/PHB) GPU/0-c1000 (4/16.0/SYS) GPU/0-82000 (4/16.0/SYS) GPU/0-41000 (4/16.0/SYS) CPU/0-3 (2/24.0/PHB) CPU/0-0 (3/16.0/SYS) CPU/0-1 (3/16.0/SYS) CPU/0-2 (3/16.0/SYS) NET/0-7 (0/5000.0/LOC) NET/0-1 (5/16.0/SYS) NET/0-3 (5/16.0/SYS) NET/0-5 (5/16.0/SYS) 
nid001049:658566:658680 [0] NCCL INFO NET/0-1 :GPU/0-3000 (4/16.0/SYS) GPU/0-c1000 (3/24.0/PHB) GPU/0-82000 (4/16.0/SYS) GPU/0-41000 (4/16.0/SYS) CPU/0-3 (3/16.0/SYS) CPU/0-0 (2/24.0/PHB) CPU/0-1 (3/16.0/SYS) CPU/0-2 (3/16.0/SYS) NET/0-7 (5/16.0/SYS) NET/0-1 (0/5000.0/LOC) NET/0-3 (5/16.0/SYS) NET/0-5 (5/16.0/SYS) 
nid001049:658566:658680 [0] NCCL INFO NET/0-3 :GPU/0-3000 (4/16.0/SYS) GPU/0-c1000 (4/16.0/SYS) GPU/0-82000 (3/24.0/PHB) GPU/0-41000 (4/16.0/SYS) CPU/0-3 (3/16.0/SYS) CPU/0-0 (3/16.0/SYS) CPU/0-1 (2/24.0/PHB) CPU/0-2 (3/16.0/SYS) NET/0-7 (5/16.0/SYS) NET/0-1 (5/16.0/SYS) NET/0-3 (0/5000.0/LOC) NET/0-5 (5/16.0/SYS) 
nid001049:658566:658680 [0] NCCL INFO NET/0-5 :GPU/0-3000 (4/16.0/SYS) GPU/0-c1000 (4/16.0/SYS) GPU/0-82000 (4/16.0/SYS) GPU/0-41000 (3/24.0/PHB) CPU/0-3 (3/16.0/SYS) CPU/0-0 (3/16.0/SYS) CPU/0-1 (3/16.0/SYS) CPU/0-2 (2/24.0/PHB) NET/0-7 (5/16.0/SYS) NET/0-1 (5/16.0/SYS) NET/0-3 (5/16.0/SYS) NET/0-5 (0/5000.0/LOC) 
nid001049:658566:658680 [0] NCCL INFO Setting affinity for GPU 0 to ffff0000,00000000,ffff0000,00000000
nid001052:1765952:1766045 [1] NCCL INFO comm 0x119e760 rank 5 nRanks 8 nNodes 2 localRanks 4 localRank 1 MNNVL 0
nid001049:658566:658680 [0] NCCL INFO NVLS multicast support is not available on dev 0
nid001052:1765954:1766043 [2] NCCL INFO comm 0x119e580 rank 6 nRanks 8 nNodes 2 localRanks 4 localRank 2 MNNVL 0
nid001049:658566:658680 [0] NCCL INFO NCCL_CROSS_NIC set by environment to 1.
nid001052:1765956:1766044 [3] NCCL INFO comm 0x119e860 rank 7 nRanks 8 nNodes 2 localRanks 4 localRank 3 MNNVL 0
nid001052:1765956:1766044 [3] NCCL INFO Tree 0 : 4 -> 7 -> 6/-1/-1
nid001052:1765956:1766044 [3] NCCL INFO Tree 4 : 4 -> 7 -> 6/-1/-1
nid001052:1765956:1766044 [3] NCCL INFO Tree 1 : 3 -> 7 -> 5/-1/-1
nid001052:1765956:1766044 [3] NCCL INFO Tree 5 : -1 -> 7 -> 5/3/-1
nid001052:1765956:1766044 [3] NCCL INFO Ring 00 : 1 -> 7 -> 4
nid001052:1765956:1766044 [3] NCCL INFO Ring 01 : 4 -> 7 -> 6
nid001052:1765956:1766044 [3] NCCL INFO Ring 02 : 4 -> 7 -> 2
nid001052:1765956:1766044 [3] NCCL INFO Ring 03 : 6 -> 7 -> 5
nid001052:1765956:1766044 [3] NCCL INFO Ring 04 : 1 -> 7 -> 4
nid001052:1765956:1766044 [3] NCCL INFO Ring 05 : 4 -> 7 -> 6
nid001049:658567:658683 [1] NCCL INFO === System : maxBw 24.0 totalBw 240.0 ===
nid001049:658567:658683 [1] NCCL INFO CPU/0-3 (1/2/-1)
nid001049:658567:658683 [1] NCCL INFO + PCI[24.0] - NIC/0-1000
nid001049:658567:658683 [1] NCCL INFO               + NET[25.0] - NET/0-7 (6/1/25.000000)
nid001049:658567:658683 [1] NCCL INFO + PCI[24.0] - GPU/0-3000 (0)
nid001049:658567:658683 [1] NCCL INFO               + NVL[80.0] - GPU/0-82000
nid001049:658567:658683 [1] NCCL INFO               + NVL[80.0] - GPU/0-c1000
nid001049:658567:658683 [1] NCCL INFO               + NVL[80.0] - GPU/0-41000
nid001049:658567:658683 [1] NCCL INFO + SYS[16.0] - CPU/0-0
nid001049:658567:658683 [1] NCCL INFO + SYS[16.0] - CPU/0-1
nid001049:658567:658683 [1] NCCL INFO + SYS[16.0] - CPU/0-2
nid001049:658567:658683 [1] NCCL INFO CPU/0-0 (1/2/-1)
nid001049:658567:658683 [1] NCCL INFO + PCI[24.0] - NIC/0-c2000
nid001049:658567:658683 [1] NCCL INFO               + NET[25.0] - NET/0-1 (0/1/25.000000)
nid001052:1765951:1766046 [0] NCCL INFO Tree 0 : 0 -> 4 -> 7/-1/-1
nid001052:1765951:1766046 [0] NCCL INFO Tree 4 : -1 -> 4 -> 7/0/-1
nid001052:1765951:1766046 [0] NCCL INFO Tree 2 : 6 -> 4 -> 5/-1/-1
nid001052:1765951:1766046 [0] NCCL INFO Tree 6 : 6 -> 4 -> 5/-1/-1
nid001049:658567:658683 [1] NCCL INFO + PCI[24.0] - GPU/0-c1000 (3)
nid001049:658567:658683 [1] NCCL INFO               + NVL[80.0] - GPU/0-82000
nid001049:658567:658683 [1] NCCL INFO               + NVL[80.0] - GPU/0-41000
nid001049:658567:658683 [1] NCCL INFO               + NVL[80.0] - GPU/0-3000
nid001049:658567:658683 [1] NCCL INFO + SYS[16.0] - CPU/0-3
nid001049:658567:658683 [1] NCCL INFO + SYS[16.0] - CPU/0-1
nid001049:658567:658683 [1] NCCL INFO + SYS[16.0] - CPU/0-2
nid001049:658567:658683 [1] NCCL INFO CPU/0-1 (1/2/-1)
nid001049:658567:658683 [1] NCCL INFO + PCI[24.0] - NIC/0-81000
nid001052:1765954:1766043 [2] NCCL INFO Tree 2 : 2 -> 6 -> 4/-1/-1
nid001052:1765954:1766043 [2] NCCL INFO Tree 6 : -1 -> 6 -> 4/2/-1
nid001052:1765954:1766043 [2] NCCL INFO Tree 3 : 5 -> 6 -> 7/-1/-1
nid001052:1765954:1766043 [2] NCCL INFO Tree 7 : 5 -> 6 -> 7/-1/-1
nid001052:1765954:1766043 [2] NCCL INFO Ring 00 : 5 -> 6 -> 0
nid001049:658567:658683 [1] NCCL INFO               + NET[25.0] - NET/0-3 (2/1/25.000000)
nid001049:658567:658683 [1] NCCL INFO + PCI[24.0] - GPU/0-82000 (2)
nid001049:658567:658683 [1] NCCL INFO               + NVL[80.0] - GPU/0-c1000
nid001049:658567:658683 [1] NCCL INFO               + NVL[80.0] - GPU/0-41000
nid001049:658567:658683 [1] NCCL INFO               + NVL[80.0] - GPU/0-3000
nid001049:658567:658683 [1] NCCL INFO + SYS[16.0] - CPU/0-3
nid001049:658567:658683 [1] NCCL INFO + SYS[16.0] - CPU/0-0
nid001049:658567:658683 [1] NCCL INFO + SYS[16.0] - CPU/0-2
nid001049:658567:658683 [1] NCCL INFO CPU/0-2 (1/2/-1)
nid001049:658567:658683 [1] NCCL INFO + PCI[24.0] - NIC/0-42000
nid001052:1765956:1766044 [3] NCCL INFO Ring 06 : 4 -> 7 -> 2
nid001052:1765956:1766044 [3] NCCL INFO Ring 07 : 6 -> 7 -> 5
nid001052:1765956:1766044 [3] NCCL INFO Trees [0] 6/-1/-1->7->4 [1] 5/-1/-1->7->3 [2] -1/-1/-1->7->5 [3] 4/-1/-1->7->6 [4] 6/-1/-1->7->4 [5] 5/3/-1->7->-1 [6] -1/-1/-1->7->5 [7] 4/-1/-1->7->6
nid001052:1765956:1766044 [3] NCCL INFO P2P Chunksize set to 131072
nid001049:658567:658683 [1] NCCL INFO               + NET[25.0] - NET/0-5 (4/1/25.000000)
nid001049:658567:658683 [1] NCCL INFO + PCI[24.0] - GPU/0-41000 (1)
nid001049:658567:658683 [1] NCCL INFO               + NVL[80.0] - GPU/0-82000
nid001049:658567:658683 [1] NCCL INFO               + NVL[80.0] - GPU/0-c1000
nid001049:658567:658683 [1] NCCL INFO               + NVL[80.0] - GPU/0-3000
nid001052:1765951:1766046 [0] NCCL INFO Ring 00 : 7 -> 4 -> 5
nid001052:1765951:1766046 [0] NCCL INFO Ring 01 : 2 -> 4 -> 7
nid001052:1765951:1766046 [0] NCCL INFO Ring 02 : 6 -> 4 -> 7
nid001052:1765951:1766046 [0] NCCL INFO Ring 03 : 5 -> 4 -> 1
nid001052:1765951:1766046 [0] NCCL INFO Ring 04 : 7 -> 4 -> 5
nid001052:1765951:1766046 [0] NCCL INFO Ring 05 : 2 -> 4 -> 7
nid001052:1765951:1766046 [0] NCCL INFO Ring 06 : 6 -> 4 -> 7
nid001052:1765951:1766046 [0] NCCL INFO Ring 07 : 5 -> 4 -> 1
nid001052:1765951:1766046 [0] NCCL INFO Trees [0] 7/-1/-1->4->0 [1] 6/-1/-1->4->5 [2] 5/-1/-1->4->6 [3] -1/-1/-1->4->7 [4] 7/0/-1->4->-1 [5] 6/-1/-1->4->5 [6] 5/-1/-1->4->6 [7] -1/-1/-1->4->7
nid001052:1765951:1766046 [0] NCCL INFO P2P Chunksize set to 131072
nid001049:658567:658683 [1] NCCL INFO + SYS[16.0] - CPU/0-3
nid001049:658567:658683 [1] NCCL INFO + SYS[16.0] - CPU/0-0
nid001049:658567:658683 [1] NCCL INFO + SYS[16.0] - CPU/0-1
nid001049:658567:658683 [1] NCCL INFO ==========================================
nid001052:1765952:1766045 [1] NCCL INFO Tree 1 : 7 -> 5 -> 4/-1/-1
nid001052:1765952:1766045 [1] NCCL INFO Tree 5 : 7 -> 5 -> 4/-1/-1
nid001052:1765952:1766045 [1] NCCL INFO Tree 3 : 1 -> 5 -> 6/-1/-1
nid001052:1765952:1766045 [1] NCCL INFO Tree 7 : -1 -> 5 -> 6/1/-1
nid001052:1765952:1766045 [1] NCCL INFO Ring 00 : 4 -> 5 -> 6
nid001052:1765952:1766045 [1] NCCL INFO Ring 01 : 6 -> 5 -> 3
nid001052:1765952:1766045 [1] NCCL INFO Ring 02 : 0 -> 5 -> 6
nid001052:1765952:1766045 [1] NCCL INFO Ring 03 : 7 -> 5 -> 4
nid001052:1765952:1766045 [1] NCCL INFO Ring 04 : 4 -> 5 -> 6
nid001052:1765952:1766045 [1] NCCL INFO Ring 05 : 6 -> 5 -> 3
nid001052:1765952:1766045 [1] NCCL INFO Ring 06 : 0 -> 5 -> 6
nid001052:1765952:1766045 [1] NCCL INFO Ring 07 : 7 -> 5 -> 4
nid001052:1765952:1766045 [1] NCCL INFO Trees [0] -1/-1/-1->5->6 [1] 4/-1/-1->5->7 [2] 7/-1/-1->5->4 [3] 6/-1/-1->5->1 [4] -1/-1/-1->5->6 [5] 4/-1/-1->5->7 [6] 7/-1/-1->5->4 [7] 6/1/-1->5->-1
nid001049:658567:658683 [1] NCCL INFO GPU/0-3000 :GPU/0-3000 (0/5000.0/LOC) GPU/0-c1000 (1/80.0/NVL) GPU/0-82000 (1/80.0/NVL) GPU/0-41000 (1/80.0/NVL) CPU/0-3 (1/24.0/PHB) CPU/0-0 (2/24.0/PHB) CPU/0-1 (2/24.0/PHB) CPU/0-2 (2/24.0/PHB) NET/0-7 (3/24.0/PHB) NET/0-1 (4/16.0/SYS) NET/0-3 (4/16.0/SYS) NET/0-5 (4/16.0/SYS) 
nid001049:658567:658683 [1] NCCL INFO GPU/0-c1000 :GPU/0-3000 (1/80.0/NVL) GPU/0-c1000 (0/5000.0/LOC) GPU/0-82000 (1/80.0/NVL) GPU/0-41000 (1/80.0/NVL) CPU/0-3 (2/24.0/PHB) CPU/0-0 (1/24.0/PHB) CPU/0-1 (2/24.0/PHB) CPU/0-2 (2/24.0/PHB) NET/0-7 (4/16.0/SYS) NET/0-1 (3/24.0/PHB) NET/0-3 (4/16.0/SYS) NET/0-5 (4/16.0/SYS) 
nid001052:1765952:1766045 [1] NCCL INFO P2P Chunksize set to 131072
nid001049:658567:658683 [1] NCCL INFO GPU/0-82000 :GPU/0-3000 (1/80.0/NVL) GPU/0-c1000 (1/80.0/NVL) GPU/0-82000 (0/5000.0/LOC) GPU/0-41000 (1/80.0/NVL) CPU/0-3 (2/24.0/PHB) CPU/0-0 (2/24.0/PHB) CPU/0-1 (1/24.0/PHB) CPU/0-2 (2/24.0/PHB) NET/0-7 (4/16.0/SYS) NET/0-1 (4/16.0/SYS) NET/0-3 (3/24.0/PHB) NET/0-5 (4/16.0/SYS) 
nid001052:1765954:1766043 [2] NCCL INFO Ring 01 : 7 -> 6 -> 5
nid001052:1765954:1766043 [2] NCCL INFO Ring 02 : 5 -> 6 -> 4
nid001052:1765954:1766043 [2] NCCL INFO Ring 03 : 3 -> 6 -> 7
nid001052:1765954:1766043 [2] NCCL INFO Ring 04 : 5 -> 6 -> 0
nid001052:1765954:1766043 [2] NCCL INFO Ring 05 : 7 -> 6 -> 5
nid001052:1765954:1766043 [2] NCCL INFO Ring 06 : 5 -> 6 -> 4
nid001052:1765954:1766043 [2] NCCL INFO Ring 07 : 3 -> 6 -> 7
nid001052:1765954:1766043 [2] NCCL INFO Trees [0] 5/-1/-1->6->7 [1] -1/-1/-1->6->4 [2] 4/-1/-1->6->2 [3] 7/-1/-1->6->5 [4] 5/-1/-1->6->7 [5] -1/-1/-1->6->4 [6] 4/2/-1->6->-1 [7] 7/-1/-1->6->5
nid001052:1765954:1766043 [2] NCCL INFO P2P Chunksize set to 131072
nid001049:658567:658683 [1] NCCL INFO GPU/0-41000 :GPU/0-3000 (1/80.0/NVL) GPU/0-c1000 (1/80.0/NVL) GPU/0-82000 (1/80.0/NVL) GPU/0-41000 (0/5000.0/LOC) CPU/0-3 (2/24.0/PHB) CPU/0-0 (2/24.0/PHB) CPU/0-1 (2/24.0/PHB) CPU/0-2 (1/24.0/PHB) NET/0-7 (4/16.0/SYS) NET/0-1 (4/16.0/SYS) NET/0-3 (4/16.0/SYS) NET/0-5 (3/24.0/PHB) 
nid001052:1765956:1766058 [3] NCCL INFO [Proxy Service UDS] Device 3 CPU core 78
nid001052:1765956:1766055 [3] NCCL INFO [Proxy Service] Device 3 CPU core 8
nid001049:658567:658683 [1] NCCL INFO NET/0-7 :GPU/0-3000 (3/24.0/PHB) GPU/0-c1000 (4/16.0/SYS) GPU/0-82000 (4/16.0/SYS) GPU/0-41000 (4/16.0/SYS) CPU/0-3 (2/24.0/PHB) CPU/0-0 (3/16.0/SYS) CPU/0-1 (3/16.0/SYS) CPU/0-2 (3/16.0/SYS) NET/0-7 (0/5000.0/LOC) NET/0-1 (5/16.0/SYS) NET/0-3 (5/16.0/SYS) NET/0-5 (5/16.0/SYS) 
nid001049:658567:658683 [1] NCCL INFO NET/0-1 :GPU/0-3000 (4/16.0/SYS) GPU/0-c1000 (3/24.0/PHB) GPU/0-82000 (4/16.0/SYS) GPU/0-41000 (4/16.0/SYS) CPU/0-3 (3/16.0/SYS) CPU/0-0 (2/24.0/PHB) CPU/0-1 (3/16.0/SYS) CPU/0-2 (3/16.0/SYS) NET/0-7 (5/16.0/SYS) NET/0-1 (0/5000.0/LOC) NET/0-3 (5/16.0/SYS) NET/0-5 (5/16.0/SYS) 
nid001052:1765954:1766059 [2] NCCL INFO [Proxy Service UDS] Device 2 CPU core 25
nid001052:1765954:1766056 [2] NCCL INFO [Proxy Service] Device 2 CPU core 16
nid001049:658567:658683 [1] NCCL INFO NET/0-3 :GPU/0-3000 (4/16.0/SYS) GPU/0-c1000 (4/16.0/SYS) GPU/0-82000 (3/24.0/PHB) GPU/0-41000 (4/16.0/SYS) CPU/0-3 (3/16.0/SYS) CPU/0-0 (3/16.0/SYS) CPU/0-1 (2/24.0/PHB) CPU/0-2 (3/16.0/SYS) NET/0-7 (5/16.0/SYS) NET/0-1 (5/16.0/SYS) NET/0-3 (0/5000.0/LOC) NET/0-5 (5/16.0/SYS) 
nid001052:1765951:1766057 [0] NCCL INFO [Proxy Service] Device 0 CPU core 58
nid001049:658567:658683 [1] NCCL INFO NET/0-5 :GPU/0-3000 (4/16.0/SYS) GPU/0-c1000 (4/16.0/SYS) GPU/0-82000 (4/16.0/SYS) GPU/0-41000 (3/24.0/PHB) CPU/0-3 (3/16.0/SYS) CPU/0-0 (3/16.0/SYS) CPU/0-1 (3/16.0/SYS) CPU/0-2 (2/24.0/PHB) NET/0-7 (5/16.0/SYS) NET/0-1 (5/16.0/SYS) NET/0-3 (5/16.0/SYS) NET/0-5 (0/5000.0/LOC) 
nid001052:1765951:1766061 [0] NCCL INFO [Proxy Service UDS] Device 0 CPU core 113
nid001049:658567:658683 [1] NCCL INFO Setting affinity for GPU 1 to ffff,00000000,0000ffff,00000000
nid001049:658567:658683 [1] NCCL INFO NVLS multicast support is not available on dev 1
nid001052:1765952:1766060 [1] NCCL INFO [Proxy Service] Device 1 CPU core 42
nid001052:1765952:1766062 [1] NCCL INFO [Proxy Service UDS] Device 1 CPU core 97
nid001049:658567:658683 [1] NCCL INFO NCCL_CROSS_NIC set by environment to 1.
nid001049:658569:658682 [2] NCCL INFO === System : maxBw 24.0 totalBw 240.0 ===
nid001049:658569:658682 [2] NCCL INFO CPU/0-3 (1/2/-1)
nid001049:658569:658682 [2] NCCL INFO + PCI[24.0] - NIC/0-1000
nid001049:658569:658682 [2] NCCL INFO               + NET[25.0] - NET/0-7 (6/1/25.000000)
nid001049:658569:658682 [2] NCCL INFO + PCI[24.0] - GPU/0-3000 (0)
nid001049:658569:658682 [2] NCCL INFO               + NVL[80.0] - GPU/0-82000
nid001049:658569:658682 [2] NCCL INFO               + NVL[80.0] - GPU/0-c1000
nid001049:658569:658682 [2] NCCL INFO               + NVL[80.0] - GPU/0-41000
nid001049:658569:658682 [2] NCCL INFO + SYS[16.0] - CPU/0-0
nid001049:658569:658682 [2] NCCL INFO + SYS[16.0] - CPU/0-1
nid001049:658569:658682 [2] NCCL INFO + SYS[16.0] - CPU/0-2
nid001049:658569:658682 [2] NCCL INFO CPU/0-0 (1/2/-1)
nid001049:658569:658682 [2] NCCL INFO + PCI[24.0] - NIC/0-c2000
nid001049:658569:658682 [2] NCCL INFO               + NET[25.0] - NET/0-1 (0/1/25.000000)
nid001049:658569:658682 [2] NCCL INFO + PCI[24.0] - GPU/0-c1000 (3)
nid001049:658569:658682 [2] NCCL INFO               + NVL[80.0] - GPU/0-82000
nid001049:658569:658682 [2] NCCL INFO               + NVL[80.0] - GPU/0-41000
nid001049:658569:658682 [2] NCCL INFO               + NVL[80.0] - GPU/0-3000
nid001049:658569:658682 [2] NCCL INFO + SYS[16.0] - CPU/0-3
nid001049:658569:658682 [2] NCCL INFO + SYS[16.0] - CPU/0-1
nid001049:658569:658682 [2] NCCL INFO + SYS[16.0] - CPU/0-2
nid001049:658569:658682 [2] NCCL INFO CPU/0-1 (1/2/-1)
nid001049:658569:658682 [2] NCCL INFO + PCI[24.0] - NIC/0-81000
nid001049:658569:658682 [2] NCCL INFO               + NET[25.0] - NET/0-3 (2/1/25.000000)
nid001049:658569:658682 [2] NCCL INFO + PCI[24.0] - GPU/0-82000 (2)
nid001049:658569:658682 [2] NCCL INFO               + NVL[80.0] - GPU/0-c1000
nid001049:658569:658682 [2] NCCL INFO               + NVL[80.0] - GPU/0-41000
nid001049:658569:658682 [2] NCCL INFO               + NVL[80.0] - GPU/0-3000
nid001049:658569:658682 [2] NCCL INFO + SYS[16.0] - CPU/0-3
nid001049:658569:658682 [2] NCCL INFO + SYS[16.0] - CPU/0-0
nid001049:658569:658682 [2] NCCL INFO + SYS[16.0] - CPU/0-2
nid001049:658569:658682 [2] NCCL INFO CPU/0-2 (1/2/-1)
nid001049:658569:658682 [2] NCCL INFO + PCI[24.0] - NIC/0-42000
nid001049:658571:658681 [3] NCCL INFO === System : maxBw 24.0 totalBw 240.0 ===
nid001049:658571:658681 [3] NCCL INFO CPU/0-3 (1/2/-1)
nid001049:658571:658681 [3] NCCL INFO + PCI[24.0] - NIC/0-1000
nid001049:658571:658681 [3] NCCL INFO               + NET[25.0] - NET/0-7 (6/1/25.000000)
nid001049:658569:658682 [2] NCCL INFO               + NET[25.0] - NET/0-5 (4/1/25.000000)
nid001049:658569:658682 [2] NCCL INFO + PCI[24.0] - GPU/0-41000 (1)
nid001049:658569:658682 [2] NCCL INFO               + NVL[80.0] - GPU/0-82000
nid001049:658569:658682 [2] NCCL INFO               + NVL[80.0] - GPU/0-c1000
nid001049:658569:658682 [2] NCCL INFO               + NVL[80.0] - GPU/0-3000
nid001049:658569:658682 [2] NCCL INFO + SYS[16.0] - CPU/0-3
nid001049:658569:658682 [2] NCCL INFO + SYS[16.0] - CPU/0-0
nid001049:658569:658682 [2] NCCL INFO + SYS[16.0] - CPU/0-1
nid001049:658569:658682 [2] NCCL INFO ==========================================
nid001049:658571:658681 [3] NCCL INFO + PCI[24.0] - GPU/0-3000 (0)
nid001049:658571:658681 [3] NCCL INFO               + NVL[80.0] - GPU/0-82000
nid001049:658571:658681 [3] NCCL INFO               + NVL[80.0] - GPU/0-c1000
nid001049:658571:658681 [3] NCCL INFO               + NVL[80.0] - GPU/0-41000
nid001049:658571:658681 [3] NCCL INFO + SYS[16.0] - CPU/0-0
nid001049:658571:658681 [3] NCCL INFO + SYS[16.0] - CPU/0-1
nid001049:658571:658681 [3] NCCL INFO + SYS[16.0] - CPU/0-2
nid001049:658571:658681 [3] NCCL INFO CPU/0-0 (1/2/-1)
nid001049:658569:658682 [2] NCCL INFO GPU/0-3000 :GPU/0-3000 (0/5000.0/LOC) GPU/0-c1000 (1/80.0/NVL) GPU/0-82000 (1/80.0/NVL) GPU/0-41000 (1/80.0/NVL) CPU/0-3 (1/24.0/PHB) CPU/0-0 (2/24.0/PHB) CPU/0-1 (2/24.0/PHB) CPU/0-2 (2/24.0/PHB) NET/0-7 (3/24.0/PHB) NET/0-1 (4/16.0/SYS) NET/0-3 (4/16.0/SYS) NET/0-5 (4/16.0/SYS) 
nid001049:658571:658681 [3] NCCL INFO + PCI[24.0] - NIC/0-c2000
nid001049:658571:658681 [3] NCCL INFO               + NET[25.0] - NET/0-1 (0/1/25.000000)
nid001049:658571:658681 [3] NCCL INFO + PCI[24.0] - GPU/0-c1000 (3)
nid001049:658571:658681 [3] NCCL INFO               + NVL[80.0] - GPU/0-82000
nid001049:658571:658681 [3] NCCL INFO               + NVL[80.0] - GPU/0-41000
nid001049:658571:658681 [3] NCCL INFO               + NVL[80.0] - GPU/0-3000
nid001049:658571:658681 [3] NCCL INFO + SYS[16.0] - CPU/0-3
nid001049:658569:658682 [2] NCCL INFO GPU/0-c1000 :GPU/0-3000 (1/80.0/NVL) GPU/0-c1000 (0/5000.0/LOC) GPU/0-82000 (1/80.0/NVL) GPU/0-41000 (1/80.0/NVL) CPU/0-3 (2/24.0/PHB) CPU/0-0 (1/24.0/PHB) CPU/0-1 (2/24.0/PHB) CPU/0-2 (2/24.0/PHB) NET/0-7 (4/16.0/SYS) NET/0-1 (3/24.0/PHB) NET/0-3 (4/16.0/SYS) NET/0-5 (4/16.0/SYS) 
nid001049:658569:658682 [2] NCCL INFO GPU/0-82000 :GPU/0-3000 (1/80.0/NVL) GPU/0-c1000 (1/80.0/NVL) GPU/0-82000 (0/5000.0/LOC) GPU/0-41000 (1/80.0/NVL) CPU/0-3 (2/24.0/PHB) CPU/0-0 (2/24.0/PHB) CPU/0-1 (1/24.0/PHB) CPU/0-2 (2/24.0/PHB) NET/0-7 (4/16.0/SYS) NET/0-1 (4/16.0/SYS) NET/0-3 (3/24.0/PHB) NET/0-5 (4/16.0/SYS) 
nid001049:658571:658681 [3] NCCL INFO + SYS[16.0] - CPU/0-1
nid001049:658571:658681 [3] NCCL INFO + SYS[16.0] - CPU/0-2
nid001049:658571:658681 [3] NCCL INFO CPU/0-1 (1/2/-1)
nid001049:658571:658681 [3] NCCL INFO + PCI[24.0] - NIC/0-81000
nid001049:658571:658681 [3] NCCL INFO               + NET[25.0] - NET/0-3 (2/1/25.000000)
nid001049:658571:658681 [3] NCCL INFO + PCI[24.0] - GPU/0-82000 (2)
nid001049:658571:658681 [3] NCCL INFO               + NVL[80.0] - GPU/0-c1000
nid001049:658571:658681 [3] NCCL INFO               + NVL[80.0] - GPU/0-41000
nid001049:658571:658681 [3] NCCL INFO               + NVL[80.0] - GPU/0-3000
nid001049:658569:658682 [2] NCCL INFO GPU/0-41000 :GPU/0-3000 (1/80.0/NVL) GPU/0-c1000 (1/80.0/NVL) GPU/0-82000 (1/80.0/NVL) GPU/0-41000 (0/5000.0/LOC) CPU/0-3 (2/24.0/PHB) CPU/0-0 (2/24.0/PHB) CPU/0-1 (2/24.0/PHB) CPU/0-2 (1/24.0/PHB) NET/0-7 (4/16.0/SYS) NET/0-1 (4/16.0/SYS) NET/0-3 (4/16.0/SYS) NET/0-5 (3/24.0/PHB) 
nid001049:658569:658682 [2] NCCL INFO NET/0-7 :GPU/0-3000 (3/24.0/PHB) GPU/0-c1000 (4/16.0/SYS) GPU/0-82000 (4/16.0/SYS) GPU/0-41000 (4/16.0/SYS) CPU/0-3 (2/24.0/PHB) CPU/0-0 (3/16.0/SYS) CPU/0-1 (3/16.0/SYS) CPU/0-2 (3/16.0/SYS) NET/0-7 (0/5000.0/LOC) NET/0-1 (5/16.0/SYS) NET/0-3 (5/16.0/SYS) NET/0-5 (5/16.0/SYS) 
nid001049:658569:658682 [2] NCCL INFO NET/0-1 :GPU/0-3000 (4/16.0/SYS) GPU/0-c1000 (3/24.0/PHB) GPU/0-82000 (4/16.0/SYS) GPU/0-41000 (4/16.0/SYS) CPU/0-3 (3/16.0/SYS) CPU/0-0 (2/24.0/PHB) CPU/0-1 (3/16.0/SYS) CPU/0-2 (3/16.0/SYS) NET/0-7 (5/16.0/SYS) NET/0-1 (0/5000.0/LOC) NET/0-3 (5/16.0/SYS) NET/0-5 (5/16.0/SYS) 
nid001049:658571:658681 [3] NCCL INFO + SYS[16.0] - CPU/0-3
nid001049:658571:658681 [3] NCCL INFO + SYS[16.0] - CPU/0-0
nid001049:658571:658681 [3] NCCL INFO + SYS[16.0] - CPU/0-2
nid001049:658571:658681 [3] NCCL INFO CPU/0-2 (1/2/-1)
nid001049:658571:658681 [3] NCCL INFO + PCI[24.0] - NIC/0-42000
nid001049:658571:658681 [3] NCCL INFO               + NET[25.0] - NET/0-5 (4/1/25.000000)
nid001049:658571:658681 [3] NCCL INFO + PCI[24.0] - GPU/0-41000 (1)
nid001049:658571:658681 [3] NCCL INFO               + NVL[80.0] - GPU/0-82000
nid001049:658571:658681 [3] NCCL INFO               + NVL[80.0] - GPU/0-c1000
nid001049:658571:658681 [3] NCCL INFO               + NVL[80.0] - GPU/0-3000
nid001049:658571:658681 [3] NCCL INFO + SYS[16.0] - CPU/0-3
nid001049:658569:658682 [2] NCCL INFO NET/0-3 :GPU/0-3000 (4/16.0/SYS) GPU/0-c1000 (4/16.0/SYS) GPU/0-82000 (3/24.0/PHB) GPU/0-41000 (4/16.0/SYS) CPU/0-3 (3/16.0/SYS) CPU/0-0 (3/16.0/SYS) CPU/0-1 (2/24.0/PHB) CPU/0-2 (3/16.0/SYS) NET/0-7 (5/16.0/SYS) NET/0-1 (5/16.0/SYS) NET/0-3 (0/5000.0/LOC) NET/0-5 (5/16.0/SYS) 
nid001049:658569:658682 [2] NCCL INFO NET/0-5 :GPU/0-3000 (4/16.0/SYS) GPU/0-c1000 (4/16.0/SYS) GPU/0-82000 (4/16.0/SYS) GPU/0-41000 (3/24.0/PHB) CPU/0-3 (3/16.0/SYS) CPU/0-0 (3/16.0/SYS) CPU/0-1 (3/16.0/SYS) CPU/0-2 (2/24.0/PHB) NET/0-7 (5/16.0/SYS) NET/0-1 (5/16.0/SYS) NET/0-3 (5/16.0/SYS) NET/0-5 (0/5000.0/LOC) 
nid001049:658571:658681 [3] NCCL INFO + SYS[16.0] - CPU/0-0
nid001049:658571:658681 [3] NCCL INFO + SYS[16.0] - CPU/0-1
nid001049:658571:658681 [3] NCCL INFO ==========================================
nid001049:658571:658681 [3] NCCL INFO GPU/0-3000 :GPU/0-3000 (0/5000.0/LOC) GPU/0-c1000 (1/80.0/NVL) GPU/0-82000 (1/80.0/NVL) GPU/0-41000 (1/80.0/NVL) CPU/0-3 (1/24.0/PHB) CPU/0-0 (2/24.0/PHB) CPU/0-1 (2/24.0/PHB) CPU/0-2 (2/24.0/PHB) NET/0-7 (3/24.0/PHB) NET/0-1 (4/16.0/SYS) NET/0-3 (4/16.0/SYS) NET/0-5 (4/16.0/SYS) 
nid001049:658569:658682 [2] NCCL INFO Setting affinity for GPU 2 to ffff0000,00000000,ffff0000
nid001049:658571:658681 [3] NCCL INFO GPU/0-c1000 :GPU/0-3000 (1/80.0/NVL) GPU/0-c1000 (0/5000.0/LOC) GPU/0-82000 (1/80.0/NVL) GPU/0-41000 (1/80.0/NVL) CPU/0-3 (2/24.0/PHB) CPU/0-0 (1/24.0/PHB) CPU/0-1 (2/24.0/PHB) CPU/0-2 (2/24.0/PHB) NET/0-7 (4/16.0/SYS) NET/0-1 (3/24.0/PHB) NET/0-3 (4/16.0/SYS) NET/0-5 (4/16.0/SYS) 
nid001049:658571:658681 [3] NCCL INFO GPU/0-82000 :GPU/0-3000 (1/80.0/NVL) GPU/0-c1000 (1/80.0/NVL) GPU/0-82000 (0/5000.0/LOC) GPU/0-41000 (1/80.0/NVL) CPU/0-3 (2/24.0/PHB) CPU/0-0 (2/24.0/PHB) CPU/0-1 (1/24.0/PHB) CPU/0-2 (2/24.0/PHB) NET/0-7 (4/16.0/SYS) NET/0-1 (4/16.0/SYS) NET/0-3 (3/24.0/PHB) NET/0-5 (4/16.0/SYS) 
nid001049:658571:658681 [3] NCCL INFO GPU/0-41000 :GPU/0-3000 (1/80.0/NVL) GPU/0-c1000 (1/80.0/NVL) GPU/0-82000 (1/80.0/NVL) GPU/0-41000 (0/5000.0/LOC) CPU/0-3 (2/24.0/PHB) CPU/0-0 (2/24.0/PHB) CPU/0-1 (2/24.0/PHB) CPU/0-2 (1/24.0/PHB) NET/0-7 (4/16.0/SYS) NET/0-1 (4/16.0/SYS) NET/0-3 (4/16.0/SYS) NET/0-5 (3/24.0/PHB) 
nid001049:658569:658682 [2] NCCL INFO NVLS multicast support is not available on dev 2
nid001049:658571:658681 [3] NCCL INFO NET/0-7 :GPU/0-3000 (3/24.0/PHB) GPU/0-c1000 (4/16.0/SYS) GPU/0-82000 (4/16.0/SYS) GPU/0-41000 (4/16.0/SYS) CPU/0-3 (2/24.0/PHB) CPU/0-0 (3/16.0/SYS) CPU/0-1 (3/16.0/SYS) CPU/0-2 (3/16.0/SYS) NET/0-7 (0/5000.0/LOC) NET/0-1 (5/16.0/SYS) NET/0-3 (5/16.0/SYS) NET/0-5 (5/16.0/SYS) 
nid001049:658571:658681 [3] NCCL INFO NET/0-1 :GPU/0-3000 (4/16.0/SYS) GPU/0-c1000 (3/24.0/PHB) GPU/0-82000 (4/16.0/SYS) GPU/0-41000 (4/16.0/SYS) CPU/0-3 (3/16.0/SYS) CPU/0-0 (2/24.0/PHB) CPU/0-1 (3/16.0/SYS) CPU/0-2 (3/16.0/SYS) NET/0-7 (5/16.0/SYS) NET/0-1 (0/5000.0/LOC) NET/0-3 (5/16.0/SYS) NET/0-5 (5/16.0/SYS) 
nid001049:658569:658682 [2] NCCL INFO NCCL_CROSS_NIC set by environment to 1.
nid001049:658571:658681 [3] NCCL INFO NET/0-3 :GPU/0-3000 (4/16.0/SYS) GPU/0-c1000 (4/16.0/SYS) GPU/0-82000 (3/24.0/PHB) GPU/0-41000 (4/16.0/SYS) CPU/0-3 (3/16.0/SYS) CPU/0-0 (3/16.0/SYS) CPU/0-1 (2/24.0/PHB) CPU/0-2 (3/16.0/SYS) NET/0-7 (5/16.0/SYS) NET/0-1 (5/16.0/SYS) NET/0-3 (0/5000.0/LOC) NET/0-5 (5/16.0/SYS) 
nid001049:658571:658681 [3] NCCL INFO NET/0-5 :GPU/0-3000 (4/16.0/SYS) GPU/0-c1000 (4/16.0/SYS) GPU/0-82000 (4/16.0/SYS) GPU/0-41000 (3/24.0/PHB) CPU/0-3 (3/16.0/SYS) CPU/0-0 (3/16.0/SYS) CPU/0-1 (3/16.0/SYS) CPU/0-2 (2/24.0/PHB) NET/0-7 (5/16.0/SYS) NET/0-1 (5/16.0/SYS) NET/0-3 (5/16.0/SYS) NET/0-5 (0/5000.0/LOC) 
nid001049:658571:658681 [3] NCCL INFO Setting affinity for GPU 3 to ffff,00000000,0000ffff
nid001049:658571:658681 [3] NCCL INFO NVLS multicast support is not available on dev 3
nid001049:658571:658681 [3] NCCL INFO NCCL_CROSS_NIC set by environment to 1.
nid001049:658567:658683 [1] NCCL INFO Pattern 4, crossNic 1, nChannels 4, bw 24.000000/24.000000, type NVL/PHB, sameChannels 0
nid001049:658567:658683 [1] NCCL INFO  0 : NET/0-7 GPU/0 GPU/3 GPU/2 GPU/1 NET/0-7
nid001049:658567:658683 [1] NCCL INFO  1 : NET/0-1 GPU/3 GPU/0 GPU/1 GPU/2 NET/0-1
nid001049:658567:658683 [1] NCCL INFO  2 : NET/0-3 GPU/2 GPU/3 GPU/1 GPU/0 NET/0-3
nid001049:658567:658683 [1] NCCL INFO  3 : NET/0-5 GPU/1 GPU/2 GPU/0 GPU/3 NET/0-5
nid001049:658569:658682 [2] NCCL INFO Pattern 4, crossNic 1, nChannels 4, bw 24.000000/24.000000, type NVL/PHB, sameChannels 0
nid001049:658569:658682 [2] NCCL INFO  0 : NET/0-7 GPU/0 GPU/3 GPU/2 GPU/1 NET/0-7
nid001049:658569:658682 [2] NCCL INFO  1 : NET/0-1 GPU/3 GPU/0 GPU/1 GPU/2 NET/0-1
nid001049:658569:658682 [2] NCCL INFO  2 : NET/0-3 GPU/2 GPU/3 GPU/1 GPU/0 NET/0-3
nid001049:658569:658682 [2] NCCL INFO  3 : NET/0-5 GPU/1 GPU/2 GPU/0 GPU/3 NET/0-5
nid001049:658567:658683 [1] NCCL INFO Pattern 1, crossNic 1, nChannels 4, bw 48.000000/24.000000, type NVL/SYS, sameChannels 0
nid001049:658567:658683 [1] NCCL INFO  0 : NET/0-7 GPU/0 GPU/3 GPU/2 GPU/1 NET/0-7
nid001049:658567:658683 [1] NCCL INFO  1 : NET/0-1 GPU/3 GPU/1 GPU/0 GPU/2 NET/0-1
nid001049:658567:658683 [1] NCCL INFO  2 : NET/0-3 GPU/2 GPU/0 GPU/1 GPU/3 NET/0-3
nid001049:658567:658683 [1] NCCL INFO  3 : NET/0-5 GPU/1 GPU/2 GPU/3 GPU/0 NET/0-5
nid001049:658571:658681 [3] NCCL INFO Pattern 4, crossNic 1, nChannels 4, bw 24.000000/24.000000, type NVL/PHB, sameChannels 0
nid001049:658571:658681 [3] NCCL INFO  0 : NET/0-7 GPU/0 GPU/3 GPU/2 GPU/1 NET/0-7
nid001049:658571:658681 [3] NCCL INFO  1 : NET/0-1 GPU/3 GPU/0 GPU/1 GPU/2 NET/0-1
nid001049:658571:658681 [3] NCCL INFO  2 : NET/0-3 GPU/2 GPU/3 GPU/1 GPU/0 NET/0-3
nid001049:658571:658681 [3] NCCL INFO  3 : NET/0-5 GPU/1 GPU/2 GPU/0 GPU/3 NET/0-5
nid001049:658566:658680 [0] NCCL INFO Pattern 4, crossNic 1, nChannels 4, bw 24.000000/24.000000, type NVL/PHB, sameChannels 0
nid001049:658566:658680 [0] NCCL INFO  0 : NET/0-7 GPU/0 GPU/3 GPU/2 GPU/1 NET/0-7
nid001049:658566:658680 [0] NCCL INFO  1 : NET/0-1 GPU/3 GPU/0 GPU/1 GPU/2 NET/0-1
nid001049:658566:658680 [0] NCCL INFO  2 : NET/0-3 GPU/2 GPU/3 GPU/1 GPU/0 NET/0-3
nid001049:658566:658680 [0] NCCL INFO  3 : NET/0-5 GPU/1 GPU/2 GPU/0 GPU/3 NET/0-5
nid001049:658569:658682 [2] NCCL INFO Pattern 1, crossNic 1, nChannels 4, bw 48.000000/24.000000, type NVL/SYS, sameChannels 0
nid001049:658569:658682 [2] NCCL INFO  0 : NET/0-7 GPU/0 GPU/3 GPU/2 GPU/1 NET/0-7
nid001049:658569:658682 [2] NCCL INFO  1 : NET/0-1 GPU/3 GPU/1 GPU/0 GPU/2 NET/0-1
nid001049:658569:658682 [2] NCCL INFO  2 : NET/0-3 GPU/2 GPU/0 GPU/1 GPU/3 NET/0-3
nid001049:658569:658682 [2] NCCL INFO  3 : NET/0-5 GPU/1 GPU/2 GPU/3 GPU/0 NET/0-5
nid001049:658571:658681 [3] NCCL INFO Pattern 1, crossNic 1, nChannels 4, bw 48.000000/24.000000, type NVL/SYS, sameChannels 0
nid001049:658571:658681 [3] NCCL INFO  0 : NET/0-7 GPU/0 GPU/3 GPU/2 GPU/1 NET/0-7
nid001049:658571:658681 [3] NCCL INFO  1 : NET/0-1 GPU/3 GPU/1 GPU/0 GPU/2 NET/0-1
nid001049:658571:658681 [3] NCCL INFO  2 : NET/0-3 GPU/2 GPU/0 GPU/1 GPU/3 NET/0-3
nid001049:658571:658681 [3] NCCL INFO  3 : NET/0-5 GPU/1 GPU/2 GPU/3 GPU/0 NET/0-5
nid001049:658566:658680 [0] NCCL INFO Pattern 1, crossNic 1, nChannels 4, bw 48.000000/24.000000, type NVL/SYS, sameChannels 0
nid001049:658566:658680 [0] NCCL INFO  0 : NET/0-7 GPU/0 GPU/3 GPU/2 GPU/1 NET/0-7
nid001049:658566:658680 [0] NCCL INFO  1 : NET/0-1 GPU/3 GPU/1 GPU/0 GPU/2 NET/0-1
nid001049:658566:658680 [0] NCCL INFO  2 : NET/0-3 GPU/2 GPU/0 GPU/1 GPU/3 NET/0-3
nid001049:658566:658680 [0] NCCL INFO  3 : NET/0-5 GPU/1 GPU/2 GPU/3 GPU/0 NET/0-5
nid001049:658569:658682 [2] NCCL INFO comm 0x119e7a0 rank 2 nRanks 8 nNodes 2 localRanks 4 localRank 2 MNNVL 0
nid001049:658569:658682 [2] NCCL INFO Tree 2 : -1 -> 2 -> 0/6/-1
nid001049:658569:658682 [2] NCCL INFO Tree 6 : 6 -> 2 -> 0/-1/-1
nid001049:658569:658682 [2] NCCL INFO Tree 3 : 1 -> 2 -> 3/-1/-1
nid001049:658569:658682 [2] NCCL INFO Tree 7 : 1 -> 2 -> 3/-1/-1
nid001049:658571:658681 [3] NCCL INFO comm 0x119eab0 rank 3 nRanks 8 nNodes 2 localRanks 4 localRank 3 MNNVL 0
nid001049:658571:658681 [3] NCCL INFO Tree 0 : 0 -> 3 -> 2/-1/-1
nid001049:658571:658681 [3] NCCL INFO Tree 4 : 0 -> 3 -> 2/-1/-1
nid001049:658571:658681 [3] NCCL INFO Tree 1 : -1 -> 3 -> 1/7/-1
nid001049:658571:658681 [3] NCCL INFO Tree 5 : 7 -> 3 -> 1/-1/-1
nid001049:658571:658681 [3] NCCL INFO Ring 00 : 0 -> 3 -> 2
nid001049:658571:658681 [3] NCCL INFO Ring 01 : 5 -> 3 -> 0
nid001049:658566:658680 [0] NCCL INFO comm 0x119e210 rank 0 nRanks 8 nNodes 2 localRanks 4 localRank 0 MNNVL 0
nid001049:658566:658680 [0] NCCL INFO Tree 0 : -1 -> 0 -> 3/4/-1
nid001049:658566:658680 [0] NCCL INFO Tree 4 : 4 -> 0 -> 3/-1/-1
nid001049:658566:658680 [0] NCCL INFO Tree 2 : 2 -> 0 -> 1/-1/-1
nid001049:658566:658680 [0] NCCL INFO Tree 6 : 2 -> 0 -> 1/-1/-1
nid001049:658567:658683 [1] NCCL INFO comm 0x119e770 rank 1 nRanks 8 nNodes 2 localRanks 4 localRank 1 MNNVL 0
nid001049:658567:658683 [1] NCCL INFO Tree 1 : 3 -> 1 -> 0/-1/-1
nid001049:658567:658683 [1] NCCL INFO Tree 5 : 3 -> 1 -> 0/-1/-1
nid001049:658567:658683 [1] NCCL INFO Tree 3 : -1 -> 1 -> 2/5/-1
nid001049:658567:658683 [1] NCCL INFO Tree 7 : 5 -> 1 -> 2/-1/-1
nid001049:658567:658683 [1] NCCL INFO Ring 00 : 2 -> 1 -> 7
nid001049:658567:658683 [1] NCCL INFO Ring 01 : 0 -> 1 -> 2
nid001049:658567:658683 [1] NCCL INFO Ring 02 : 3 -> 1 -> 0
nid001049:658567:658683 [1] NCCL INFO Ring 03 : 4 -> 1 -> 2
nid001049:658567:658683 [1] NCCL INFO Ring 04 : 2 -> 1 -> 7
nid001049:658569:658682 [2] NCCL INFO Ring 00 : 3 -> 2 -> 1
nid001049:658569:658682 [2] NCCL INFO Ring 01 : 1 -> 2 -> 4
nid001049:658569:658682 [2] NCCL INFO Ring 02 : 7 -> 2 -> 3
nid001049:658569:658682 [2] NCCL INFO Ring 03 : 1 -> 2 -> 0
nid001049:658569:658682 [2] NCCL INFO Ring 04 : 3 -> 2 -> 1
nid001049:658569:658682 [2] NCCL INFO Ring 05 : 1 -> 2 -> 4
nid001049:658569:658682 [2] NCCL INFO Ring 06 : 7 -> 2 -> 3
nid001049:658569:658682 [2] NCCL INFO Ring 07 : 1 -> 2 -> 0
nid001049:658569:658682 [2] NCCL INFO Trees [0] 1/-1/-1->2->3 [1] -1/-1/-1->2->0 [2] 0/6/-1->2->-1 [3] 3/-1/-1->2->1 [4] 1/-1/-1->2->3 [5] -1/-1/-1->2->0 [6] 0/-1/-1->2->6 [7] 3/-1/-1->2->1
nid001049:658569:658682 [2] NCCL INFO P2P Chunksize set to 131072
nid001049:658571:658681 [3] NCCL INFO Ring 02 : 2 -> 3 -> 1
nid001049:658571:658681 [3] NCCL INFO Ring 03 : 0 -> 3 -> 6
nid001049:658571:658681 [3] NCCL INFO Ring 04 : 0 -> 3 -> 2
nid001049:658571:658681 [3] NCCL INFO Ring 05 : 5 -> 3 -> 0
nid001049:658571:658681 [3] NCCL INFO Ring 06 : 2 -> 3 -> 1
nid001049:658571:658681 [3] NCCL INFO Ring 07 : 0 -> 3 -> 6
nid001049:658571:658681 [3] NCCL INFO Trees [0] 2/-1/-1->3->0 [1] 1/7/-1->3->-1 [2] -1/-1/-1->3->1 [3] 0/-1/-1->3->2 [4] 2/-1/-1->3->0 [5] 1/-1/-1->3->7 [6] -1/-1/-1->3->1 [7] 0/-1/-1->3->2
nid001049:658571:658681 [3] NCCL INFO P2P Chunksize set to 131072
nid001049:658566:658680 [0] NCCL INFO Channel 00/08 : 0 3 2 1 7 4 5 6
nid001049:658566:658680 [0] NCCL INFO Channel 01/08 : 0 1 2 4 7 6 5 3
nid001049:658566:658680 [0] NCCL INFO Channel 02/08 : 0 5 6 4 7 2 3 1
nid001049:658566:658680 [0] NCCL INFO Channel 03/08 : 0 3 6 7 5 4 1 2
nid001049:658566:658680 [0] NCCL INFO Channel 04/08 : 0 3 2 1 7 4 5 6
nid001049:658566:658680 [0] NCCL INFO Channel 05/08 : 0 1 2 4 7 6 5 3
nid001049:658566:658680 [0] NCCL INFO Channel 06/08 : 0 5 6 4 7 2 3 1
nid001049:658566:658680 [0] NCCL INFO Channel 07/08 : 0 3 6 7 5 4 1 2
nid001049:658566:658680 [0] NCCL INFO Ring 00 : 6 -> 0 -> 3
nid001049:658566:658680 [0] NCCL INFO Ring 01 : 3 -> 0 -> 1
nid001049:658566:658680 [0] NCCL INFO Ring 02 : 1 -> 0 -> 5
nid001049:658566:658680 [0] NCCL INFO Ring 03 : 2 -> 0 -> 3
nid001049:658566:658680 [0] NCCL INFO Ring 04 : 6 -> 0 -> 3
nid001049:658566:658680 [0] NCCL INFO Ring 05 : 3 -> 0 -> 1
nid001049:658566:658680 [0] NCCL INFO Ring 06 : 1 -> 0 -> 5
nid001049:658566:658680 [0] NCCL INFO Ring 07 : 2 -> 0 -> 3
nid001049:658566:658680 [0] NCCL INFO Trees [0] 3/4/-1->0->-1 [1] 2/-1/-1->0->1 [2] 1/-1/-1->0->2 [3] -1/-1/-1->0->3 [4] 3/-1/-1->0->4 [5] 2/-1/-1->0->1 [6] 1/-1/-1->0->2 [7] -1/-1/-1->0->3
nid001049:658566:658680 [0] NCCL INFO P2P Chunksize set to 131072
nid001049:658567:658683 [1] NCCL INFO Ring 05 : 0 -> 1 -> 2
nid001049:658567:658683 [1] NCCL INFO Ring 06 : 3 -> 1 -> 0
nid001049:658567:658683 [1] NCCL INFO Ring 07 : 4 -> 1 -> 2
nid001049:658567:658683 [1] NCCL INFO Trees [0] -1/-1/-1->1->2 [1] 0/-1/-1->1->3 [2] 3/-1/-1->1->0 [3] 2/5/-1->1->-1 [4] -1/-1/-1->1->2 [5] 0/-1/-1->1->3 [6] 3/-1/-1->1->0 [7] 2/-1/-1->1->5
nid001049:658567:658683 [1] NCCL INFO P2P Chunksize set to 131072
nid001049:658571:658692 [3] NCCL INFO [Proxy Service] Device 3 CPU core 12
nid001049:658571:658694 [3] NCCL INFO [Proxy Service UDS] Device 3 CPU core 1
nid001049:658566:658695 [0] NCCL INFO [Proxy Service UDS] Device 0 CPU core 48
nid001049:658566:658693 [0] NCCL INFO [Proxy Service] Device 0 CPU core 54
nid001049:658567:658697 [1] NCCL INFO [Proxy Service] Device 1 CPU core 108
nid001049:658567:658699 [1] NCCL INFO [Proxy Service UDS] Device 1 CPU core 97
nid001049:658569:658696 [2] NCCL INFO [Proxy Service] Device 2 CPU core 95
nid001049:658569:658698 [2] NCCL INFO [Proxy Service UDS] Device 2 CPU core 82
nid001049:658566:658680 [0] NCCL INFO   Algorithm   |                            Tree                  |                            Ring                  |                   CollNetDirect                  |
nid001049:658566:658680 [0] NCCL INFO   Protocol    |             LL |          LL128 |         Simple |             LL |          LL128 |         Simple |             LL |          LL128 |         Simple |
nid001049:658566:658680 [0] NCCL INFO  Max NThreads |            512 |            640 |            512 |            512 |            640 |            512 |              0 |              0 |            640 |
nid001049:658566:658680 [0] NCCL INFO     Broadcast |     0.0/   0.0 |     0.0/   0.0 |     0.0/   0.0 |    28.2/  22.5 |    46.0/   0.0 |   120.4/  96.0 |     0.0/   0.0 |     0.0/   0.0 |     0.0/   0.0 |
nid001049:658566:658680 [0] NCCL INFO        Reduce |     0.0/   0.0 |     0.0/   0.0 |     0.0/   0.0 |    28.2/  22.5 |    46.0/   0.0 |   120.4/  96.0 |     0.0/   0.0 |     0.0/   0.0 |     0.0/   0.0 |
nid001049:658566:658680 [0] NCCL INFO     AllGather |     0.0/   0.0 |     0.0/   0.0 |     0.0/   0.0 |    21.3/  25.7 |    30.0/   0.0 |    58.4/ 109.7 |     2.4/   0.0 |     2.4/   0.0 |    40.8/   0.0 |
nid001049:658566:658680 [0] NCCL INFO ReduceScatter |     0.0/   0.0 |     0.0/   0.0 |     0.0/   0.0 |    21.3/  25.7 |    30.0/   0.0 |    58.4/ 109.7 |     2.4/   0.0 |     2.4/   0.0 |    40.8/   0.0 |
nid001049:658566:658680 [0] NCCL INFO     AllReduce |    20.4/  11.2 |    38.5/   0.0 |    60.4/  47.2 |    36.0/  12.9 |    46.0/   0.0 |   108.4/  54.9 |     2.4/   0.0 |     2.4/   0.0 |    40.8/   0.0 |
nid001049:658566:658680 [0] NCCL INFO   Algorithm   |                    CollNetChain                  |                            NVLS                  |                        NVLSTree                  |
nid001049:658566:658680 [0] NCCL INFO   Protocol    |             LL |          LL128 |         Simple |             LL |          LL128 |         Simple |             LL |          LL128 |         Simple |
nid001049:658566:658680 [0] NCCL INFO  Max NThreads |              0 |              0 |            640 |              0 |              0 |            640 |              0 |              0 |            640 |
nid001049:658566:658680 [0] NCCL INFO     Broadcast |     0.0/   0.0 |     0.0/   0.0 |     0.0/   0.0 |     0.0/   0.0 |     0.0/   0.0 |     0.0/   0.0 |     0.0/   0.0 |     0.0/   0.0 |     0.0/   0.0 |
nid001049:658566:658680 [0] NCCL INFO        Reduce |     0.0/   0.0 |     0.0/   0.0 |     0.0/   0.0 |     0.0/   0.0 |     0.0/   0.0 |     0.0/   0.0 |     0.0/   0.0 |     0.0/   0.0 |     0.0/   0.0 |
nid001049:658566:658680 [0] NCCL INFO     AllGather |     0.0/   0.0 |     0.0/   0.0 |     0.0/   0.0 |     0.0/   0.0 |     0.0/   0.0 |    18.0/   0.0 |     0.0/   0.0 |     0.0/   0.0 |     0.0/   0.0 |
nid001049:658569:658682 [2] NCCL INFO threadThresholds 8/8/64 | 64/8/64 | 512 | 512
nid001049:658569:658682 [2] NCCL INFO 8 coll channels, 8 collnet channels, 0 nvls channels, 8 p2p channels, 2 p2p channels per peer
nid001049:658566:658680 [0] NCCL INFO ReduceScatter |     0.0/   0.0 |     0.0/   0.0 |     0.0/   0.0 |     0.0/   0.0 |     0.0/   0.0 |    18.0/   0.0 |     0.0/   0.0 |     0.0/   0.0 |     0.0/   0.0 |
nid001049:658566:658680 [0] NCCL INFO     AllReduce |     0.0/   0.0 |     0.0/   0.0 |    46.8/   0.0 |     0.0/   0.0 |     0.0/   0.0 |    18.0/   0.0 |     0.0/   0.0 |     0.0/   0.0 |    28.0/   0.0 |
nid001049:658566:658680 [0] NCCL INFO   Algorithm   |                             PAT                  |
nid001049:658566:658680 [0] NCCL INFO   Protocol    |             LL |          LL128 |         Simple |             LL |          LL128 |         Simple |             LL |          LL128 |         Simple |
nid001049:658566:658680 [0] NCCL INFO  Max NThreads |              0 |              0 |              0 |
nid001049:658566:658680 [0] NCCL INFO     Broadcast |     0.0/   0.0 |     0.0/   0.0 |     0.0/   0.0 |
nid001049:658566:658680 [0] NCCL INFO        Reduce |     0.0/   0.0 |     0.0/   0.0 |     0.0/   0.0 |
nid001049:658566:658680 [0] NCCL INFO     AllGather |     0.0/   0.0 |     0.0/   0.0 |     0.0/   0.0 |
nid001049:658566:658680 [0] NCCL INFO ReduceScatter |     0.0/   0.0 |     0.0/   0.0 |     0.0/   0.0 |
nid001049:658566:658680 [0] NCCL INFO     AllReduce |     0.0/   0.0 |     0.0/   0.0 |     0.0/   0.0 |
nid001049:658566:658680 [0] NCCL INFO threadThresholds 8/8/64 | 64/8/64 | 512 | 512
nid001049:658566:658680 [0] NCCL INFO 8 coll channels, 8 collnet channels, 0 nvls channels, 8 p2p channels, 2 p2p channels per peer
nid001049:658567:658683 [1] NCCL INFO threadThresholds 8/8/64 | 64/8/64 | 512 | 512
nid001049:658567:658683 [1] NCCL INFO 8 coll channels, 8 collnet channels, 0 nvls channels, 8 p2p channels, 2 p2p channels per peer
nid001049:658566:658680 [0] NCCL INFO CC Off, Multi-GPU CC Off, workFifoBytes 1048576
nid001052:1765952:1766045 [1] NCCL INFO threadThresholds 8/8/64 | 64/8/64 | 512 | 512
nid001052:1765952:1766045 [1] NCCL INFO 8 coll channels, 8 collnet channels, 0 nvls channels, 8 p2p channels, 2 p2p channels per peer
nid001052:1765956:1766044 [3] NCCL INFO threadThresholds 8/8/64 | 64/8/64 | 512 | 512
nid001052:1765956:1766044 [3] NCCL INFO 8 coll channels, 8 collnet channels, 0 nvls channels, 8 p2p channels, 2 p2p channels per peer
nid001052:1765951:1766046 [0] NCCL INFO threadThresholds 8/8/64 | 64/8/64 | 512 | 512
nid001052:1765951:1766046 [0] NCCL INFO 8 coll channels, 8 collnet channels, 0 nvls channels, 8 p2p channels, 2 p2p channels per peer
nid001052:1765954:1766043 [2] NCCL INFO threadThresholds 8/8/64 | 64/8/64 | 512 | 512
nid001052:1765954:1766043 [2] NCCL INFO 8 coll channels, 8 collnet channels, 0 nvls channels, 8 p2p channels, 2 p2p channels per peer
nid001049:658571:658681 [3] NCCL INFO threadThresholds 8/8/64 | 64/8/64 | 512 | 512
nid001049:658571:658681 [3] NCCL INFO 8 coll channels, 8 collnet channels, 0 nvls channels, 8 p2p channels, 2 p2p channels per peer
nid001052:1765951:1766046 [0] NCCL INFO TUNER/Plugin: Failed to find ncclTunerPlugin_v3 symbol.
nid001052:1765951:1766046 [0] NCCL INFO TUNER/Plugin: Failed to find ncclTunerPlugin_v2 symbol, using internal tuner instead.
nid001052:1765951:1766046 [0] NCCL INFO ncclCommInitRank comm 0x119fe70 rank 4 nranks 8 cudaDev 0 nvmlDev 0 busId 3000 commId 0x37cd54f69d7e1111 - Init COMPLETE
nid001052:1765951:1766046 [0] NCCL INFO Init timings - ncclCommInitRank: rank 4 nranks 8 total 0.55 (kernels 0.13, alloc 0.23, bootstrap 0.01, allgathers 0.00, topo 0.14, graphs 0.03, connections 0.01, rest 0.00)
nid001052:1765952:1766045 [1] NCCL INFO TUNER/Plugin: Failed to find ncclTunerPlugin_v3 symbol.
nid001052:1765952:1766045 [1] NCCL INFO TUNER/Plugin: Failed to find ncclTunerPlugin_v2 symbol, using internal tuner instead.
nid001052:1765952:1766045 [1] NCCL INFO ncclCommInitRank comm 0x119e760 rank 5 nranks 8 cudaDev 1 nvmlDev 1 busId 41000 commId 0x37cd54f69d7e1111 - Init COMPLETE
nid001052:1765952:1766045 [1] NCCL INFO Init timings - ncclCommInitRank: rank 5 nranks 8 total 0.55 (kernels 0.14, alloc 0.22, bootstrap 0.01, allgathers 0.01, topo 0.14, graphs 0.02, connections 0.01, rest 0.00)
nid001052:1765954:1766043 [2] NCCL INFO TUNER/Plugin: Failed to find ncclTunerPlugin_v3 symbol.
nid001052:1765954:1766043 [2] NCCL INFO TUNER/Plugin: Failed to find ncclTunerPlugin_v2 symbol, using internal tuner instead.
nid001052:1765954:1766043 [2] NCCL INFO ncclCommInitRank comm 0x119e580 rank 6 nranks 8 cudaDev 2 nvmlDev 2 busId 82000 commId 0x37cd54f69d7e1111 - Init COMPLETE
nid001052:1765954:1766043 [2] NCCL INFO Init timings - ncclCommInitRank: rank 6 nranks 8 total 0.55 (kernels 0.13, alloc 0.22, bootstrap 0.02, allgathers 0.00, topo 0.14, graphs 0.02, connections 0.01, rest 0.00)
nid001052:1765956:1766044 [3] NCCL INFO TUNER/Plugin: Failed to find ncclTunerPlugin_v3 symbol.
nid001052:1765956:1766044 [3] NCCL INFO TUNER/Plugin: Failed to find ncclTunerPlugin_v2 symbol, using internal tuner instead.
nid001052:1765956:1766044 [3] NCCL INFO ncclCommInitRank comm 0x119e860 rank 7 nranks 8 cudaDev 3 nvmlDev 3 busId c1000 commId 0x37cd54f69d7e1111 - Init COMPLETE
nid001052:1765956:1766044 [3] NCCL INFO Init timings - ncclCommInitRank: rank 7 nranks 8 total 0.55 (kernels 0.14, alloc 0.23, bootstrap 0.01, allgathers 0.00, topo 0.14, graphs 0.02, connections 0.01, rest 0.00)
nid001049:658566:658680 [0] NCCL INFO TUNER/Plugin: Failed to find ncclTunerPlugin_v3 symbol.
nid001049:658566:658680 [0] NCCL INFO TUNER/Plugin: Failed to find ncclTunerPlugin_v2 symbol, using internal tuner instead.
nid001049:658566:658680 [0] NCCL INFO ncclCommInitRank comm 0x119e210 rank 0 nranks 8 cudaDev 0 nvmlDev 0 busId 3000 commId 0x37cd54f69d7e1111 - Init COMPLETE
nid001049:658566:658680 [0] NCCL INFO Init timings - ncclCommInitRank: rank 0 nranks 8 total 0.60 (kernels 0.17, alloc 0.20, bootstrap 0.05, allgathers 0.01, topo 0.13, graphs 0.02, connections 0.01, rest 0.00)
nid001049:658567:658683 [1] NCCL INFO TUNER/Plugin: Failed to find ncclTunerPlugin_v3 symbol.
nid001049:658567:658683 [1] NCCL INFO TUNER/Plugin: Failed to find ncclTunerPlugin_v2 symbol, using internal tuner instead.
nid001049:658567:658683 [1] NCCL INFO ncclCommInitRank comm 0x119e770 rank 1 nranks 8 cudaDev 1 nvmlDev 1 busId 41000 commId 0x37cd54f69d7e1111 - Init COMPLETE
nid001049:658567:658683 [1] NCCL INFO Init timings - ncclCommInitRank: rank 1 nranks 8 total 0.57 (kernels 0.09, alloc 0.22, bootstrap 0.07, allgathers 0.01, topo 0.13, graphs 0.02, connections 0.01, rest 0.00)
nid001049:658569:658682 [2] NCCL INFO TUNER/Plugin: Failed to find ncclTunerPlugin_v3 symbol.
nid001049:658569:658682 [2] NCCL INFO TUNER/Plugin: Failed to find ncclTunerPlugin_v2 symbol, using internal tuner instead.
nid001049:658569:658682 [2] NCCL INFO ncclCommInitRank comm 0x119e7a0 rank 2 nranks 8 cudaDev 2 nvmlDev 2 busId 82000 commId 0x37cd54f69d7e1111 - Init COMPLETE
nid001049:658569:658682 [2] NCCL INFO Init timings - ncclCommInitRank: rank 2 nranks 8 total 0.57 (kernels 0.10, alloc 0.23, bootstrap 0.06, allgathers 0.01, topo 0.13, graphs 0.02, connections 0.01, rest 0.00)
nid001049:658571:658681 [3] NCCL INFO TUNER/Plugin: Failed to find ncclTunerPlugin_v3 symbol.
nid001049:658571:658681 [3] NCCL INFO TUNER/Plugin: Failed to find ncclTunerPlugin_v2 symbol, using internal tuner instead.
nid001049:658571:658681 [3] NCCL INFO ncclCommInitRank comm 0x119eab0 rank 3 nranks 8 cudaDev 3 nvmlDev 3 busId c1000 commId 0x37cd54f69d7e1111 - Init COMPLETE
nid001049:658571:658681 [3] NCCL INFO Init timings - ncclCommInitRank: rank 3 nranks 8 total 0.57 (kernels 0.10, alloc 0.22, bootstrap 0.07, allgathers 0.01, topo 0.13, graphs 0.02, connections 0.01, rest 0.00)
#
#                                                              out-of-place                       in-place          
#       size         count      type   redop    root     time   algbw   busbw #wrong     time   algbw   busbw #wrong
#        (B)    (elements)                               (us)  (GB/s)  (GB/s)            (us)  (GB/s)  (GB/s)       
nid001049:658566:658566 [0] NCCL INFO AllReduce: 4294967296 Bytes -> Algo 1 proto 2 time 78445.421875
nid001049:658566:658701 [0] NCCL INFO Channel 01/0 : 0[0] -> 1[1] via P2P/CUMEM/read
nid001052:1765951:1766063 [0] NCCL INFO Channel 00/0 : 4[0] -> 5[1] via P2P/CUMEM/read
nid001049:658569:658696 [2] NCCL INFO New proxy recv connection 0 from local rank 2, transport 0
nid001049:658569:658700 [2] NCCL INFO Connected to proxy localRank 2 -> connection 0x7fcac0000d10
nid001049:658566:658693 [0] NCCL INFO New proxy send connection 0 from local rank 0, transport 0
nid001052:1765954:1766056 [2] NCCL INFO New proxy recv connection 0 from local rank 2, transport 0
nid001052:1765954:1766064 [2] NCCL INFO Connected to proxy localRank 2 -> connection 0x7f7288000d10
nid001049:658566:658701 [0] NCCL INFO Connected to proxy localRank 0 -> connection 0x7f9b60000d10
nid001049:658571:658692 [3] NCCL INFO New proxy recv connection 0 from local rank 3, transport 0
nid001049:658567:658697 [1] NCCL INFO New proxy recv connection 0 from local rank 1, transport 0
nid001052:1765956:1766055 [3] NCCL INFO New proxy recv connection 0 from local rank 3, transport 0
nid001052:1765956:1766065 [3] NCCL INFO Connected to proxy localRank 3 -> connection 0x7f5ad0000d10
nid001049:658571:658702 [3] NCCL INFO Connected to proxy localRank 3 -> connection 0x7f0220000d10
nid001052:1765951:1766057 [0] NCCL INFO New proxy send connection 0 from local rank 0, transport 0
nid001049:658567:658703 [1] NCCL INFO Connected to proxy localRank 1 -> connection 0x7f16a0000d10
nid001052:1765952:1766060 [1] NCCL INFO New proxy recv connection 0 from local rank 1, transport 0
nid001052:1765952:1766066 [1] NCCL INFO Connected to proxy localRank 1 -> connection 0x7fe740000d10
nid001052:1765951:1766063 [0] NCCL INFO Connected to proxy localRank 0 -> connection 0x7fef00000d10
nid001049:658566:658701 [0] NCCL INFO Channel 05/0 : 0[0] -> 1[1] via P2P/CUMEM/read
nid001052:1765954:1766056 [2] NCCL INFO New proxy recv connection 1 from local rank 2, transport 0
nid001052:1765954:1766064 [2] NCCL INFO Connected to proxy localRank 2 -> connection 0x7f7288000d88
nid001049:658569:658696 [2] NCCL INFO New proxy recv connection 1 from local rank 2, transport 0
nid001049:658569:658700 [2] NCCL INFO Connected to proxy localRank 2 -> connection 0x7fcac0000d88
nid001049:658566:658693 [0] NCCL INFO New proxy send connection 1 from local rank 0, transport 0
nid001049:658571:658692 [3] NCCL INFO New proxy recv connection 1 from local rank 3, transport 0
nid001052:1765951:1766063 [0] NCCL INFO Channel 04/0 : 4[0] -> 5[1] via P2P/CUMEM/read
nid001049:658566:658701 [0] NCCL INFO Connected to proxy localRank 0 -> connection 0x7f9b60000d88
nid001049:658571:658702 [3] NCCL INFO Connected to proxy localRank 3 -> connection 0x7f0220000d88
nid001049:658567:658697 [1] NCCL INFO New proxy recv connection 1 from local rank 1, transport 0
nid001049:658567:658703 [1] NCCL INFO Connected to proxy localRank 1 -> connection 0x7f16a0000d88
nid001052:1765956:1766055 [3] NCCL INFO New proxy recv connection 1 from local rank 3, transport 0
nid001052:1765956:1766065 [3] NCCL INFO Connected to proxy localRank 3 -> connection 0x7f5ad0000d88
nid001052:1765952:1766060 [1] NCCL INFO New proxy recv connection 1 from local rank 1, transport 0
nid001052:1765951:1766057 [0] NCCL INFO New proxy send connection 1 from local rank 0, transport 0
nid001052:1765952:1766066 [1] NCCL INFO Connected to proxy localRank 1 -> connection 0x7fe740000d88
nid001052:1765951:1766063 [0] NCCL INFO Connected to proxy localRank 0 -> connection 0x7fef00000d88
nid001049:658569:658696 [2] NCCL INFO New proxy recv connection 2 from local rank 2, transport 0
nid001049:658569:658700 [2] NCCL INFO Connected to proxy localRank 2 -> connection 0x7fcac0000e00
nid001052:1765954:1766056 [2] NCCL INFO New proxy recv connection 2 from local rank 2, transport 0
nid001052:1765954:1766064 [2] NCCL INFO Connected to proxy localRank 2 -> connection 0x7f7288000e00
nid001049:658567:658703 [1] NCCL INFO Channel 01/0 : 1[1] -> 2[2] via P2P/CUMEM/read
nid001052:1765952:1766066 [1] NCCL INFO Channel 00/0 : 5[1] -> 6[2] via P2P/CUMEM/read
nid001049:658567:658697 [1] NCCL INFO New proxy send connection 2 from local rank 1, transport 0
nid001049:658567:658703 [1] NCCL INFO Connected to proxy localRank 1 -> connection 0x7f16a0000e00
nid001052:1765952:1766060 [1] NCCL INFO New proxy send connection 2 from local rank 1, transport 0
nid001052:1765952:1766066 [1] NCCL INFO Connected to proxy localRank 1 -> connection 0x7fe740000e00
nid001049:658569:658696 [2] NCCL INFO New proxy recv connection 3 from local rank 2, transport 0
nid001049:658569:658700 [2] NCCL INFO Connected to proxy localRank 2 -> connection 0x7fcac0000e78
nid001052:1765954:1766056 [2] NCCL INFO New proxy recv connection 3 from local rank 2, transport 0
nid001052:1765954:1766064 [2] NCCL INFO Connected to proxy localRank 2 -> connection 0x7f7288000e78
