========== BUILDING NCCL TESTS ==========
Skipping ... nccl-tests-shifter directory already exists
========== RUNNING NCCL TESTS ==========
# nThread 1 nGpus 1 minBytes 8 maxBytes 4294967296 step: 2(factor) warmup iters: 5 iters: 20 agg iters: 1 validation: 1 graph: 0
#
# Using devices
#  Rank  0 Group  0 Pid 622705 on  nid001049 device  0 [0x03] NVIDIA A100-SXM4-40GB
#  Rank  1 Group  0 Pid 622706 on  nid001049 device  1 [0x41] NVIDIA A100-SXM4-40GB
#  Rank  2 Group  0 Pid 622708 on  nid001049 device  2 [0x82] NVIDIA A100-SXM4-40GB
#  Rank  3 Group  0 Pid 622710 on  nid001049 device  3 [0xc1] NVIDIA A100-SXM4-40GB
#  Rank  4 Group  0 Pid 1729923 on  nid001052 device  0 [0x03] NVIDIA A100-SXM4-40GB
#  Rank  5 Group  0 Pid 1729924 on  nid001052 device  1 [0x41] NVIDIA A100-SXM4-40GB
#  Rank  6 Group  0 Pid 1729926 on  nid001052 device  2 [0x82] NVIDIA A100-SXM4-40GB
#  Rank  7 Group  0 Pid 1729928 on  nid001052 device  3 [0xc1] NVIDIA A100-SXM4-40GB
nid001049:622705:622705 [0] NCCL INFO NCCL_SOCKET_IFNAME set by environment to hsn
nid001049:622705:622705 [0] NCCL INFO Bootstrap : Using hsn0:10.250.0.161<0>
nid001052:1729923:1729923 [0] NCCL INFO cudaDriverVersion 12060
nid001052:1729928:1729928 [3] NCCL INFO cudaDriverVersion 12060
nid001052:1729924:1729924 [1] NCCL INFO cudaDriverVersion 12060
nid001052:1729923:1729923 [0] NCCL INFO NCCL_SOCKET_IFNAME set by environment to hsn
nid001052:1729923:1729923 [0] NCCL INFO Bootstrap : Using hsn0:10.250.0.47<0>
nid001052:1729923:1729923 [0] NCCL INFO NCCL version 2.22.3+cuda12.6
nid001052:1729928:1729928 [3] NCCL INFO NCCL_SOCKET_IFNAME set by environment to hsn
nid001052:1729928:1729928 [3] NCCL INFO Bootstrap : Using hsn0:10.250.0.47<0>
nid001052:1729928:1729928 [3] NCCL INFO NCCL version 2.22.3+cuda12.6
nid001052:1729924:1729924 [1] NCCL INFO NCCL_SOCKET_IFNAME set by environment to hsn
nid001052:1729924:1729924 [1] NCCL INFO Bootstrap : Using hsn0:10.250.0.47<0>
nid001052:1729924:1729924 [1] NCCL INFO NCCL version 2.22.3+cuda12.6
nid001049:622706:622706 [1] NCCL INFO cudaDriverVersion 12060
nid001049:622705:622705 [0] NCCL INFO cudaDriverVersion 12060
nid001049:622710:622710 [3] NCCL INFO cudaDriverVersion 12060
nid001052:1729926:1729926 [2] NCCL INFO cudaDriverVersion 12060
nid001049:622706:622706 [1] NCCL INFO NCCL_SOCKET_IFNAME set by environment to hsn
nid001049:622706:622706 [1] NCCL INFO Bootstrap : Using hsn0:10.250.0.161<0>
nid001049:622706:622706 [1] NCCL INFO NCCL version 2.22.3+cuda12.6
nid001052:1729926:1729926 [2] NCCL INFO NCCL_SOCKET_IFNAME set by environment to hsn
nid001052:1729926:1729926 [2] NCCL INFO Bootstrap : Using hsn0:10.250.0.47<0>
nid001052:1729926:1729926 [2] NCCL INFO NCCL version 2.22.3+cuda12.6
nid001049:622708:622708 [2] NCCL INFO cudaDriverVersion 12060
nid001049:622705:622705 [0] NCCL INFO NCCL version 2.22.3+cuda12.6
nid001049:622710:622710 [3] NCCL INFO NCCL_SOCKET_IFNAME set by environment to hsn
nid001049:622708:622708 [2] NCCL INFO NCCL_SOCKET_IFNAME set by environment to hsn
nid001049:622708:622708 [2] NCCL INFO Bootstrap : Using hsn0:10.250.0.161<0>
nid001049:622708:622708 [2] NCCL INFO NCCL version 2.22.3+cuda12.6
nid001049:622710:622710 [3] NCCL INFO Bootstrap : Using hsn0:10.250.0.161<0>
nid001049:622710:622710 [3] NCCL INFO NCCL version 2.22.3+cuda12.6
nid001049:622706:623417 [1] NCCL INFO NET/Plugin: Failed to find ncclNetPlugin_v8 symbol.
nid001049:622706:623417 [1] NCCL INFO NET/Plugin: Loaded net plugin AWS Libfabric (v6)
nid001049:622706:623417 [1] NCCL INFO NET/Plugin: Failed to find ncclCollNetPlugin_v8 symbol.
nid001049:622706:623417 [1] NCCL INFO NET/Plugin: Failed to find ncclCollNetPlugin symbol (>= v5). ncclCollNetPlugin symbols v4 and lower are not supported.
nid001049:622706:623417 [1] NCCL INFO NET/OFI Using aws-ofi-nccl 1.6.0
nid001049:622708:623419 [2] NCCL INFO NET/Plugin: Failed to find ncclNetPlugin_v8 symbol.
nid001049:622708:623419 [2] NCCL INFO NET/Plugin: Loaded net plugin AWS Libfabric (v6)
nid001049:622708:623419 [2] NCCL INFO NET/Plugin: Failed to find ncclCollNetPlugin_v8 symbol.
nid001049:622708:623419 [2] NCCL INFO NET/Plugin: Failed to find ncclCollNetPlugin symbol (>= v5). ncclCollNetPlugin symbols v4 and lower are not supported.
nid001049:622708:623419 [2] NCCL INFO NET/OFI Using aws-ofi-nccl 1.6.0
nid001049:622710:623420 [3] NCCL INFO NET/Plugin: Failed to find ncclNetPlugin_v8 symbol.
nid001049:622710:623420 [3] NCCL INFO NET/Plugin: Loaded net plugin AWS Libfabric (v6)
nid001049:622710:623420 [3] NCCL INFO NET/Plugin: Failed to find ncclCollNetPlugin_v8 symbol.
nid001049:622710:623420 [3] NCCL INFO NET/Plugin: Failed to find ncclCollNetPlugin symbol (>= v5). ncclCollNetPlugin symbols v4 and lower are not supported.
nid001049:622710:623420 [3] NCCL INFO NET/OFI Using aws-ofi-nccl 1.6.0
nid001049:622705:623418 [0] NCCL INFO NET/Plugin: Failed to find ncclNetPlugin_v8 symbol.
nid001049:622705:623418 [0] NCCL INFO NET/Plugin: Loaded net plugin AWS Libfabric (v6)
nid001049:622705:623418 [0] NCCL INFO NET/Plugin: Failed to find ncclCollNetPlugin_v8 symbol.
nid001049:622705:623418 [0] NCCL INFO NET/Plugin: Failed to find ncclCollNetPlugin symbol (>= v5). ncclCollNetPlugin symbols v4 and lower are not supported.
nid001049:622705:623418 [0] NCCL INFO NET/OFI Using aws-ofi-nccl 1.6.0
nid001052:1729923:1730635 [0] NCCL INFO NET/Plugin: Failed to find ncclNetPlugin_v8 symbol.
nid001052:1729923:1730635 [0] NCCL INFO NET/Plugin: Loaded net plugin AWS Libfabric (v6)
nid001052:1729923:1730635 [0] NCCL INFO NET/Plugin: Failed to find ncclCollNetPlugin_v8 symbol.
nid001052:1729923:1730635 [0] NCCL INFO NET/Plugin: Failed to find ncclCollNetPlugin symbol (>= v5). ncclCollNetPlugin symbols v4 and lower are not supported.
nid001052:1729923:1730635 [0] NCCL INFO NET/OFI Using aws-ofi-nccl 1.6.0
nid001052:1729924:1730637 [1] NCCL INFO NET/Plugin: Failed to find ncclNetPlugin_v8 symbol.
nid001052:1729924:1730637 [1] NCCL INFO NET/Plugin: Loaded net plugin AWS Libfabric (v6)
nid001052:1729924:1730637 [1] NCCL INFO NET/Plugin: Failed to find ncclCollNetPlugin_v8 symbol.
nid001052:1729924:1730637 [1] NCCL INFO NET/Plugin: Failed to find ncclCollNetPlugin symbol (>= v5). ncclCollNetPlugin symbols v4 and lower are not supported.
nid001052:1729924:1730637 [1] NCCL INFO NET/OFI Using aws-ofi-nccl 1.6.0
nid001052:1729926:1730638 [2] NCCL INFO NET/Plugin: Failed to find ncclNetPlugin_v8 symbol.
nid001052:1729926:1730638 [2] NCCL INFO NET/Plugin: Loaded net plugin AWS Libfabric (v6)
nid001052:1729926:1730638 [2] NCCL INFO NET/Plugin: Failed to find ncclCollNetPlugin_v8 symbol.
nid001052:1729926:1730638 [2] NCCL INFO NET/Plugin: Failed to find ncclCollNetPlugin symbol (>= v5). ncclCollNetPlugin symbols v4 and lower are not supported.
nid001052:1729926:1730638 [2] NCCL INFO NET/OFI Using aws-ofi-nccl 1.6.0
nid001052:1729928:1730636 [3] NCCL INFO NET/Plugin: Failed to find ncclNetPlugin_v8 symbol.
nid001052:1729928:1730636 [3] NCCL INFO NET/Plugin: Loaded net plugin AWS Libfabric (v6)
nid001052:1729928:1730636 [3] NCCL INFO NET/Plugin: Failed to find ncclCollNetPlugin_v8 symbol.
nid001052:1729928:1730636 [3] NCCL INFO NET/Plugin: Failed to find ncclCollNetPlugin symbol (>= v5). ncclCollNetPlugin symbols v4 and lower are not supported.
nid001052:1729928:1730636 [3] NCCL INFO NET/OFI Using aws-ofi-nccl 1.6.0
nid001049:622706:623417 [1] NCCL INFO NET/OFI Selected Provider is cxi (found 8 nics)
nid001049:622706:623417 [1] NCCL INFO Using network AWS Libfabric
nid001049:622708:623419 [2] NCCL INFO NET/OFI Selected Provider is cxi (found 8 nics)
nid001049:622708:623419 [2] NCCL INFO Using network AWS Libfabric
nid001049:622705:623418 [0] NCCL INFO NET/OFI Selected Provider is cxi (found 8 nics)
nid001049:622705:623418 [0] NCCL INFO Using network AWS Libfabric
nid001049:622710:623420 [3] NCCL INFO NET/OFI Selected Provider is cxi (found 8 nics)
nid001049:622710:623420 [3] NCCL INFO Using network AWS Libfabric
nid001052:1729924:1730637 [1] NCCL INFO NET/OFI Selected Provider is cxi (found 8 nics)
nid001052:1729924:1730637 [1] NCCL INFO Using network AWS Libfabric
nid001052:1729926:1730638 [2] NCCL INFO NET/OFI Selected Provider is cxi (found 8 nics)
nid001052:1729926:1730638 [2] NCCL INFO Using network AWS Libfabric
nid001052:1729928:1730636 [3] NCCL INFO NET/OFI Selected Provider is cxi (found 8 nics)
nid001052:1729928:1730636 [3] NCCL INFO Using network AWS Libfabric
nid001052:1729923:1730635 [0] NCCL INFO NET/OFI Selected Provider is cxi (found 8 nics)
nid001052:1729923:1730635 [0] NCCL INFO Using network AWS Libfabric
nid001052:1729928:1730636 [3] NCCL INFO DMA-BUF is available on GPU device 3
nid001049:622708:623419 [2] NCCL INFO DMA-BUF is available on GPU device 2
nid001049:622706:623417 [1] NCCL INFO DMA-BUF is available on GPU device 1
nid001049:622705:623418 [0] NCCL INFO DMA-BUF is available on GPU device 0
nid001049:622710:623420 [3] NCCL INFO DMA-BUF is available on GPU device 3
nid001052:1729923:1730635 [0] NCCL INFO DMA-BUF is available on GPU device 0
nid001052:1729924:1730637 [1] NCCL INFO DMA-BUF is available on GPU device 1
nid001052:1729926:1730638 [2] NCCL INFO DMA-BUF is available on GPU device 2
nid001049:622705:623418 [0] NCCL INFO ncclCommInitRank comm 0x558b5c346ad0 rank 0 nranks 8 cudaDev 0 nvmlDev 0 busId 3000 commId 0xb0b78613a0979c1b - Init START
nid001049:622706:623417 [1] NCCL INFO ncclCommInitRank comm 0x55c4377aa5a0 rank 1 nranks 8 cudaDev 1 nvmlDev 1 busId 41000 commId 0xb0b78613a0979c1b - Init START
nid001052:1729923:1730635 [0] NCCL INFO ncclCommInitRank comm 0x55c74dcacc80 rank 4 nranks 8 cudaDev 0 nvmlDev 0 busId 3000 commId 0xb0b78613a0979c1b - Init START
nid001049:622708:623419 [2] NCCL INFO ncclCommInitRank comm 0x558387418480 rank 2 nranks 8 cudaDev 2 nvmlDev 2 busId 82000 commId 0xb0b78613a0979c1b - Init START
nid001052:1729924:1730637 [1] NCCL INFO ncclCommInitRank comm 0x560accc70620 rank 5 nranks 8 cudaDev 1 nvmlDev 1 busId 41000 commId 0xb0b78613a0979c1b - Init START
nid001049:622710:623420 [3] NCCL INFO ncclCommInitRank comm 0x55cc3b961740 rank 3 nranks 8 cudaDev 3 nvmlDev 3 busId c1000 commId 0xb0b78613a0979c1b - Init START
nid001052:1729926:1730638 [2] NCCL INFO ncclCommInitRank comm 0x55ed9738ba20 rank 6 nranks 8 cudaDev 2 nvmlDev 2 busId 82000 commId 0xb0b78613a0979c1b - Init START
nid001052:1729928:1730636 [3] NCCL INFO ncclCommInitRank comm 0x564ba7783620 rank 7 nranks 8 cudaDev 3 nvmlDev 3 busId c1000 commId 0xb0b78613a0979c1b - Init START
nid001049:622705:623418 [0] NCCL INFO Setting affinity for GPU 0 to ffff0000,00000000,ffff0000,00000000
nid001049:622705:623418 [0] NCCL INFO NVLS multicast support is not available on dev 0
nid001049:622705:623418 [0] NCCL INFO NCCL_CROSS_NIC set by environment to 1.
nid001049:622708:623419 [2] NCCL INFO Setting affinity for GPU 2 to ffff0000,00000000,ffff0000
nid001049:622708:623419 [2] NCCL INFO NVLS multicast support is not available on dev 2
nid001049:622708:623419 [2] NCCL INFO NCCL_CROSS_NIC set by environment to 1.
nid001049:622710:623420 [3] NCCL INFO Setting affinity for GPU 3 to ffff,00000000,0000ffff
nid001049:622710:623420 [3] NCCL INFO NVLS multicast support is not available on dev 3
nid001049:622710:623420 [3] NCCL INFO NCCL_CROSS_NIC set by environment to 1.
nid001049:622706:623417 [1] NCCL INFO Setting affinity for GPU 1 to ffff,00000000,0000ffff,00000000
nid001049:622706:623417 [1] NCCL INFO NVLS multicast support is not available on dev 1
nid001049:622706:623417 [1] NCCL INFO NCCL_CROSS_NIC set by environment to 1.
nid001052:1729923:1730635 [0] NCCL INFO Setting affinity for GPU 0 to ffff0000,00000000,ffff0000,00000000
nid001052:1729923:1730635 [0] NCCL INFO NVLS multicast support is not available on dev 0
nid001052:1729923:1730635 [0] NCCL INFO NCCL_CROSS_NIC set by environment to 1.
nid001052:1729926:1730638 [2] NCCL INFO Setting affinity for GPU 2 to ffff0000,00000000,ffff0000
nid001052:1729926:1730638 [2] NCCL INFO NVLS multicast support is not available on dev 2
nid001052:1729926:1730638 [2] NCCL INFO NCCL_CROSS_NIC set by environment to 1.
nid001052:1729924:1730637 [1] NCCL INFO Setting affinity for GPU 1 to ffff,00000000,0000ffff,00000000
nid001052:1729924:1730637 [1] NCCL INFO NVLS multicast support is not available on dev 1
nid001052:1729924:1730637 [1] NCCL INFO NCCL_CROSS_NIC set by environment to 1.
nid001052:1729928:1730636 [3] NCCL INFO Setting affinity for GPU 3 to ffff,00000000,0000ffff
nid001052:1729928:1730636 [3] NCCL INFO NVLS multicast support is not available on dev 3
nid001052:1729928:1730636 [3] NCCL INFO NCCL_CROSS_NIC set by environment to 1.
nid001049:622710:623420 [3] NCCL INFO comm 0x55cc3b961740 rank 3 nRanks 8 nNodes 2 localRanks 4 localRank 3 MNNVL 0
nid001049:622710:623420 [3] NCCL INFO Trees [0] 2/-1/-1->3->0 [1] 1/7/-1->3->-1 [2] -1/-1/-1->3->1 [3] 0/-1/-1->3->2 [4] 2/-1/-1->3->0 [5] 1/-1/-1->3->7 [6] -1/-1/-1->3->1 [7] 0/-1/-1->3->2
nid001049:622710:623420 [3] NCCL INFO P2P Chunksize set to 131072
nid001052:1729923:1730635 [0] NCCL INFO comm 0x55c74dcacc80 rank 4 nRanks 8 nNodes 2 localRanks 4 localRank 0 MNNVL 0
nid001049:622705:623418 [0] NCCL INFO comm 0x558b5c346ad0 rank 0 nRanks 8 nNodes 2 localRanks 4 localRank 0 MNNVL 0
nid001049:622706:623417 [1] NCCL INFO comm 0x55c4377aa5a0 rank 1 nRanks 8 nNodes 2 localRanks 4 localRank 1 MNNVL 0
nid001049:622706:623417 [1] NCCL INFO Trees [0] -1/-1/-1->1->2 [1] 0/-1/-1->1->3 [2] 3/-1/-1->1->0 [3] 2/5/-1->1->-1 [4] -1/-1/-1->1->2 [5] 0/-1/-1->1->3 [6] 3/-1/-1->1->0 [7] 2/-1/-1->1->5
nid001049:622706:623417 [1] NCCL INFO P2P Chunksize set to 131072
nid001052:1729924:1730637 [1] NCCL INFO comm 0x560accc70620 rank 5 nRanks 8 nNodes 2 localRanks 4 localRank 1 MNNVL 0
nid001052:1729924:1730637 [1] NCCL INFO Trees [0] -1/-1/-1->5->6 [1] 4/-1/-1->5->7 [2] 7/-1/-1->5->4 [3] 6/-1/-1->5->1 [4] -1/-1/-1->5->6 [5] 4/-1/-1->5->7 [6] 7/-1/-1->5->4 [7] 6/1/-1->5->-1
nid001052:1729924:1730637 [1] NCCL INFO P2P Chunksize set to 131072
nid001049:622708:623419 [2] NCCL INFO comm 0x558387418480 rank 2 nRanks 8 nNodes 2 localRanks 4 localRank 2 MNNVL 0
nid001049:622708:623419 [2] NCCL INFO Trees [0] 1/-1/-1->2->3 [1] -1/-1/-1->2->0 [2] 0/6/-1->2->-1 [3] 3/-1/-1->2->1 [4] 1/-1/-1->2->3 [5] -1/-1/-1->2->0 [6] 0/-1/-1->2->6 [7] 3/-1/-1->2->1
nid001049:622708:623419 [2] NCCL INFO P2P Chunksize set to 131072
nid001052:1729926:1730638 [2] NCCL INFO comm 0x55ed9738ba20 rank 6 nRanks 8 nNodes 2 localRanks 4 localRank 2 MNNVL 0
nid001052:1729926:1730638 [2] NCCL INFO Trees [0] 5/-1/-1->6->7 [1] -1/-1/-1->6->4 [2] 4/-1/-1->6->2 [3] 7/-1/-1->6->5 [4] 5/-1/-1->6->7 [5] -1/-1/-1->6->4 [6] 4/2/-1->6->-1 [7] 7/-1/-1->6->5
nid001052:1729926:1730638 [2] NCCL INFO P2P Chunksize set to 131072
nid001049:622705:623418 [0] NCCL INFO Channel 00/08 :    0   3   2   1   5   6   7   4
nid001049:622705:623418 [0] NCCL INFO Channel 01/08 :    0   4   7   6   5   1   2   3
nid001049:622705:623418 [0] NCCL INFO Channel 02/08 :    0   1   3   7   4   5   6   2
nid001049:622705:623418 [0] NCCL INFO Channel 03/08 :    0   1   2   6   4   5   7   3
nid001049:622705:623418 [0] NCCL INFO Channel 04/08 :    0   3   2   1   5   6   7   4
nid001049:622705:623418 [0] NCCL INFO Channel 05/08 :    0   4   7   6   5   1   2   3
nid001049:622705:623418 [0] NCCL INFO Channel 06/08 :    0   1   3   7   4   5   6   2
nid001049:622705:623418 [0] NCCL INFO Channel 07/08 :    0   1   2   6   4   5   7   3
nid001049:622705:623418 [0] NCCL INFO Trees [0] 3/4/-1->0->-1 [1] 2/-1/-1->0->1 [2] 1/-1/-1->0->2 [3] -1/-1/-1->0->3 [4] 3/-1/-1->0->4 [5] 2/-1/-1->0->1 [6] 1/-1/-1->0->2 [7] -1/-1/-1->0->3
nid001049:622705:623418 [0] NCCL INFO P2P Chunksize set to 131072
nid001052:1729928:1730636 [3] NCCL INFO comm 0x564ba7783620 rank 7 nRanks 8 nNodes 2 localRanks 4 localRank 3 MNNVL 0
nid001052:1729928:1730636 [3] NCCL INFO Trees [0] 6/-1/-1->7->4 [1] 5/-1/-1->7->3 [2] -1/-1/-1->7->5 [3] 4/-1/-1->7->6 [4] 6/-1/-1->7->4 [5] 5/3/-1->7->-1 [6] -1/-1/-1->7->5 [7] 4/-1/-1->7->6
nid001052:1729928:1730636 [3] NCCL INFO P2P Chunksize set to 131072
nid001052:1729923:1730635 [0] NCCL INFO Trees [0] 7/-1/-1->4->0 [1] 6/-1/-1->4->5 [2] 5/-1/-1->4->6 [3] -1/-1/-1->4->7 [4] 7/0/-1->4->-1 [5] 6/-1/-1->4->5 [6] 5/-1/-1->4->6 [7] -1/-1/-1->4->7
nid001052:1729923:1730635 [0] NCCL INFO P2P Chunksize set to 131072
nid001052:1729926:1730638 [2] NCCL INFO threadThresholds 8/8/64 | 64/8/64 | 512 | 512
nid001052:1729926:1730638 [2] NCCL INFO 8 coll channels, 8 collnet channels, 0 nvls channels, 8 p2p channels, 2 p2p channels per peer
nid001052:1729923:1730635 [0] NCCL INFO threadThresholds 8/8/64 | 64/8/64 | 512 | 512
nid001052:1729923:1730635 [0] NCCL INFO 8 coll channels, 8 collnet channels, 0 nvls channels, 8 p2p channels, 2 p2p channels per peer
nid001052:1729924:1730637 [1] NCCL INFO threadThresholds 8/8/64 | 64/8/64 | 512 | 512
nid001052:1729924:1730637 [1] NCCL INFO 8 coll channels, 8 collnet channels, 0 nvls channels, 8 p2p channels, 2 p2p channels per peer
nid001052:1729928:1730636 [3] NCCL INFO threadThresholds 8/8/64 | 64/8/64 | 512 | 512
nid001052:1729928:1730636 [3] NCCL INFO 8 coll channels, 8 collnet channels, 0 nvls channels, 8 p2p channels, 2 p2p channels per peer
nid001052:1729923:1730635 [0] NCCL INFO TUNER/Plugin: Failed to find ncclTunerPlugin_v3 symbol.
nid001052:1729923:1730635 [0] NCCL INFO TUNER/Plugin: Failed to find ncclTunerPlugin_v2 symbol, using internal tuner instead.
nid001052:1729923:1730635 [0] NCCL INFO ncclCommInitRank comm 0x55c74dcacc80 rank 4 nranks 8 cudaDev 0 nvmlDev 0 busId 3000 commId 0xb0b78613a0979c1b - Init COMPLETE
nid001052:1729923:1730635 [0] NCCL INFO Init timings: rank 4 nranks 8 total 1.35 (kernels 0.93, bootstrap 0.23, allgathers 0.00, topo 0.14, graphs 0.01, connections 0.03, rest 0.00)
nid001052:1729924:1730637 [1] NCCL INFO TUNER/Plugin: Failed to find ncclTunerPlugin_v3 symbol.
nid001052:1729924:1730637 [1] NCCL INFO TUNER/Plugin: Failed to find ncclTunerPlugin_v2 symbol, using internal tuner instead.
nid001052:1729924:1730637 [1] NCCL INFO ncclCommInitRank comm 0x560accc70620 rank 5 nranks 8 cudaDev 1 nvmlDev 1 busId 41000 commId 0xb0b78613a0979c1b - Init COMPLETE
nid001052:1729924:1730637 [1] NCCL INFO Init timings: rank 5 nranks 8 total 1.34 (kernels 0.93, bootstrap 0.24, allgathers 0.00, topo 0.14, graphs 0.01, connections 0.03, rest 0.00)
nid001052:1729926:1730638 [2] NCCL INFO TUNER/Plugin: Failed to find ncclTunerPlugin_v3 symbol.
nid001052:1729926:1730638 [2] NCCL INFO TUNER/Plugin: Failed to find ncclTunerPlugin_v2 symbol, using internal tuner instead.
nid001052:1729926:1730638 [2] NCCL INFO ncclCommInitRank comm 0x55ed9738ba20 rank 6 nranks 8 cudaDev 2 nvmlDev 2 busId 82000 commId 0xb0b78613a0979c1b - Init COMPLETE
nid001052:1729926:1730638 [2] NCCL INFO Init timings: rank 6 nranks 8 total 1.31 (kernels 0.89, bootstrap 0.24, allgathers 0.00, topo 0.14, graphs 0.01, connections 0.03, rest 0.00)
nid001052:1729928:1730636 [3] NCCL INFO TUNER/Plugin: Failed to find ncclTunerPlugin_v3 symbol.
nid001052:1729928:1730636 [3] NCCL INFO TUNER/Plugin: Failed to find ncclTunerPlugin_v2 symbol, using internal tuner instead.
nid001052:1729928:1730636 [3] NCCL INFO ncclCommInitRank comm 0x564ba7783620 rank 7 nranks 8 cudaDev 3 nvmlDev 3 busId c1000 commId 0xb0b78613a0979c1b - Init COMPLETE
nid001052:1729928:1730636 [3] NCCL INFO Init timings: rank 7 nranks 8 total 1.35 (kernels 0.93, bootstrap 0.24, allgathers 0.00, topo 0.14, graphs 0.01, connections 0.03, rest 0.00)
nid001052:1729923:1730650 [0] NCCL INFO Channel 02/0 : 4[0] -> 5[1] via P2P/CUMEM/read
nid001052:1729923:1730650 [0] NCCL INFO Channel 03/0 : 4[0] -> 5[1] via P2P/CUMEM/read
nid001052:1729923:1730650 [0] NCCL INFO Channel 06/0 : 4[0] -> 5[1] via P2P/CUMEM/read
nid001052:1729923:1730650 [0] NCCL INFO Channel 07/0 : 4[0] -> 5[1] via P2P/CUMEM/read
nid001052:1729926:1730648 [2] NCCL INFO Channel 00/0 : 6[2] -> 7[3] via P2P/CUMEM/read
nid001052:1729924:1730649 [1] NCCL INFO Channel 00/0 : 5[1] -> 6[2] via P2P/CUMEM/read
nid001052:1729926:1730648 [2] NCCL INFO Channel 04/0 : 6[2] -> 7[3] via P2P/CUMEM/read
nid001052:1729924:1730649 [1] NCCL INFO Channel 02/0 : 5[1] -> 6[2] via P2P/CUMEM/read
nid001052:1729924:1730649 [1] NCCL INFO Channel 04/0 : 5[1] -> 6[2] via P2P/CUMEM/read
nid001052:1729924:1730649 [1] NCCL INFO Channel 06/0 : 5[1] -> 6[2] via P2P/CUMEM/read
nid001052:1729923:1730650 [0] NCCL INFO Channel 01/0 : 4[0] -> 7[3] via P2P/CUMEM/read
nid001052:1729926:1730648 [2] NCCL INFO NCCL_NET_GDR_LEVEL set by environment to PHB
nid001052:1729924:1730649 [1] NCCL INFO Channel 03/0 : 5[1] -> 7[3] via P2P/CUMEM/read
nid001052:1729923:1730650 [0] NCCL INFO Channel 05/0 : 4[0] -> 7[3] via P2P/CUMEM/read
nid001052:1729924:1730649 [1] NCCL INFO Channel 07/0 : 5[1] -> 7[3] via P2P/CUMEM/read
nid001052:1729924:1730649 [1] NCCL INFO NCCL_NET_GDR_LEVEL set by environment to PHB
nid001052:1729923:1730650 [0] NCCL INFO NCCL_NET_GDR_LEVEL set by environment to PHB
nid001052:1729928:1730651 [3] NCCL INFO NCCL_NET_GDR_LEVEL set by environment to PHB
nid001049:622706:623417 [1] NCCL INFO threadThresholds 8/8/64 | 64/8/64 | 512 | 512
nid001049:622706:623417 [1] NCCL INFO 8 coll channels, 8 collnet channels, 0 nvls channels, 8 p2p channels, 2 p2p channels per peer
nid001049:622710:623420 [3] NCCL INFO threadThresholds 8/8/64 | 64/8/64 | 512 | 512
nid001049:622710:623420 [3] NCCL INFO 8 coll channels, 8 collnet channels, 0 nvls channels, 8 p2p channels, 2 p2p channels per peer
nid001049:622705:623418 [0] NCCL INFO threadThresholds 8/8/64 | 64/8/64 | 512 | 512
nid001049:622705:623418 [0] NCCL INFO 8 coll channels, 8 collnet channels, 0 nvls channels, 8 p2p channels, 2 p2p channels per peer
nid001049:622708:623419 [2] NCCL INFO threadThresholds 8/8/64 | 64/8/64 | 512 | 512
nid001049:622708:623419 [2] NCCL INFO 8 coll channels, 8 collnet channels, 0 nvls channels, 8 p2p channels, 2 p2p channels per peer
nid001049:622705:623418 [0] NCCL INFO CC Off, Multi-GPU CC Off, workFifoBytes 1048576
nid001049:622706:623417 [1] NCCL INFO TUNER/Plugin: Failed to find ncclTunerPlugin_v3 symbol.
nid001049:622706:623417 [1] NCCL INFO TUNER/Plugin: Failed to find ncclTunerPlugin_v2 symbol, using internal tuner instead.
nid001049:622706:623417 [1] NCCL INFO ncclCommInitRank comm 0x55c4377aa5a0 rank 1 nranks 8 cudaDev 1 nvmlDev 1 busId 41000 commId 0xb0b78613a0979c1b - Init COMPLETE
nid001049:622708:623419 [2] NCCL INFO TUNER/Plugin: Failed to find ncclTunerPlugin_v3 symbol.
nid001049:622708:623419 [2] NCCL INFO TUNER/Plugin: Failed to find ncclTunerPlugin_v2 symbol, using internal tuner instead.
nid001049:622708:623419 [2] NCCL INFO ncclCommInitRank comm 0x558387418480 rank 2 nranks 8 cudaDev 2 nvmlDev 2 busId 82000 commId 0xb0b78613a0979c1b - Init COMPLETE
nid001049:622710:623420 [3] NCCL INFO TUNER/Plugin: Failed to find ncclTunerPlugin_v3 symbol.
nid001049:622710:623420 [3] NCCL INFO TUNER/Plugin: Failed to find ncclTunerPlugin_v2 symbol, using internal tuner instead.
nid001049:622710:623420 [3] NCCL INFO ncclCommInitRank comm 0x55cc3b961740 rank 3 nranks 8 cudaDev 3 nvmlDev 3 busId c1000 commId 0xb0b78613a0979c1b - Init COMPLETE
nid001049:622710:623420 [3] NCCL INFO Init timings: rank 3 nranks 8 total 1.28 (kernels 0.82, bootstrap 0.30, allgathers 0.02, topo 0.12, graphs 0.01, connections 0.01, rest 0.00)
nid001049:622705:623418 [0] NCCL INFO TUNER/Plugin: Failed to find ncclTunerPlugin_v3 symbol.
nid001049:622705:623418 [0] NCCL INFO TUNER/Plugin: Failed to find ncclTunerPlugin_v2 symbol, using internal tuner instead.
nid001049:622705:623418 [0] NCCL INFO ncclCommInitRank comm 0x558b5c346ad0 rank 0 nranks 8 cudaDev 0 nvmlDev 0 busId 3000 commId 0xb0b78613a0979c1b - Init COMPLETE
nid001049:622705:623418 [0] NCCL INFO Init timings: rank 0 nranks 8 total 1.29 (kernels 0.85, bootstrap 0.28, allgathers 0.02, topo 0.12, graphs 0.01, connections 0.01, rest 0.00)
nid001049:622706:623417 [1] NCCL INFO Init timings: rank 1 nranks 8 total 1.29 (kernels 0.84, bootstrap 0.29, allgathers 0.02, topo 0.12, graphs 0.01, connections 0.01, rest 0.00)
nid001049:622708:623419 [2] NCCL INFO Init timings: rank 2 nranks 8 total 1.28 (kernels 0.82, bootstrap 0.30, allgathers 0.02, topo 0.12, graphs 0.01, connections 0.01, rest 0.00)
#
#                                                              out-of-place                       in-place          
#       size         count      type   redop    root     time   algbw   busbw #wrong     time   algbw   busbw #wrong
#        (B)    (elements)                               (us)  (GB/s)  (GB/s)            (us)  (GB/s)  (GB/s)       
nid001049:622705:623432 [0] NCCL INFO Channel 02/0 : 0[0] -> 1[1] via P2P/CUMEM/read
nid001049:622705:623432 [0] NCCL INFO Channel 03/0 : 0[0] -> 1[1] via P2P/CUMEM/read
nid001049:622705:623432 [0] NCCL INFO Channel 06/0 : 0[0] -> 1[1] via P2P/CUMEM/read
nid001049:622706:623429 [1] NCCL INFO Channel 01/0 : 1[1] -> 2[2] via P2P/CUMEM/read
nid001049:622708:623431 [2] NCCL INFO Channel 01/0 : 2[2] -> 3[3] via P2P/CUMEM/read
nid001049:622705:623432 [0] NCCL INFO Channel 07/0 : 0[0] -> 1[1] via P2P/CUMEM/read
nid001049:622706:623429 [1] NCCL INFO Channel 03/0 : 1[1] -> 2[2] via P2P/CUMEM/read
nid001049:622708:623431 [2] NCCL INFO Channel 05/0 : 2[2] -> 3[3] via P2P/CUMEM/read
nid001049:622706:623429 [1] NCCL INFO Channel 05/0 : 1[1] -> 2[2] via P2P/CUMEM/read
nid001049:622706:623429 [1] NCCL INFO Channel 07/0 : 1[1] -> 2[2] via P2P/CUMEM/read
nid001049:622705:623432 [0] NCCL INFO Channel 00/0 : 0[0] -> 3[3] via P2P/CUMEM/read
nid001049:622708:623431 [2] NCCL INFO NCCL_NET_GDR_LEVEL set by environment to PHB
nid001049:622706:623429 [1] NCCL INFO Channel 02/0 : 1[1] -> 3[3] via P2P/CUMEM/read
nid001049:622705:623432 [0] NCCL INFO Channel 04/0 : 0[0] -> 3[3] via P2P/CUMEM/read
nid001049:622706:623429 [1] NCCL INFO Channel 06/0 : 1[1] -> 3[3] via P2P/CUMEM/read
nid001049:622706:623429 [1] NCCL INFO NCCL_NET_GDR_LEVEL set by environment to PHB
nid001049:622705:623432 [0] NCCL INFO NCCL_NET_GDR_LEVEL set by environment to PHB
nid001049:622710:623430 [3] NCCL INFO NCCL_NET_GDR_LEVEL set by environment to PHB
nid001052:1729928:1730651 [3] NCCL INFO Channel 02/0 : 3[3] -> 7[3] [receive] via NET/AWS Libfabric/1/GDRDMA
nid001052:1729923:1730650 [0] NCCL INFO Channel 01/0 : 0[0] -> 4[0] [receive] via NET/AWS Libfabric/7/GDRDMA
nid001052:1729926:1730648 [2] NCCL INFO Channel 03/0 : 2[2] -> 6[2] [receive] via NET/AWS Libfabric/3/GDRDMA
nid001052:1729924:1730649 [1] NCCL INFO Channel 00/0 : 1[1] -> 5[1] [receive] via NET/AWS Libfabric/5/GDRDMA
nid001052:1729923:1730650 [0] NCCL INFO Channel 05/0 : 0[0] -> 4[0] [receive] via NET/AWS Libfabric/7/GDRDMA
nid001052:1729928:1730651 [3] NCCL INFO Channel 06/0 : 3[3] -> 7[3] [receive] via NET/AWS Libfabric/1/GDRDMA
nid001052:1729926:1730648 [2] NCCL INFO Channel 07/0 : 2[2] -> 6[2] [receive] via NET/AWS Libfabric/3/GDRDMA
nid001052:1729924:1730649 [1] NCCL INFO Channel 04/0 : 1[1] -> 5[1] [receive] via NET/AWS Libfabric/5/GDRDMA
nid001052:1729923:1730650 [0] NCCL INFO Channel 00/0 : 4[0] -> 0[0] [send] via NET/AWS Libfabric/7/GDRDMA
nid001052:1729928:1730651 [3] NCCL INFO Channel 03/0 : 7[3] -> 3[3] [send] via NET/AWS Libfabric/1/GDRDMA
nid001052:1729926:1730648 [2] NCCL INFO Channel 02/0 : 6[2] -> 2[2] [send] via NET/AWS Libfabric/3/GDRDMA
nid001052:1729924:1730649 [1] NCCL INFO Channel 01/0 : 5[1] -> 1[1] [send] via NET/AWS Libfabric/5/GDRDMA
nid001052:1729923:1730650 [0] NCCL INFO Channel 04/0 : 4[0] -> 0[0] [send] via NET/AWS Libfabric/7/GDRDMA
nid001052:1729928:1730651 [3] NCCL INFO Channel 07/0 : 7[3] -> 3[3] [send] via NET/AWS Libfabric/1/GDRDMA
nid001052:1729924:1730649 [1] NCCL INFO Channel 05/0 : 5[1] -> 1[1] [send] via NET/AWS Libfabric/5/GDRDMA
nid001052:1729926:1730648 [2] NCCL INFO Channel 06/0 : 6[2] -> 2[2] [send] via NET/AWS Libfabric/3/GDRDMA
nid001052:1729928:1730651 [3] NCCL INFO Channel 00/0 : 7[3] -> 4[0] via P2P/CUMEM/read
nid001052:1729928:1730651 [3] NCCL INFO Channel 02/0 : 7[3] -> 4[0] via P2P/CUMEM/read
nid001052:1729928:1730651 [3] NCCL INFO Channel 04/0 : 7[3] -> 4[0] via P2P/CUMEM/read
nid001052:1729928:1730651 [3] NCCL INFO Channel 06/0 : 7[3] -> 4[0] via P2P/CUMEM/read
nid001052:1729928:1730651 [3] NCCL INFO Channel 01/0 : 7[3] -> 6[2] via P2P/CUMEM/read
nid001052:1729928:1730651 [3] NCCL INFO Channel 05/0 : 7[3] -> 6[2] via P2P/CUMEM/read
nid001052:1729926:1730648 [2] NCCL INFO Channel 03/0 : 6[2] -> 4[0] via P2P/CUMEM/read
nid001052:1729926:1730648 [2] NCCL INFO Channel 07/0 : 6[2] -> 4[0] via P2P/CUMEM/read
nid001052:1729926:1730648 [2] NCCL INFO Channel 01/0 : 6[2] -> 5[1] via P2P/CUMEM/read
nid001052:1729926:1730648 [2] NCCL INFO Channel 05/0 : 6[2] -> 5[1] via P2P/CUMEM/read
nid001049:622705:623432 [0] NCCL INFO Channel 00/0 : 4[0] -> 0[0] [receive] via NET/AWS Libfabric/7/GDRDMA
nid001049:622710:623430 [3] NCCL INFO Channel 03/0 : 7[3] -> 3[3] [receive] via NET/AWS Libfabric/1/GDRDMA
nid001049:622705:623432 [0] NCCL INFO Channel 04/0 : 4[0] -> 0[0] [receive] via NET/AWS Libfabric/7/GDRDMA
nid001049:622710:623430 [3] NCCL INFO Channel 07/0 : 7[3] -> 3[3] [receive] via NET/AWS Libfabric/1/GDRDMA
nid001049:622705:623432 [0] NCCL INFO Channel 01/0 : 0[0] -> 4[0] [send] via NET/AWS Libfabric/7/GDRDMA
nid001049:622710:623430 [3] NCCL INFO Channel 02/0 : 3[3] -> 7[3] [send] via NET/AWS Libfabric/1/GDRDMA
nid001049:622705:623432 [0] NCCL INFO Channel 05/0 : 0[0] -> 4[0] [send] via NET/AWS Libfabric/7/GDRDMA
nid001049:622710:623430 [3] NCCL INFO Channel 06/0 : 3[3] -> 7[3] [send] via NET/AWS Libfabric/1/GDRDMA
nid001049:622710:623430 [3] NCCL INFO Channel 01/0 : 3[3] -> 0[0] via P2P/CUMEM/read
nid001049:622710:623430 [3] NCCL INFO Channel 03/0 : 3[3] -> 0[0] via P2P/CUMEM/read
nid001049:622710:623430 [3] NCCL INFO Channel 05/0 : 3[3] -> 0[0] via P2P/CUMEM/read
nid001049:622706:623429 [1] NCCL INFO Channel 01/0 : 5[1] -> 1[1] [receive] via NET/AWS Libfabric/5/GDRDMA
nid001049:622710:623430 [3] NCCL INFO Channel 07/0 : 3[3] -> 0[0] via P2P/CUMEM/read
nid001049:622708:623431 [2] NCCL INFO Channel 02/0 : 6[2] -> 2[2] [receive] via NET/AWS Libfabric/3/GDRDMA
nid001049:622706:623429 [1] NCCL INFO Channel 05/0 : 5[1] -> 1[1] [receive] via NET/AWS Libfabric/5/GDRDMA
nid001049:622706:623429 [1] NCCL INFO Channel 00/0 : 1[1] -> 5[1] [send] via NET/AWS Libfabric/5/GDRDMA
nid001049:622708:623431 [2] NCCL INFO Channel 06/0 : 6[2] -> 2[2] [receive] via NET/AWS Libfabric/3/GDRDMA
nid001049:622710:623430 [3] NCCL INFO Channel 00/0 : 3[3] -> 2[2] via P2P/CUMEM/read
nid001049:622706:623429 [1] NCCL INFO Channel 04/0 : 1[1] -> 5[1] [send] via NET/AWS Libfabric/5/GDRDMA
nid001049:622708:623431 [2] NCCL INFO Channel 03/0 : 2[2] -> 6[2] [send] via NET/AWS Libfabric/3/GDRDMA
nid001049:622708:623431 [2] NCCL INFO Channel 07/0 : 2[2] -> 6[2] [send] via NET/AWS Libfabric/3/GDRDMA
nid001049:622710:623430 [3] NCCL INFO Channel 04/0 : 3[3] -> 2[2] via P2P/CUMEM/read
nid001049:622708:623431 [2] NCCL INFO Channel 02/0 : 2[2] -> 0[0] via P2P/CUMEM/read
nid001049:622708:623431 [2] NCCL INFO Channel 06/0 : 2[2] -> 0[0] via P2P/CUMEM/read
nid001049:622708:623431 [2] NCCL INFO Channel 00/0 : 2[2] -> 1[1] via P2P/CUMEM/read
nid001049:622708:623431 [2] NCCL INFO Channel 04/0 : 2[2] -> 1[1] via P2P/CUMEM/read
nid001049:622705:623432 [0] NCCL INFO Connected all rings
nid001052:1729923:1730650 [0] NCCL INFO Connected all rings
nid001049:622706:623429 [1] NCCL INFO Connected all rings
nid001049:622710:623430 [3] NCCL INFO Connected all rings
nid001049:622708:623431 [2] NCCL INFO Connected all rings
nid001052:1729924:1730649 [1] NCCL INFO Connected all rings
nid001052:1729926:1730648 [2] NCCL INFO Connected all rings
nid001052:1729928:1730651 [3] NCCL INFO Connected all rings
nid001052:1729923:1730662 [0] NCCL INFO Channel 01/0 : 4[0] -> 5[1] via P2P/CUMEM/read
nid001049:622705:623443 [0] NCCL INFO Channel 01/0 : 0[0] -> 1[1] via P2P/CUMEM/read
nid001049:622705:623443 [0] NCCL INFO Channel 05/0 : 0[0] -> 1[1] via P2P/CUMEM/read
nid001049:622706:623442 [1] NCCL INFO Channel 00/0 : 1[1] -> 2[2] via P2P/CUMEM/read
nid001049:622708:623441 [2] NCCL INFO Channel 00/0 : 2[2] -> 3[3] via P2P/CUMEM/read
nid001049:622708:623441 [2] NCCL INFO Channel 03/0 : 2[2] -> 3[3] via P2P/CUMEM/read
nid001049:622706:623442 [1] NCCL INFO Channel 04/0 : 1[1] -> 2[2] via P2P/CUMEM/read
nid001049:622708:623441 [2] NCCL INFO Channel 04/0 : 2[2] -> 3[3] via P2P/CUMEM/read
nid001049:622705:623443 [0] NCCL INFO Channel 01/0 : 0[0] -> 2[2] via P2P/CUMEM/read
nid001049:622708:623441 [2] NCCL INFO Channel 07/0 : 2[2] -> 3[3] via P2P/CUMEM/read
nid001049:622705:623443 [0] NCCL INFO Channel 02/0 : 0[0] -> 2[2] via P2P/CUMEM/read
nid001049:622706:623442 [1] NCCL INFO Channel 01/0 : 1[1] -> 3[3] via P2P/CUMEM/read
nid001049:622705:623443 [0] NCCL INFO Channel 05/0 : 0[0] -> 2[2] via P2P/CUMEM/read
nid001052:1729924:1730660 [1] NCCL INFO Channel 03/0 : 5[1] -> 6[2] via P2P/CUMEM/read
nid001049:622706:623442 [1] NCCL INFO Channel 05/0 : 1[1] -> 3[3] via P2P/CUMEM/read
nid001049:622705:623443 [0] NCCL INFO Channel 06/0 : 0[0] -> 2[2] via P2P/CUMEM/read
nid001052:1729923:1730662 [0] NCCL INFO Channel 05/0 : 4[0] -> 5[1] via P2P/CUMEM/read
nid001052:1729924:1730660 [1] NCCL INFO Channel 07/0 : 5[1] -> 6[2] via P2P/CUMEM/read
nid001049:622706:623442 [1] NCCL INFO Channel 03/0 : 5[1] -> 1[1] [receive] via NET/AWS Libfabric/5/GDRDMA
nid001049:622706:623442 [1] NCCL INFO Channel 07/0 : 5[1] -> 1[1] [receive] via NET/AWS Libfabric/5/GDRDMA
nid001049:622706:623442 [1] NCCL INFO Channel 03/0 : 1[1] -> 5[1] [send] via NET/AWS Libfabric/5/GDRDMA
nid001049:622705:623443 [0] NCCL INFO Channel 03/0 : 0[0] -> 3[3] via P2P/CUMEM/read
nid001049:622706:623442 [1] NCCL INFO Channel 07/0 : 1[1] -> 5[1] [send] via NET/AWS Libfabric/5/GDRDMA
nid001049:622708:623441 [2] NCCL INFO Channel 02/0 : 2[2] -> 6[2] [send] via NET/AWS Libfabric/3/GDRDMA
nid001049:622705:623443 [0] NCCL INFO Channel 07/0 : 0[0] -> 3[3] via P2P/CUMEM/read
nid001049:622708:623441 [2] NCCL INFO Channel 06/0 : 2[2] -> 6[2] [send] via NET/AWS Libfabric/3/GDRDMA
nid001049:622705:623443 [0] NCCL INFO Channel 00/0 : 0[0] -> 4[0] [send] via NET/AWS Libfabric/7/GDRDMA
nid001052:1729923:1730662 [0] NCCL INFO Channel 01/0 : 4[0] -> 6[2] via P2P/CUMEM/read
nid001049:622710:623444 [3] NCCL INFO Channel 01/0 : 7[3] -> 3[3] [receive] via NET/AWS Libfabric/1/GDRDMA
nid001049:622705:623443 [0] NCCL INFO Channel 04/0 : 0[0] -> 4[0] [send] via NET/AWS Libfabric/7/GDRDMA
nid001049:622710:623444 [3] NCCL INFO Channel 05/0 : 7[3] -> 3[3] [receive] via NET/AWS Libfabric/1/GDRDMA
nid001049:622710:623444 [3] NCCL INFO Channel 01/0 : 3[3] -> 7[3] [send] via NET/AWS Libfabric/1/GDRDMA
nid001049:622710:623444 [3] NCCL INFO Channel 05/0 : 3[3] -> 7[3] [send] via NET/AWS Libfabric/1/GDRDMA
nid001052:1729923:1730662 [0] NCCL INFO Channel 02/0 : 4[0] -> 6[2] via P2P/CUMEM/read
nid001052:1729926:1730663 [2] NCCL INFO Channel 03/0 : 6[2] -> 7[3] via P2P/CUMEM/read
nid001052:1729923:1730662 [0] NCCL INFO Channel 05/0 : 4[0] -> 6[2] via P2P/CUMEM/read
nid001052:1729926:1730663 [2] NCCL INFO Channel 07/0 : 6[2] -> 7[3] via P2P/CUMEM/read
nid001052:1729923:1730662 [0] NCCL INFO Channel 06/0 : 4[0] -> 6[2] via P2P/CUMEM/read
nid001052:1729924:1730660 [1] NCCL INFO Channel 01/0 : 5[1] -> 7[3] via P2P/CUMEM/read
nid001052:1729924:1730660 [1] NCCL INFO Channel 02/0 : 5[1] -> 7[3] via P2P/CUMEM/read
nid001052:1729924:1730660 [1] NCCL INFO Channel 05/0 : 5[1] -> 7[3] via P2P/CUMEM/read
nid001052:1729924:1730660 [1] NCCL INFO Channel 06/0 : 5[1] -> 7[3] via P2P/CUMEM/read
nid001052:1729923:1730662 [0] NCCL INFO Channel 00/0 : 4[0] -> 7[3] via P2P/CUMEM/read
nid001052:1729924:1730660 [1] NCCL INFO Channel 03/0 : 1[1] -> 5[1] [receive] via NET/AWS Libfabric/5/GDRDMA
nid001052:1729924:1730660 [1] NCCL INFO Channel 07/0 : 1[1] -> 5[1] [receive] via NET/AWS Libfabric/5/GDRDMA
nid001052:1729926:1730663 [2] NCCL INFO Channel 02/0 : 2[2] -> 6[2] [receive] via NET/AWS Libfabric/3/GDRDMA
nid001052:1729924:1730660 [1] NCCL INFO Channel 03/0 : 5[1] -> 1[1] [send] via NET/AWS Libfabric/5/GDRDMA
nid001052:1729926:1730663 [2] NCCL INFO Channel 06/0 : 2[2] -> 6[2] [receive] via NET/AWS Libfabric/3/GDRDMA
nid001052:1729924:1730660 [1] NCCL INFO Channel 07/0 : 5[1] -> 1[1] [send] via NET/AWS Libfabric/5/GDRDMA
nid001052:1729926:1730663 [2] NCCL INFO Channel 01/0 : 6[2] -> 4[0] via P2P/CUMEM/read
nid001049:622708:623441 [2] NCCL INFO Channel 01/0 : 2[2] -> 0[0] via P2P/CUMEM/read
nid001049:622708:623441 [2] NCCL INFO Channel 05/0 : 2[2] -> 0[0] via P2P/CUMEM/read
nid001052:1729923:1730662 [0] NCCL INFO Channel 03/0 : 4[0] -> 7[3] via P2P/CUMEM/read
nid001052:1729926:1730663 [2] NCCL INFO Channel 02/0 : 6[2] -> 4[0] via P2P/CUMEM/read
nid001052:1729923:1730662 [0] NCCL INFO Channel 04/0 : 4[0] -> 7[3] via P2P/CUMEM/read
nid001052:1729926:1730663 [2] NCCL INFO Channel 05/0 : 6[2] -> 4[0] via P2P/CUMEM/read
nid001052:1729923:1730662 [0] NCCL INFO Channel 07/0 : 4[0] -> 7[3] via P2P/CUMEM/read
nid001052:1729926:1730663 [2] NCCL INFO Channel 06/0 : 6[2] -> 4[0] via P2P/CUMEM/read
nid001052:1729923:1730662 [0] NCCL INFO Channel 00/0 : 0[0] -> 4[0] [receive] via NET/AWS Libfabric/7/GDRDMA
nid001052:1729928:1730661 [3] NCCL INFO Channel 01/0 : 3[3] -> 7[3] [receive] via NET/AWS Libfabric/1/GDRDMA
nid001052:1729923:1730662 [0] NCCL INFO Channel 04/0 : 0[0] -> 4[0] [receive] via NET/AWS Libfabric/7/GDRDMA
nid001052:1729928:1730661 [3] NCCL INFO Channel 05/0 : 3[3] -> 7[3] [receive] via NET/AWS Libfabric/1/GDRDMA
nid001052:1729928:1730661 [3] NCCL INFO Channel 01/0 : 7[3] -> 3[3] [send] via NET/AWS Libfabric/1/GDRDMA
nid001052:1729928:1730661 [3] NCCL INFO Channel 05/0 : 7[3] -> 3[3] [send] via NET/AWS Libfabric/1/GDRDMA
nid001052:1729928:1730661 [3] NCCL INFO Channel 03/0 : 7[3] -> 4[0] via P2P/CUMEM/read
nid001049:622710:623444 [3] NCCL INFO Channel 00/0 : 3[3] -> 0[0] via P2P/CUMEM/read
nid001049:622710:623444 [3] NCCL INFO Channel 04/0 : 3[3] -> 0[0] via P2P/CUMEM/read
nid001049:622710:623444 [3] NCCL INFO Channel 01/0 : 3[3] -> 1[1] via P2P/CUMEM/read
nid001049:622710:623444 [3] NCCL INFO Channel 02/0 : 3[3] -> 1[1] via P2P/CUMEM/read
nid001052:1729928:1730661 [3] NCCL INFO Channel 07/0 : 7[3] -> 4[0] via P2P/CUMEM/read
nid001049:622710:623444 [3] NCCL INFO Channel 05/0 : 3[3] -> 1[1] via P2P/CUMEM/read
nid001049:622710:623444 [3] NCCL INFO Channel 06/0 : 3[3] -> 1[1] via P2P/CUMEM/read
nid001049:622710:623444 [3] NCCL INFO Channel 03/0 : 3[3] -> 2[2] via P2P/CUMEM/read
nid001049:622708:623441 [2] NCCL INFO Channel 03/0 : 2[2] -> 1[1] via P2P/CUMEM/read
nid001052:1729928:1730661 [3] NCCL INFO Channel 01/0 : 7[3] -> 5[1] via P2P/CUMEM/read
nid001049:622710:623444 [3] NCCL INFO Channel 07/0 : 3[3] -> 2[2] via P2P/CUMEM/read
nid001049:622708:623441 [2] NCCL INFO Channel 07/0 : 2[2] -> 1[1] via P2P/CUMEM/read
nid001049:622706:623442 [1] NCCL INFO Channel 01/0 : 1[1] -> 0[0] via P2P/CUMEM/read
nid001049:622706:623442 [1] NCCL INFO Channel 02/0 : 1[1] -> 0[0] via P2P/CUMEM/read
nid001049:622706:623442 [1] NCCL INFO Channel 05/0 : 1[1] -> 0[0] via P2P/CUMEM/read
nid001052:1729928:1730661 [3] NCCL INFO Channel 02/0 : 7[3] -> 5[1] via P2P/CUMEM/read
nid001052:1729928:1730661 [3] NCCL INFO Channel 05/0 : 7[3] -> 5[1] via P2P/CUMEM/read
nid001052:1729928:1730661 [3] NCCL INFO Channel 06/0 : 7[3] -> 5[1] via P2P/CUMEM/read
nid001049:622706:623442 [1] NCCL INFO Channel 06/0 : 1[1] -> 0[0] via P2P/CUMEM/read
nid001052:1729928:1730661 [3] NCCL INFO Channel 00/0 : 7[3] -> 6[2] via P2P/CUMEM/read
nid001052:1729928:1730661 [3] NCCL INFO Channel 03/0 : 7[3] -> 6[2] via P2P/CUMEM/read
nid001052:1729928:1730661 [3] NCCL INFO Channel 04/0 : 7[3] -> 6[2] via P2P/CUMEM/read
nid001052:1729928:1730661 [3] NCCL INFO Channel 07/0 : 7[3] -> 6[2] via P2P/CUMEM/read
nid001052:1729924:1730660 [1] NCCL INFO Channel 01/0 : 5[1] -> 4[0] via P2P/CUMEM/read
nid001052:1729926:1730663 [2] NCCL INFO Channel 00/0 : 6[2] -> 5[1] via P2P/CUMEM/read
nid001052:1729924:1730660 [1] NCCL INFO Channel 02/0 : 5[1] -> 4[0] via P2P/CUMEM/read
nid001052:1729926:1730663 [2] NCCL INFO Channel 03/0 : 6[2] -> 5[1] via P2P/CUMEM/read
nid001052:1729924:1730660 [1] NCCL INFO Channel 05/0 : 5[1] -> 4[0] via P2P/CUMEM/read
nid001052:1729926:1730663 [2] NCCL INFO Channel 04/0 : 6[2] -> 5[1] via P2P/CUMEM/read
nid001052:1729924:1730660 [1] NCCL INFO Channel 06/0 : 5[1] -> 4[0] via P2P/CUMEM/read
nid001052:1729926:1730663 [2] NCCL INFO Channel 07/0 : 6[2] -> 5[1] via P2P/CUMEM/read
nid001052:1729928:1730661 [3] NCCL INFO Connected all trees
nid001052:1729923:1730662 [0] NCCL INFO Connected all trees
nid001052:1729924:1730660 [1] NCCL INFO Connected all trees
nid001052:1729926:1730663 [2] NCCL INFO Connected all trees
nid001049:622705:623443 [0] NCCL INFO Connected all trees
nid001049:622706:623442 [1] NCCL INFO Connected all trees
nid001049:622710:623444 [3] NCCL INFO Connected all trees
nid001049:622708:623441 [2] NCCL INFO Connected all trees
           8             2     float     sum      -1    23.06    0.00    0.00      0    19.54    0.00    0.00      0
          16             4     float     sum      -1    18.96    0.00    0.00      0    18.80    0.00    0.00      0
          32             8     float     sum      -1    18.86    0.00    0.00      0    18.74    0.00    0.00      0
          64            16     float     sum      -1    20.13    0.00    0.01      0    20.01    0.00    0.01      0
         128            32     float     sum      -1    20.59    0.01    0.01      0    20.27    0.01    0.01      0
         256            64     float     sum      -1    20.45    0.01    0.02      0    20.17    0.01    0.02      0
         512           128     float     sum      -1    21.46    0.02    0.04      0    20.82    0.02    0.04      0
        1024           256     float     sum      -1    21.74    0.05    0.08      0    21.34    0.05    0.08      0
        2048           512     float     sum      -1    27.16    0.08    0.13      0    22.37    0.09    0.16      0
        4096          1024     float     sum      -1    37.32    0.11    0.19      0    28.43    0.14    0.25      0
        8192          2048     float     sum      -1    37.74    0.22    0.38      0    29.64    0.28    0.48      0
       16384          4096     float     sum      -1    43.01    0.38    0.67      0    31.16    0.53    0.92      0
       32768          8192     float     sum      -1    38.01    0.86    1.51      0    31.78    1.03    1.80      0
       65536         16384     float     sum      -1    49.35    1.33    2.32      0    36.09    1.82    3.18      0
      131072         32768     float     sum      -1    61.13    2.14    3.75      0    44.52    2.94    5.15      0
      262144         65536     float     sum      -1    114.5    2.29    4.01      0    117.8    2.22    3.89      0
      524288        131072     float     sum      -1    144.9    3.62    6.33      0    147.1    3.56    6.24      0
     1048576        262144     float     sum      -1    187.6    5.59    9.78      0    192.6    5.45    9.53      0
     2097152        524288     float     sum      -1    352.1    5.96   10.42      0    351.6    5.96   10.44      0
     4194304       1048576     float     sum      -1    258.8   16.21   28.36      0    259.7   16.15   28.26      0
     8388608       2097152     float     sum      -1    313.3   26.78   46.86      0    326.2   25.71   45.00      0
    16777216       4194304     float     sum      -1    509.6   32.92   57.62      0    531.4   31.57   55.25      0
    33554432       8388608     float     sum      -1    963.5   34.83   60.94      0    939.4   35.72   62.51      0
    67108864      16777216     float     sum      -1   1755.5   38.23   66.90      0   1782.7   37.64   65.88      0
   134217728      33554432     float     sum      -1   3349.4   40.07   70.13      0   3508.3   38.26   66.95      0
   268435456      67108864     float     sum      -1   6817.4   39.37   68.91      0   6561.7   40.91   71.59      0
   536870912     134217728     float     sum      -1    13097   40.99   71.73      0    13193   40.69   71.21      0
  1073741824     268435456     float     sum      -1    25928   41.41   72.47      0    25849   41.54   72.69      0
  2147483648     536870912     float     sum      -1    51229   41.92   73.36      0    51397   41.78   73.12      0
  4294967296    1073741824     float     sum      -1   101802   42.19   73.83      0   101810   42.19   73.83      0
nid001049:622705:622705 [0] NCCL INFO comm 0x558b5c346ad0 rank 0 nranks 8 cudaDev 0 busId 3000 - Destroy COMPLETE
# Out of bounds values : 0 OK
# Avg bus bandwidth    : 24.3214 
#
nid001049:622708:622708 [2] NCCL INFO comm 0x558387418480 rank 2 nranks 8 cudaDev 2 busId 82000 - Destroy COMPLETE
nid001049:622706:622706 [1] NCCL INFO comm 0x55c4377aa5a0 rank 1 nranks 8 cudaDev 1 busId 41000 - Destroy COMPLETE
nid001052:1729923:1729923 [0] NCCL INFO comm 0x55c74dcacc80 rank 4 nranks 8 cudaDev 0 busId 3000 - Destroy COMPLETE
nid001052:1729924:1729924 [1] NCCL INFO comm 0x560accc70620 rank 5 nranks 8 cudaDev 1 busId 41000 - Destroy COMPLETE
nid001052:1729926:1729926 [2] NCCL INFO comm 0x55ed9738ba20 rank 6 nranks 8 cudaDev 2 busId 82000 - Destroy COMPLETE
nid001049:622710:622710 [3] NCCL INFO comm 0x55cc3b961740 rank 3 nranks 8 cudaDev 3 busId c1000 - Destroy COMPLETE
nid001052:1729928:1729928 [3] NCCL INFO comm 0x564ba7783620 rank 7 nranks 8 cudaDev 3 busId c1000 - Destroy COMPLETE

