========== BUILDING NCCL TESTS ==========
Cloning into 'nccl-tests-shifter'...
make -C src build BUILDDIR=/mscratch/sd/s/sfarrell/nccl-testing/nccl-ofi-plugin/nccl-tests-shifter/build
make[1]: Entering directory '/mscratch/sd/s/sfarrell/nccl-testing/nccl-ofi-plugin/nccl-tests-shifter/src'
Compiling  timer.cc                            > /mscratch/sd/s/sfarrell/nccl-testing/nccl-ofi-plugin/nccl-tests-shifter/build/timer.o
Compiling /mscratch/sd/s/sfarrell/nccl-testing/nccl-ofi-plugin/nccl-tests-shifter/build/verifiable/verifiable.o
Compiling  all_reduce.cu                       > /mscratch/sd/s/sfarrell/nccl-testing/nccl-ofi-plugin/nccl-tests-shifter/build/all_reduce.o
Compiling  common.cu                           > /mscratch/sd/s/sfarrell/nccl-testing/nccl-ofi-plugin/nccl-tests-shifter/build/common.o
Compiling  all_gather.cu                       > /mscratch/sd/s/sfarrell/nccl-testing/nccl-ofi-plugin/nccl-tests-shifter/build/all_gather.o
Compiling  broadcast.cu                        > /mscratch/sd/s/sfarrell/nccl-testing/nccl-ofi-plugin/nccl-tests-shifter/build/broadcast.o
Compiling  reduce_scatter.cu                   > /mscratch/sd/s/sfarrell/nccl-testing/nccl-ofi-plugin/nccl-tests-shifter/build/reduce_scatter.o
Compiling  reduce.cu                           > /mscratch/sd/s/sfarrell/nccl-testing/nccl-ofi-plugin/nccl-tests-shifter/build/reduce.o
Compiling  alltoall.cu                         > /mscratch/sd/s/sfarrell/nccl-testing/nccl-ofi-plugin/nccl-tests-shifter/build/alltoall.o
Compiling  scatter.cu                          > /mscratch/sd/s/sfarrell/nccl-testing/nccl-ofi-plugin/nccl-tests-shifter/build/scatter.o
Compiling  gather.cu                           > /mscratch/sd/s/sfarrell/nccl-testing/nccl-ofi-plugin/nccl-tests-shifter/build/gather.o
Compiling  sendrecv.cu                         > /mscratch/sd/s/sfarrell/nccl-testing/nccl-ofi-plugin/nccl-tests-shifter/build/sendrecv.o
Compiling  hypercube.cu                        > /mscratch/sd/s/sfarrell/nccl-testing/nccl-ofi-plugin/nccl-tests-shifter/build/hypercube.o
Linking  /mscratch/sd/s/sfarrell/nccl-testing/nccl-ofi-plugin/nccl-tests-shifter/build/all_reduce.o > /mscratch/sd/s/sfarrell/nccl-testing/nccl-ofi-plugin/nccl-tests-shifter/build/all_reduce_perf
Linking  /mscratch/sd/s/sfarrell/nccl-testing/nccl-ofi-plugin/nccl-tests-shifter/build/all_gather.o > /mscratch/sd/s/sfarrell/nccl-testing/nccl-ofi-plugin/nccl-tests-shifter/build/all_gather_perf
Linking  /mscratch/sd/s/sfarrell/nccl-testing/nccl-ofi-plugin/nccl-tests-shifter/build/broadcast.o > /mscratch/sd/s/sfarrell/nccl-testing/nccl-ofi-plugin/nccl-tests-shifter/build/broadcast_perf
Linking  /mscratch/sd/s/sfarrell/nccl-testing/nccl-ofi-plugin/nccl-tests-shifter/build/reduce_scatter.o > /mscratch/sd/s/sfarrell/nccl-testing/nccl-ofi-plugin/nccl-tests-shifter/build/reduce_scatter_perf
Linking  /mscratch/sd/s/sfarrell/nccl-testing/nccl-ofi-plugin/nccl-tests-shifter/build/reduce.o > /mscratch/sd/s/sfarrell/nccl-testing/nccl-ofi-plugin/nccl-tests-shifter/build/reduce_perf
Linking  /mscratch/sd/s/sfarrell/nccl-testing/nccl-ofi-plugin/nccl-tests-shifter/build/alltoall.o > /mscratch/sd/s/sfarrell/nccl-testing/nccl-ofi-plugin/nccl-tests-shifter/build/alltoall_perf
Linking  /mscratch/sd/s/sfarrell/nccl-testing/nccl-ofi-plugin/nccl-tests-shifter/build/scatter.o > /mscratch/sd/s/sfarrell/nccl-testing/nccl-ofi-plugin/nccl-tests-shifter/build/scatter_perf
Linking  /mscratch/sd/s/sfarrell/nccl-testing/nccl-ofi-plugin/nccl-tests-shifter/build/gather.o > /mscratch/sd/s/sfarrell/nccl-testing/nccl-ofi-plugin/nccl-tests-shifter/build/gather_perf
Linking  /mscratch/sd/s/sfarrell/nccl-testing/nccl-ofi-plugin/nccl-tests-shifter/build/sendrecv.o > /mscratch/sd/s/sfarrell/nccl-testing/nccl-ofi-plugin/nccl-tests-shifter/build/sendrecv_perf
Linking  /mscratch/sd/s/sfarrell/nccl-testing/nccl-ofi-plugin/nccl-tests-shifter/build/hypercube.o > /mscratch/sd/s/sfarrell/nccl-testing/nccl-ofi-plugin/nccl-tests-shifter/build/hypercube_perf
make[1]: Leaving directory '/mscratch/sd/s/sfarrell/nccl-testing/nccl-ofi-plugin/nccl-tests-shifter/src'
========== RUNNING NCCL TESTS ==========
# nThread 1 nGpus 1 minBytes 8 maxBytes 4294967296 step: 2(factor) warmup iters: 5 iters: 20 agg iters: 1 validation: 1 graph: 0
#
# Using devices
#  Rank  0 Group  0 Pid 1767178 on  nid001033 device  0 [0x03] NVIDIA A100-SXM4-40GB
#  Rank  1 Group  0 Pid 1767179 on  nid001033 device  1 [0x41] NVIDIA A100-SXM4-40GB
#  Rank  2 Group  0 Pid 1767181 on  nid001033 device  2 [0x82] NVIDIA A100-SXM4-40GB
#  Rank  3 Group  0 Pid 1767183 on  nid001033 device  3 [0xc1] NVIDIA A100-SXM4-40GB
#  Rank  4 Group  0 Pid 1746776 on  nid001036 device  0 [0x03] NVIDIA A100-SXM4-40GB
#  Rank  5 Group  0 Pid 1746777 on  nid001036 device  1 [0x41] NVIDIA A100-SXM4-40GB
#  Rank  6 Group  0 Pid 1746779 on  nid001036 device  2 [0x82] NVIDIA A100-SXM4-40GB
#  Rank  7 Group  0 Pid 1746781 on  nid001036 device  3 [0xc1] NVIDIA A100-SXM4-40GB
nid001033:1767178:1767178 [0] NCCL INFO NCCL_SOCKET_IFNAME set by environment to hsn
nid001033:1767178:1767178 [0] NCCL INFO Bootstrap : Using hsn0:10.250.0.153<0>
nid001033:1767179:1767179 [1] NCCL INFO cudaDriverVersion 12060
nid001033:1767179:1767179 [1] NCCL INFO NCCL_SOCKET_IFNAME set by environment to hsn
nid001033:1767179:1767179 [1] NCCL INFO Bootstrap : Using hsn0:10.250.0.153<0>
nid001033:1767179:1767179 [1] NCCL INFO NCCL version 2.23.4+cuda12.6
nid001033:1767181:1767181 [2] NCCL INFO cudaDriverVersion 12060
nid001033:1767178:1767178 [0] NCCL INFO cudaDriverVersion 12060
nid001033:1767178:1767178 [0] NCCL INFO NCCL version 2.23.4+cuda12.6
nid001033:1767181:1767181 [2] NCCL INFO NCCL_SOCKET_IFNAME set by environment to hsn
nid001033:1767181:1767181 [2] NCCL INFO Bootstrap : Using hsn0:10.250.0.153<0>
nid001033:1767181:1767181 [2] NCCL INFO NCCL version 2.23.4+cuda12.6
nid001033:1767183:1767183 [3] NCCL INFO cudaDriverVersion 12060
nid001033:1767183:1767183 [3] NCCL INFO NCCL_SOCKET_IFNAME set by environment to hsn
nid001033:1767183:1767183 [3] NCCL INFO Bootstrap : Using hsn0:10.250.0.153<0>
nid001033:1767183:1767183 [3] NCCL INFO NCCL version 2.23.4+cuda12.6
nid001036:1746781:1746781 [3] NCCL INFO cudaDriverVersion 12060
nid001036:1746779:1746779 [2] NCCL INFO cudaDriverVersion 12060
nid001036:1746776:1746776 [0] NCCL INFO cudaDriverVersion 12060
nid001036:1746777:1746777 [1] NCCL INFO cudaDriverVersion 12060
nid001036:1746781:1746781 [3] NCCL INFO NCCL_SOCKET_IFNAME set by environment to hsn
nid001036:1746776:1746776 [0] NCCL INFO NCCL_SOCKET_IFNAME set by environment to hsn
nid001036:1746777:1746777 [1] NCCL INFO NCCL_SOCKET_IFNAME set by environment to hsn
nid001036:1746779:1746779 [2] NCCL INFO NCCL_SOCKET_IFNAME set by environment to hsn
nid001036:1746776:1746776 [0] NCCL INFO Bootstrap : Using hsn0:10.250.0.39<0>
nid001036:1746776:1746776 [0] NCCL INFO NCCL version 2.23.4+cuda12.6
nid001036:1746777:1746777 [1] NCCL INFO Bootstrap : Using hsn0:10.250.0.39<0>
nid001036:1746777:1746777 [1] NCCL INFO NCCL version 2.23.4+cuda12.6
nid001036:1746779:1746779 [2] NCCL INFO Bootstrap : Using hsn0:10.250.0.39<0>
nid001036:1746779:1746779 [2] NCCL INFO NCCL version 2.23.4+cuda12.6
nid001036:1746781:1746781 [3] NCCL INFO Bootstrap : Using hsn0:10.250.0.39<0>
nid001036:1746781:1746781 [3] NCCL INFO NCCL version 2.23.4+cuda12.6
nid001036:1746776:1747524 [0] NCCL INFO NET/Plugin: Failed to find ncclNetPlugin_v8 symbol.
nid001036:1746776:1747524 [0] NCCL INFO NET/Plugin: Loaded net plugin AWS Libfabric (v6)
nid001036:1746776:1747524 [0] NCCL INFO NET/Plugin: Failed to find ncclCollNetPlugin_v8 symbol.
nid001036:1746779:1747527 [2] NCCL INFO NET/Plugin: Failed to find ncclNetPlugin_v8 symbol.
nid001036:1746779:1747527 [2] NCCL INFO NET/Plugin: Loaded net plugin AWS Libfabric (v6)
nid001036:1746779:1747527 [2] NCCL INFO NET/Plugin: Failed to find ncclCollNetPlugin_v8 symbol.
nid001036:1746779:1747527 [2] NCCL INFO NET/Plugin: Failed to find ncclCollNetPlugin symbol (>= v5). ncclCollNetPlugin symbols v4 and lower are not supported.
nid001036:1746779:1747527 [2] NCCL INFO NET/OFI Using aws-ofi-nccl 1.6.0
nid001036:1746781:1747526 [3] NCCL INFO NET/Plugin: Failed to find ncclNetPlugin_v8 symbol.
nid001036:1746781:1747526 [3] NCCL INFO NET/Plugin: Loaded net plugin AWS Libfabric (v6)
nid001036:1746781:1747526 [3] NCCL INFO NET/Plugin: Failed to find ncclCollNetPlugin_v8 symbol.
nid001036:1746781:1747526 [3] NCCL INFO NET/Plugin: Failed to find ncclCollNetPlugin symbol (>= v5). ncclCollNetPlugin symbols v4 and lower are not supported.
nid001036:1746781:1747526 [3] NCCL INFO NET/OFI Using aws-ofi-nccl 1.6.0
nid001036:1746776:1747524 [0] NCCL INFO NET/Plugin: Failed to find ncclCollNetPlugin symbol (>= v5). ncclCollNetPlugin symbols v4 and lower are not supported.
nid001036:1746776:1747524 [0] NCCL INFO NET/OFI Using aws-ofi-nccl 1.6.0
nid001036:1746777:1747525 [1] NCCL INFO NET/Plugin: Failed to find ncclNetPlugin_v8 symbol.
nid001036:1746777:1747525 [1] NCCL INFO NET/Plugin: Loaded net plugin AWS Libfabric (v6)
nid001036:1746777:1747525 [1] NCCL INFO NET/Plugin: Failed to find ncclCollNetPlugin_v8 symbol.
nid001036:1746777:1747525 [1] NCCL INFO NET/Plugin: Failed to find ncclCollNetPlugin symbol (>= v5). ncclCollNetPlugin symbols v4 and lower are not supported.
nid001036:1746777:1747525 [1] NCCL INFO NET/OFI Using aws-ofi-nccl 1.6.0
nid001033:1767179:1767928 [1] NCCL INFO NET/Plugin: Failed to find ncclNetPlugin_v8 symbol.
nid001033:1767179:1767928 [1] NCCL INFO NET/Plugin: Loaded net plugin AWS Libfabric (v6)
nid001033:1767179:1767928 [1] NCCL INFO NET/Plugin: Failed to find ncclCollNetPlugin_v8 symbol.
nid001033:1767179:1767928 [1] NCCL INFO NET/Plugin: Failed to find ncclCollNetPlugin symbol (>= v5). ncclCollNetPlugin symbols v4 and lower are not supported.
nid001033:1767179:1767928 [1] NCCL INFO NET/OFI Using aws-ofi-nccl 1.6.0
nid001033:1767183:1767931 [3] NCCL INFO NET/Plugin: Failed to find ncclNetPlugin_v8 symbol.
nid001033:1767183:1767931 [3] NCCL INFO NET/Plugin: Loaded net plugin AWS Libfabric (v6)
nid001033:1767183:1767931 [3] NCCL INFO NET/Plugin: Failed to find ncclCollNetPlugin_v8 symbol.
nid001033:1767183:1767931 [3] NCCL INFO NET/Plugin: Failed to find ncclCollNetPlugin symbol (>= v5). ncclCollNetPlugin symbols v4 and lower are not supported.
nid001033:1767183:1767931 [3] NCCL INFO NET/OFI Using aws-ofi-nccl 1.6.0
nid001033:1767178:1767929 [0] NCCL INFO NET/Plugin: Failed to find ncclNetPlugin_v8 symbol.
nid001033:1767178:1767929 [0] NCCL INFO NET/Plugin: Loaded net plugin AWS Libfabric (v6)
nid001033:1767178:1767929 [0] NCCL INFO NET/Plugin: Failed to find ncclCollNetPlugin_v8 symbol.
nid001033:1767178:1767929 [0] NCCL INFO NET/Plugin: Failed to find ncclCollNetPlugin symbol (>= v5). ncclCollNetPlugin symbols v4 and lower are not supported.
nid001033:1767178:1767929 [0] NCCL INFO NET/OFI Using aws-ofi-nccl 1.6.0
nid001033:1767181:1767930 [2] NCCL INFO NET/Plugin: Failed to find ncclNetPlugin_v8 symbol.
nid001033:1767181:1767930 [2] NCCL INFO NET/Plugin: Loaded net plugin AWS Libfabric (v6)
nid001033:1767181:1767930 [2] NCCL INFO NET/Plugin: Failed to find ncclCollNetPlugin_v8 symbol.
nid001033:1767181:1767930 [2] NCCL INFO NET/Plugin: Failed to find ncclCollNetPlugin symbol (>= v5). ncclCollNetPlugin symbols v4 and lower are not supported.
nid001033:1767181:1767930 [2] NCCL INFO NET/OFI Using aws-ofi-nccl 1.6.0
nid001036:1746779:1747527 [2] NCCL INFO NET/OFI Selected Provider is cxi (found 8 nics)
nid001036:1746777:1747525 [1] NCCL INFO NET/OFI Selected Provider is cxi (found 8 nics)
nid001036:1746777:1747525 [1] NCCL INFO PROFILER/Plugin: Could not find: libnccl-profiler.so.
nid001036:1746777:1747525 [1] NCCL INFO Using network AWS Libfabric
nid001036:1746779:1747527 [2] NCCL INFO PROFILER/Plugin: Could not find: libnccl-profiler.so.
nid001036:1746779:1747527 [2] NCCL INFO Using network AWS Libfabric
nid001033:1767181:1767930 [2] NCCL INFO NET/OFI Selected Provider is cxi (found 8 nics)
nid001033:1767181:1767930 [2] NCCL INFO PROFILER/Plugin: Could not find: libnccl-profiler.so.
nid001033:1767181:1767930 [2] NCCL INFO Using network AWS Libfabric
nid001033:1767179:1767928 [1] NCCL INFO NET/OFI Selected Provider is cxi (found 8 nics)
nid001033:1767179:1767928 [1] NCCL INFO PROFILER/Plugin: Could not find: libnccl-profiler.so.
nid001033:1767179:1767928 [1] NCCL INFO Using network AWS Libfabric
nid001036:1746781:1747526 [3] NCCL INFO NET/OFI Selected Provider is cxi (found 8 nics)
nid001036:1746781:1747526 [3] NCCL INFO PROFILER/Plugin: Could not find: libnccl-profiler.so.
nid001036:1746781:1747526 [3] NCCL INFO Using network AWS Libfabric
nid001036:1746776:1747524 [0] NCCL INFO NET/OFI Selected Provider is cxi (found 8 nics)
nid001036:1746776:1747524 [0] NCCL INFO PROFILER/Plugin: Could not find: libnccl-profiler.so.
nid001036:1746776:1747524 [0] NCCL INFO Using network AWS Libfabric
nid001033:1767183:1767931 [3] NCCL INFO NET/OFI Selected Provider is cxi (found 8 nics)
nid001033:1767183:1767931 [3] NCCL INFO PROFILER/Plugin: Could not find: libnccl-profiler.so.
nid001033:1767183:1767931 [3] NCCL INFO Using network AWS Libfabric
nid001033:1767178:1767929 [0] NCCL INFO NET/OFI Selected Provider is cxi (found 8 nics)
nid001033:1767178:1767929 [0] NCCL INFO PROFILER/Plugin: Could not find: libnccl-profiler.so.
nid001033:1767178:1767929 [0] NCCL INFO Using network AWS Libfabric
nid001036:1746776:1747524 [0] NCCL INFO DMA-BUF is available on GPU device 0
nid001036:1746776:1747524 [0] NCCL INFO ncclCommInitRank comm 0x56083df0f020 rank 4 nranks 8 cudaDev 0 nvmlDev 0 busId 3000 commId 0xc7371d9c8e8bcf62 - Init START
nid001036:1746777:1747525 [1] NCCL INFO DMA-BUF is available on GPU device 1
nid001036:1746777:1747525 [1] NCCL INFO ncclCommInitRank comm 0x556a1739a680 rank 5 nranks 8 cudaDev 1 nvmlDev 1 busId 41000 commId 0xc7371d9c8e8bcf62 - Init START
nid001036:1746779:1747527 [2] NCCL INFO DMA-BUF is available on GPU device 2
nid001036:1746779:1747527 [2] NCCL INFO ncclCommInitRank comm 0x55ae3699d830 rank 6 nranks 8 cudaDev 2 nvmlDev 2 busId 82000 commId 0xc7371d9c8e8bcf62 - Init START
nid001036:1746781:1747526 [3] NCCL INFO DMA-BUF is available on GPU device 3
nid001036:1746781:1747526 [3] NCCL INFO ncclCommInitRank comm 0x55dfe0f4dce0 rank 7 nranks 8 cudaDev 3 nvmlDev 3 busId c1000 commId 0xc7371d9c8e8bcf62 - Init START
nid001033:1767181:1767930 [2] NCCL INFO DMA-BUF is available on GPU device 2
nid001033:1767181:1767930 [2] NCCL INFO ncclCommInitRank comm 0x5612136b46a0 rank 2 nranks 8 cudaDev 2 nvmlDev 2 busId 82000 commId 0xc7371d9c8e8bcf62 - Init START
nid001033:1767179:1767928 [1] NCCL INFO DMA-BUF is available on GPU device 1
nid001033:1767179:1767928 [1] NCCL INFO ncclCommInitRank comm 0x55e6df93fb50 rank 1 nranks 8 cudaDev 1 nvmlDev 1 busId 41000 commId 0xc7371d9c8e8bcf62 - Init START
nid001033:1767178:1767929 [0] NCCL INFO DMA-BUF is available on GPU device 0
nid001033:1767178:1767929 [0] NCCL INFO ncclCommInitRank comm 0x563017609e00 rank 0 nranks 8 cudaDev 0 nvmlDev 0 busId 3000 commId 0xc7371d9c8e8bcf62 - Init START
nid001033:1767183:1767931 [3] NCCL INFO DMA-BUF is available on GPU device 3
nid001033:1767183:1767931 [3] NCCL INFO ncclCommInitRank comm 0x56265d7a3bb0 rank 3 nranks 8 cudaDev 3 nvmlDev 3 busId c1000 commId 0xc7371d9c8e8bcf62 - Init START
nid001033:1767181:1767930 [2] NCCL INFO Bootstrap timings total 0.062877 (create 0.000033, send 0.000118, recv 0.062104, ring 0.000477, delay 0.000001)
nid001033:1767183:1767931 [3] NCCL INFO Bootstrap timings total 0.006814 (create 0.000025, send 0.000123, recv 0.000160, ring 0.000484, delay 0.000001)
nid001033:1767178:1767929 [0] NCCL INFO Bootstrap timings total 0.019580 (create 0.000023, send 0.000099, recv 0.000405, ring 0.018545, delay 0.000001)
nid001036:1746776:1747524 [0] NCCL INFO Bootstrap timings total 0.099638 (create 0.000032, send 0.000244, recv 0.002062, ring 0.005857, delay 0.000001)
nid001033:1767179:1767928 [1] NCCL INFO Bootstrap timings total 0.029302 (create 0.000036, send 0.000137, recv 0.000140, ring 0.018891, delay 0.000001)
nid001036:1746777:1747525 [1] NCCL INFO Bootstrap timings total 0.097987 (create 0.000030, send 0.000229, recv 0.027457, ring 0.070113, delay 0.000001)
nid001036:1746779:1747527 [2] NCCL INFO Bootstrap timings total 0.071228 (create 0.000024, send 0.000535, recv 0.003431, ring 0.067083, delay 0.000001)
nid001036:1746781:1747526 [3] NCCL INFO Bootstrap timings total 0.068215 (create 0.000029, send 0.000531, recv 0.048535, ring 0.018575, delay 0.000001)
nid001033:1767179:1767928 [1] NCCL INFO Setting affinity for GPU 1 to ffff,00000000,0000ffff,00000000
nid001033:1767179:1767928 [1] NCCL INFO NVLS multicast support is not available on dev 1
nid001033:1767179:1767928 [1] NCCL INFO NCCL_CROSS_NIC set by environment to 1.
nid001033:1767178:1767929 [0] NCCL INFO Setting affinity for GPU 0 to ffff0000,00000000,ffff0000,00000000
nid001033:1767178:1767929 [0] NCCL INFO NVLS multicast support is not available on dev 0
nid001033:1767178:1767929 [0] NCCL INFO NCCL_CROSS_NIC set by environment to 1.
nid001033:1767181:1767930 [2] NCCL INFO Setting affinity for GPU 2 to ffff0000,00000000,ffff0000
nid001033:1767181:1767930 [2] NCCL INFO NVLS multicast support is not available on dev 2
nid001033:1767181:1767930 [2] NCCL INFO NCCL_CROSS_NIC set by environment to 1.
nid001033:1767183:1767931 [3] NCCL INFO Setting affinity for GPU 3 to ffff,00000000,0000ffff
nid001033:1767183:1767931 [3] NCCL INFO NVLS multicast support is not available on dev 3
nid001033:1767183:1767931 [3] NCCL INFO NCCL_CROSS_NIC set by environment to 1.
nid001036:1746777:1747525 [1] NCCL INFO Setting affinity for GPU 1 to ffff,00000000,0000ffff,00000000
nid001036:1746777:1747525 [1] NCCL INFO NVLS multicast support is not available on dev 1
nid001036:1746777:1747525 [1] NCCL INFO NCCL_CROSS_NIC set by environment to 1.
nid001036:1746776:1747524 [0] NCCL INFO Setting affinity for GPU 0 to ffff0000,00000000,ffff0000,00000000
nid001036:1746776:1747524 [0] NCCL INFO NVLS multicast support is not available on dev 0
nid001036:1746776:1747524 [0] NCCL INFO NCCL_CROSS_NIC set by environment to 1.
nid001036:1746781:1747526 [3] NCCL INFO Setting affinity for GPU 3 to ffff,00000000,0000ffff
nid001036:1746781:1747526 [3] NCCL INFO NVLS multicast support is not available on dev 3
nid001036:1746779:1747527 [2] NCCL INFO Setting affinity for GPU 2 to ffff0000,00000000,ffff0000
nid001036:1746781:1747526 [3] NCCL INFO NCCL_CROSS_NIC set by environment to 1.
nid001036:1746779:1747527 [2] NCCL INFO NVLS multicast support is not available on dev 2
nid001036:1746779:1747527 [2] NCCL INFO NCCL_CROSS_NIC set by environment to 1.
nid001033:1767178:1767929 [0] NCCL INFO comm 0x563017609e00 rank 0 nRanks 8 nNodes 2 localRanks 4 localRank 0 MNNVL 0
nid001033:1767178:1767929 [0] NCCL INFO Channel 00/08 : 0 3 2 1 7 4 5 6
nid001036:1746776:1747524 [0] NCCL INFO comm 0x56083df0f020 rank 4 nRanks 8 nNodes 2 localRanks 4 localRank 0 MNNVL 0
nid001033:1767179:1767928 [1] NCCL INFO comm 0x55e6df93fb50 rank 1 nRanks 8 nNodes 2 localRanks 4 localRank 1 MNNVL 0
nid001033:1767179:1767928 [1] NCCL INFO Trees [0] -1/-1/-1->1->2 [1] 0/-1/-1->1->3 [2] 3/-1/-1->1->0 [3] 2/5/-1->1->-1 [4] -1/-1/-1->1->2 [5] 0/-1/-1->1->3 [6] 3/-1/-1->1->0 [7] 2/-1/-1->1->5
nid001033:1767179:1767928 [1] NCCL INFO P2P Chunksize set to 131072
nid001033:1767181:1767930 [2] NCCL INFO comm 0x5612136b46a0 rank 2 nRanks 8 nNodes 2 localRanks 4 localRank 2 MNNVL 0
nid001033:1767181:1767930 [2] NCCL INFO Trees [0] 1/-1/-1->2->3 [1] -1/-1/-1->2->0 [2] 0/6/-1->2->-1 [3] 3/-1/-1->2->1 [4] 1/-1/-1->2->3 [5] -1/-1/-1->2->0 [6] 0/-1/-1->2->6 [7] 3/-1/-1->2->1
nid001033:1767181:1767930 [2] NCCL INFO P2P Chunksize set to 131072
nid001036:1746777:1747525 [1] NCCL INFO comm 0x556a1739a680 rank 5 nRanks 8 nNodes 2 localRanks 4 localRank 1 MNNVL 0
nid001036:1746777:1747525 [1] NCCL INFO Trees [0] -1/-1/-1->5->6 [1] 4/-1/-1->5->7 [2] 7/-1/-1->5->4 [3] 6/-1/-1->5->1 [4] -1/-1/-1->5->6 [5] 4/-1/-1->5->7 [6] 7/-1/-1->5->4 [7] 6/1/-1->5->-1
nid001036:1746777:1747525 [1] NCCL INFO P2P Chunksize set to 131072
nid001033:1767183:1767931 [3] NCCL INFO comm 0x56265d7a3bb0 rank 3 nRanks 8 nNodes 2 localRanks 4 localRank 3 MNNVL 0
nid001033:1767183:1767931 [3] NCCL INFO Trees [0] 2/-1/-1->3->0 [1] 1/7/-1->3->-1 [2] -1/-1/-1->3->1 [3] 0/-1/-1->3->2 [4] 2/-1/-1->3->0 [5] 1/-1/-1->3->7 [6] -1/-1/-1->3->1 [7] 0/-1/-1->3->2
nid001033:1767183:1767931 [3] NCCL INFO P2P Chunksize set to 131072
nid001036:1746779:1747527 [2] NCCL INFO comm 0x55ae3699d830 rank 6 nRanks 8 nNodes 2 localRanks 4 localRank 2 MNNVL 0
nid001036:1746779:1747527 [2] NCCL INFO Trees [0] 5/-1/-1->6->7 [1] -1/-1/-1->6->4 [2] 4/-1/-1->6->2 [3] 7/-1/-1->6->5 [4] 5/-1/-1->6->7 [5] -1/-1/-1->6->4 [6] 4/2/-1->6->-1 [7] 7/-1/-1->6->5
nid001036:1746779:1747527 [2] NCCL INFO P2P Chunksize set to 131072
nid001033:1767178:1767929 [0] NCCL INFO Channel 01/08 : 0 1 2 4 7 6 5 3
nid001033:1767178:1767929 [0] NCCL INFO Channel 02/08 : 0 5 6 4 7 2 3 1
nid001033:1767178:1767929 [0] NCCL INFO Channel 03/08 : 0 3 6 7 5 4 1 2
nid001033:1767178:1767929 [0] NCCL INFO Channel 04/08 : 0 3 2 1 7 4 5 6
nid001033:1767178:1767929 [0] NCCL INFO Channel 05/08 : 0 1 2 4 7 6 5 3
nid001033:1767178:1767929 [0] NCCL INFO Channel 06/08 : 0 5 6 4 7 2 3 1
nid001033:1767178:1767929 [0] NCCL INFO Channel 07/08 : 0 3 6 7 5 4 1 2
nid001033:1767178:1767929 [0] NCCL INFO Trees [0] 3/4/-1->0->-1 [1] 2/-1/-1->0->1 [2] 1/-1/-1->0->2 [3] -1/-1/-1->0->3 [4] 3/-1/-1->0->4 [5] 2/-1/-1->0->1 [6] 1/-1/-1->0->2 [7] -1/-1/-1->0->3
nid001033:1767178:1767929 [0] NCCL INFO P2P Chunksize set to 131072
nid001036:1746781:1747526 [3] NCCL INFO comm 0x55dfe0f4dce0 rank 7 nRanks 8 nNodes 2 localRanks 4 localRank 3 MNNVL 0
nid001036:1746781:1747526 [3] NCCL INFO Trees [0] 6/-1/-1->7->4 [1] 5/-1/-1->7->3 [2] -1/-1/-1->7->5 [3] 4/-1/-1->7->6 [4] 6/-1/-1->7->4 [5] 5/3/-1->7->-1 [6] -1/-1/-1->7->5 [7] 4/-1/-1->7->6
nid001036:1746781:1747526 [3] NCCL INFO P2P Chunksize set to 131072
nid001033:1767178:1767933 [0] NCCL INFO [Proxy Service] Device 0 CPU core 127
nid001033:1767178:1767938 [0] NCCL INFO [Proxy Service UDS] Device 0 CPU core 49
nid001036:1746776:1747524 [0] NCCL INFO Trees [0] 7/-1/-1->4->0 [1] 6/-1/-1->4->5 [2] 5/-1/-1->4->6 [3] -1/-1/-1->4->7 [4] 7/0/-1->4->-1 [5] 6/-1/-1->4->5 [6] 5/-1/-1->4->6 [7] -1/-1/-1->4->7
nid001036:1746776:1747524 [0] NCCL INFO P2P Chunksize set to 131072
nid001033:1767183:1767932 [3] NCCL INFO [Proxy Service] Device 3 CPU core 78
nid001033:1767183:1767936 [3] NCCL INFO [Proxy Service UDS] Device 3 CPU core 9
nid001033:1767179:1767934 [1] NCCL INFO [Proxy Service] Device 1 CPU core 43
nid001036:1746781:1747529 [3] NCCL INFO [Proxy Service] Device 3 CPU core 10
nid001036:1746781:1747531 [3] NCCL INFO [Proxy Service UDS] Device 3 CPU core 65
nid001033:1767181:1767939 [2] NCCL INFO [Proxy Service UDS] Device 2 CPU core 17
nid001033:1767181:1767935 [2] NCCL INFO [Proxy Service] Device 2 CPU core 24
nid001036:1746777:1747530 [1] NCCL INFO [Proxy Service UDS] Device 1 CPU core 97
nid001036:1746777:1747528 [1] NCCL INFO [Proxy Service] Device 1 CPU core 43
nid001033:1767179:1767937 [1] NCCL INFO [Proxy Service UDS] Device 1 CPU core 97
nid001036:1746779:1747532 [2] NCCL INFO [Proxy Service] Device 2 CPU core 24
nid001036:1746779:1747534 [2] NCCL INFO [Proxy Service UDS] Device 2 CPU core 89
nid001036:1746776:1747535 [0] NCCL INFO [Proxy Service UDS] Device 0 CPU core 113
nid001036:1746776:1747533 [0] NCCL INFO [Proxy Service] Device 0 CPU core 63
nid001033:1767179:1767928 [1] NCCL INFO threadThresholds 8/8/64 | 64/8/64 | 512 | 512
nid001033:1767179:1767928 [1] NCCL INFO 8 coll channels, 8 collnet channels, 0 nvls channels, 8 p2p channels, 2 p2p channels per peer
nid001033:1767181:1767930 [2] NCCL INFO threadThresholds 8/8/64 | 64/8/64 | 512 | 512
nid001033:1767181:1767930 [2] NCCL INFO 8 coll channels, 8 collnet channels, 0 nvls channels, 8 p2p channels, 2 p2p channels per peer
nid001033:1767178:1767929 [0] NCCL INFO threadThresholds 8/8/64 | 64/8/64 | 512 | 512
nid001033:1767178:1767929 [0] NCCL INFO 8 coll channels, 8 collnet channels, 0 nvls channels, 8 p2p channels, 2 p2p channels per peer
nid001033:1767183:1767931 [3] NCCL INFO threadThresholds 8/8/64 | 64/8/64 | 512 | 512
nid001033:1767183:1767931 [3] NCCL INFO 8 coll channels, 8 collnet channels, 0 nvls channels, 8 p2p channels, 2 p2p channels per peer
nid001033:1767178:1767929 [0] NCCL INFO CC Off, Multi-GPU CC Off, workFifoBytes 1048576
nid001033:1767178:1767929 [0] NCCL INFO TUNER/Plugin: Failed to find ncclTunerPlugin_v3 symbol.
nid001033:1767178:1767929 [0] NCCL INFO TUNER/Plugin: Failed to find ncclTunerPlugin_v2 symbol, using internal tuner instead.
nid001033:1767178:1767929 [0] NCCL INFO ncclCommInitRank comm 0x563017609e00 rank 0 nranks 8 cudaDev 0 nvmlDev 0 busId 3000 commId 0xc7371d9c8e8bcf62 - Init COMPLETE
nid001033:1767178:1767929 [0] NCCL INFO Init timings - ncclCommInitRank: rank 0 nranks 8 total 1.40 (kernels 0.97, alloc 0.26, bootstrap 0.02, allgathers 0.00, topo 0.12, graphs 0.02, connections 0.01, rest 0.00)
nid001033:1767179:1767928 [1] NCCL INFO TUNER/Plugin: Failed to find ncclTunerPlugin_v3 symbol.
nid001033:1767179:1767928 [1] NCCL INFO TUNER/Plugin: Failed to find ncclTunerPlugin_v2 symbol, using internal tuner instead.
nid001033:1767179:1767928 [1] NCCL INFO ncclCommInitRank comm 0x55e6df93fb50 rank 1 nranks 8 cudaDev 1 nvmlDev 1 busId 41000 commId 0xc7371d9c8e8bcf62 - Init COMPLETE
nid001033:1767179:1767928 [1] NCCL INFO Init timings - ncclCommInitRank: rank 1 nranks 8 total 1.41 (kernels 0.97, alloc 0.25, bootstrap 0.03, allgathers 0.00, topo 0.12, graphs 0.02, connections 0.01, rest 0.00)
nid001033:1767181:1767930 [2] NCCL INFO TUNER/Plugin: Failed to find ncclTunerPlugin_v3 symbol.
nid001033:1767181:1767930 [2] NCCL INFO TUNER/Plugin: Failed to find ncclTunerPlugin_v2 symbol, using internal tuner instead.
nid001033:1767181:1767930 [2] NCCL INFO ncclCommInitRank comm 0x5612136b46a0 rank 2 nranks 8 cudaDev 2 nvmlDev 2 busId 82000 commId 0xc7371d9c8e8bcf62 - Init COMPLETE
nid001033:1767181:1767930 [2] NCCL INFO Init timings - ncclCommInitRank: rank 2 nranks 8 total 1.39 (kernels 0.99, alloc 0.19, bootstrap 0.06, allgathers 0.00, topo 0.12, graphs 0.02, connections 0.01, rest 0.00)
nid001033:1767183:1767931 [3] NCCL INFO TUNER/Plugin: Failed to find ncclTunerPlugin_v3 symbol.
nid001033:1767183:1767931 [3] NCCL INFO TUNER/Plugin: Failed to find ncclTunerPlugin_v2 symbol, using internal tuner instead.
nid001033:1767183:1767931 [3] NCCL INFO ncclCommInitRank comm 0x56265d7a3bb0 rank 3 nranks 8 cudaDev 3 nvmlDev 3 busId c1000 commId 0xc7371d9c8e8bcf62 - Init COMPLETE
nid001033:1767183:1767931 [3] NCCL INFO Init timings - ncclCommInitRank: rank 3 nranks 8 total 1.38 (kernels 0.95, alloc 0.27, bootstrap 0.01, allgathers 0.00, topo 0.12, graphs 0.02, connections 0.01, rest 0.00)
nid001036:1746777:1747525 [1] NCCL INFO threadThresholds 8/8/64 | 64/8/64 | 512 | 512
nid001036:1746777:1747525 [1] NCCL INFO 8 coll channels, 8 collnet channels, 0 nvls channels, 8 p2p channels, 2 p2p channels per peer
nid001036:1746779:1747527 [2] NCCL INFO threadThresholds 8/8/64 | 64/8/64 | 512 | 512
nid001036:1746779:1747527 [2] NCCL INFO 8 coll channels, 8 collnet channels, 0 nvls channels, 8 p2p channels, 2 p2p channels per peer
nid001036:1746781:1747526 [3] NCCL INFO threadThresholds 8/8/64 | 64/8/64 | 512 | 512
nid001036:1746781:1747526 [3] NCCL INFO 8 coll channels, 8 collnet channels, 0 nvls channels, 8 p2p channels, 2 p2p channels per peer
nid001036:1746776:1747524 [0] NCCL INFO threadThresholds 8/8/64 | 64/8/64 | 512 | 512
nid001036:1746776:1747524 [0] NCCL INFO 8 coll channels, 8 collnet channels, 0 nvls channels, 8 p2p channels, 2 p2p channels per peer
nid001036:1746776:1747524 [0] NCCL INFO TUNER/Plugin: Failed to find ncclTunerPlugin_v3 symbol.
nid001036:1746776:1747524 [0] NCCL INFO TUNER/Plugin: Failed to find ncclTunerPlugin_v2 symbol, using internal tuner instead.
nid001036:1746776:1747524 [0] NCCL INFO ncclCommInitRank comm 0x56083df0f020 rank 4 nranks 8 cudaDev 0 nvmlDev 0 busId 3000 commId 0xc7371d9c8e8bcf62 - Init COMPLETE
nid001036:1746777:1747525 [1] NCCL INFO TUNER/Plugin: Failed to find ncclTunerPlugin_v3 symbol.
nid001036:1746777:1747525 [1] NCCL INFO TUNER/Plugin: Failed to find ncclTunerPlugin_v2 symbol, using internal tuner instead.
nid001036:1746777:1747525 [1] NCCL INFO ncclCommInitRank comm 0x556a1739a680 rank 5 nranks 8 cudaDev 1 nvmlDev 1 busId 41000 commId 0xc7371d9c8e8bcf62 - Init COMPLETE
nid001036:1746777:1747525 [1] NCCL INFO Init timings - ncclCommInitRank: rank 5 nranks 8 total 1.39 (kernels 0.91, alloc 0.20, bootstrap 0.10, allgathers 0.00, topo 0.12, graphs 0.02, connections 0.03, rest 0.00)
nid001036:1746779:1747527 [2] NCCL INFO TUNER/Plugin: Failed to find ncclTunerPlugin_v3 symbol.
nid001036:1746779:1747527 [2] NCCL INFO TUNER/Plugin: Failed to find ncclTunerPlugin_v2 symbol, using internal tuner instead.
nid001036:1746779:1747527 [2] NCCL INFO ncclCommInitRank comm 0x55ae3699d830 rank 6 nranks 8 cudaDev 2 nvmlDev 2 busId 82000 commId 0xc7371d9c8e8bcf62 - Init COMPLETE
nid001036:1746779:1747527 [2] NCCL INFO Init timings - ncclCommInitRank: rank 6 nranks 8 total 1.39 (kernels 0.89, alloc 0.24, bootstrap 0.07, allgathers 0.00, topo 0.13, graphs 0.02, connections 0.03, rest 0.00)
nid001036:1746781:1747526 [3] NCCL INFO TUNER/Plugin: Failed to find ncclTunerPlugin_v3 symbol.
nid001036:1746781:1747526 [3] NCCL INFO TUNER/Plugin: Failed to find ncclTunerPlugin_v2 symbol, using internal tuner instead.
nid001036:1746781:1747526 [3] NCCL INFO ncclCommInitRank comm 0x55dfe0f4dce0 rank 7 nranks 8 cudaDev 3 nvmlDev 3 busId c1000 commId 0xc7371d9c8e8bcf62 - Init COMPLETE
nid001036:1746781:1747526 [3] NCCL INFO Init timings - ncclCommInitRank: rank 7 nranks 8 total 1.39 (kernels 0.89, alloc 0.25, bootstrap 0.07, allgathers 0.00, topo 0.13, graphs 0.02, connections 0.03, rest 0.00)
nid001036:1746776:1747524 [0] NCCL INFO Init timings - ncclCommInitRank: rank 4 nranks 8 total 1.39 (kernels 0.89, alloc 0.21, bootstrap 0.10, allgathers 0.00, topo 0.13, graphs 0.02, connections 0.03, rest 0.00)
#
#                                                              out-of-place                       in-place          
#       size         count      type   redop    root     time   algbw   busbw #wrong     time   algbw   busbw #wrong
#        (B)    (elements)                               (us)  (GB/s)  (GB/s)            (us)  (GB/s)  (GB/s)       
nid001033:1767178:1767942 [0] NCCL INFO Channel 01/0 : 0[0] -> 1[1] via P2P/CUMEM/read
nid001033:1767178:1767942 [0] NCCL INFO Channel 05/0 : 0[0] -> 1[1] via P2P/CUMEM/read
nid001033:1767179:1767941 [1] NCCL INFO Channel 01/0 : 1[1] -> 2[2] via P2P/CUMEM/read
nid001033:1767179:1767941 [1] NCCL INFO Channel 03/0 : 1[1] -> 2[2] via P2P/CUMEM/read
nid001033:1767181:1767943 [2] NCCL INFO Channel 02/0 : 2[2] -> 3[3] via P2P/CUMEM/read
nid001033:1767179:1767941 [1] NCCL INFO Channel 05/0 : 1[1] -> 2[2] via P2P/CUMEM/read
nid001033:1767181:1767943 [2] NCCL INFO Channel 06/0 : 2[2] -> 3[3] via P2P/CUMEM/read
nid001033:1767179:1767941 [1] NCCL INFO Channel 07/0 : 1[1] -> 2[2] via P2P/CUMEM/read
nid001033:1767178:1767942 [0] NCCL INFO NCCL_NET_GDR_LEVEL set by environment to PHB
nid001033:1767181:1767943 [2] NCCL INFO NCCL_NET_GDR_LEVEL set by environment to PHB
nid001033:1767179:1767941 [1] NCCL INFO NCCL_NET_GDR_LEVEL set by environment to PHB
nid001033:1767183:1767940 [3] NCCL INFO NCCL_NET_GDR_LEVEL set by environment to PHB
nid001033:1767181:1767944 [2] NCCL INFO [Proxy Progress] Device 2 CPU core 86
nid001033:1767181:1767943 [2] NCCL INFO Channel 01/0 : 2[2] -> 4[0] [send] via NET/AWS Libfabric/3/GDRDMA
nid001033:1767181:1767943 [2] NCCL INFO Channel 05/0 : 2[2] -> 4[0] [send] via NET/AWS Libfabric/3/GDRDMA
nid001033:1767183:1767945 [3] NCCL INFO [Proxy Progress] Device 3 CPU core 73
nid001033:1767183:1767940 [3] NCCL INFO Channel 03/0 : 3[3] -> 6[2] [send] via NET/AWS Libfabric/1/GDRDMA
nid001033:1767183:1767940 [3] NCCL INFO Channel 07/0 : 3[3] -> 6[2] [send] via NET/AWS Libfabric/1/GDRDMA
nid001033:1767178:1767946 [0] NCCL INFO [Proxy Progress] Device 0 CPU core 127
nid001033:1767179:1767947 [1] NCCL INFO [Proxy Progress] Device 1 CPU core 41
nid001036:1746776:1747539 [0] NCCL INFO Channel 00/0 : 4[0] -> 5[1] via P2P/CUMEM/read
nid001036:1746776:1747539 [0] NCCL INFO Channel 04/0 : 4[0] -> 5[1] via P2P/CUMEM/read
nid001036:1746777:1747536 [1] NCCL INFO Channel 00/0 : 5[1] -> 6[2] via P2P/CUMEM/read
nid001036:1746777:1747536 [1] NCCL INFO Channel 02/0 : 5[1] -> 6[2] via P2P/CUMEM/read
nid001036:1746777:1747536 [1] NCCL INFO Channel 04/0 : 5[1] -> 6[2] via P2P/CUMEM/read
nid001036:1746779:1747538 [2] NCCL INFO Channel 03/0 : 6[2] -> 7[3] via P2P/CUMEM/read
nid001036:1746777:1747536 [1] NCCL INFO Channel 06/0 : 5[1] -> 6[2] via P2P/CUMEM/read
nid001036:1746779:1747538 [2] NCCL INFO Channel 07/0 : 6[2] -> 7[3] via P2P/CUMEM/read
nid001036:1746776:1747539 [0] NCCL INFO NCCL_NET_GDR_LEVEL set by environment to PHB
nid001036:1746777:1747536 [1] NCCL INFO NCCL_NET_GDR_LEVEL set by environment to PHB
nid001036:1746779:1747538 [2] NCCL INFO NCCL_NET_GDR_LEVEL set by environment to PHB
nid001036:1746781:1747537 [3] NCCL INFO NCCL_NET_GDR_LEVEL set by environment to PHB
nid001036:1746776:1747540 [0] NCCL INFO [Proxy Progress] Device 0 CPU core 121
nid001036:1746777:1747541 [1] NCCL INFO [Proxy Progress] Device 1 CPU core 42
nid001036:1746779:1747544 [2] NCCL INFO [Proxy Progress] Device 2 CPU core 28
nid001036:1746779:1747538 [2] NCCL INFO Channel 00/0 : 6[2] -> 0[0] [send] via NET/AWS Libfabric/5
nid001036:1746779:1747538 [2] NCCL INFO Channel 04/0 : 6[2] -> 0[0] [send] via NET/AWS Libfabric/5
nid001036:1746781:1747545 [3] NCCL INFO [Proxy Progress] Device 3 CPU core 11
nid001036:1746781:1747537 [3] NCCL INFO Channel 02/0 : 7[3] -> 2[2] [send] via NET/AWS Libfabric/7
nid001036:1746781:1747537 [3] NCCL INFO Channel 06/0 : 7[3] -> 2[2] [send] via NET/AWS Libfabric/7
nid001036:1746776:1747539 [0] NCCL INFO Channel 01/0 : 2[2] -> 4[0] [receive] via NET/AWS Libfabric/3
nid001036:1746776:1747539 [0] NCCL INFO Channel 05/0 : 2[2] -> 4[0] [receive] via NET/AWS Libfabric/3
nid001036:1746777:1747536 [1] NCCL INFO Channel 02/0 : 0[0] -> 5[1] [receive] via NET/AWS Libfabric/7
nid001036:1746776:1747539 [0] NCCL INFO Channel 01/0 : 4[0] -> 7[3] via P2P/CUMEM/read
nid001036:1746777:1747536 [1] NCCL INFO Channel 06/0 : 0[0] -> 5[1] [receive] via NET/AWS Libfabric/7
nid001036:1746776:1747539 [0] NCCL INFO Channel 02/0 : 4[0] -> 7[3] via P2P/CUMEM/read
nid001036:1746776:1747539 [0] NCCL INFO Channel 05/0 : 4[0] -> 7[3] via P2P/CUMEM/read
nid001036:1746776:1747539 [0] NCCL INFO Channel 06/0 : 4[0] -> 7[3] via P2P/CUMEM/read
nid001036:1746776:1747539 [0] NCCL INFO Channel 03/0 : 4[0] -> 1[1] [send] via NET/AWS Libfabric/1
nid001036:1746776:1747539 [0] NCCL INFO Channel 07/0 : 4[0] -> 1[1] [send] via NET/AWS Libfabric/1
nid001036:1746777:1747536 [1] NCCL INFO Channel 01/0 : 5[1] -> 3[3] [send] via NET/AWS Libfabric/3
nid001036:1746777:1747536 [1] NCCL INFO Channel 05/0 : 5[1] -> 3[3] [send] via NET/AWS Libfabric/3
nid001036:1746781:1747537 [3] NCCL INFO Channel 00/0 : 7[3] -> 4[0] via P2P/CUMEM/read
nid001036:1746781:1747537 [3] NCCL INFO Channel 04/0 : 7[3] -> 4[0] via P2P/CUMEM/read
nid001036:1746779:1747538 [2] NCCL INFO Channel 03/0 : 3[3] -> 6[2] [receive] via NET/AWS Libfabric/1
nid001036:1746779:1747538 [2] NCCL INFO Channel 07/0 : 3[3] -> 6[2] [receive] via NET/AWS Libfabric/1
nid001036:1746779:1747538 [2] NCCL INFO Channel 02/0 : 6[2] -> 4[0] via P2P/CUMEM/read
nid001036:1746779:1747538 [2] NCCL INFO Channel 06/0 : 6[2] -> 4[0] via P2P/CUMEM/read
nid001036:1746779:1747538 [2] NCCL INFO Channel 01/0 : 6[2] -> 5[1] via P2P/CUMEM/read
nid001036:1746779:1747538 [2] NCCL INFO Channel 05/0 : 6[2] -> 5[1] via P2P/CUMEM/read
nid001036:1746781:1747537 [3] NCCL INFO Channel 00/0 : 1[1] -> 7[3] [receive] via NET/AWS Libfabric/5
nid001036:1746781:1747537 [3] NCCL INFO Channel 04/0 : 1[1] -> 7[3] [receive] via NET/AWS Libfabric/5
nid001036:1746781:1747537 [3] NCCL INFO Channel 03/0 : 7[3] -> 5[1] via P2P/CUMEM/read
nid001036:1746781:1747537 [3] NCCL INFO Channel 07/0 : 7[3] -> 5[1] via P2P/CUMEM/read
nid001036:1746781:1747537 [3] NCCL INFO Channel 01/0 : 7[3] -> 6[2] via P2P/CUMEM/read
nid001036:1746781:1747537 [3] NCCL INFO Channel 05/0 : 7[3] -> 6[2] via P2P/CUMEM/read
nid001033:1767178:1767942 [0] NCCL INFO Channel 00/0 : 6[2] -> 0[0] [receive] via NET/AWS Libfabric/7/GDRDMA
nid001033:1767178:1767942 [0] NCCL INFO Channel 04/0 : 6[2] -> 0[0] [receive] via NET/AWS Libfabric/7/GDRDMA
nid001033:1767178:1767942 [0] NCCL INFO Channel 00/0 : 0[0] -> 3[3] via P2P/CUMEM/read
nid001033:1767178:1767942 [0] NCCL INFO Channel 03/0 : 0[0] -> 3[3] via P2P/CUMEM/read
nid001033:1767178:1767942 [0] NCCL INFO Channel 04/0 : 0[0] -> 3[3] via P2P/CUMEM/read
nid001033:1767178:1767942 [0] NCCL INFO Channel 07/0 : 0[0] -> 3[3] via P2P/CUMEM/read
nid001033:1767179:1767941 [1] NCCL INFO Channel 03/0 : 4[0] -> 1[1] [receive] via NET/AWS Libfabric/5/GDRDMA
nid001033:1767179:1767941 [1] NCCL INFO Channel 07/0 : 4[0] -> 1[1] [receive] via NET/AWS Libfabric/5/GDRDMA
nid001033:1767178:1767942 [0] NCCL INFO Channel 02/0 : 0[0] -> 5[1] [send] via NET/AWS Libfabric/7/GDRDMA
nid001033:1767178:1767942 [0] NCCL INFO Channel 06/0 : 0[0] -> 5[1] [send] via NET/AWS Libfabric/7/GDRDMA
nid001033:1767179:1767941 [1] NCCL INFO Channel 00/0 : 1[1] -> 7[3] [send] via NET/AWS Libfabric/5/GDRDMA
nid001033:1767179:1767941 [1] NCCL INFO Channel 04/0 : 1[1] -> 7[3] [send] via NET/AWS Libfabric/5/GDRDMA
nid001033:1767181:1767943 [2] NCCL INFO Channel 02/0 : 7[3] -> 2[2] [receive] via NET/AWS Libfabric/3/GDRDMA
nid001033:1767181:1767943 [2] NCCL INFO Channel 06/0 : 7[3] -> 2[2] [receive] via NET/AWS Libfabric/3/GDRDMA
nid001033:1767181:1767943 [2] NCCL INFO Channel 03/0 : 2[2] -> 0[0] via P2P/CUMEM/read
nid001033:1767181:1767943 [2] NCCL INFO Channel 07/0 : 2[2] -> 0[0] via P2P/CUMEM/read
nid001033:1767183:1767940 [3] NCCL INFO Channel 01/0 : 3[3] -> 0[0] via P2P/CUMEM/read
nid001033:1767183:1767940 [3] NCCL INFO Channel 05/0 : 3[3] -> 0[0] via P2P/CUMEM/read
nid001033:1767181:1767943 [2] NCCL INFO Channel 00/0 : 2[2] -> 1[1] via P2P/CUMEM/read
nid001033:1767181:1767943 [2] NCCL INFO Channel 04/0 : 2[2] -> 1[1] via P2P/CUMEM/read
nid001033:1767183:1767940 [3] NCCL INFO Channel 01/0 : 5[1] -> 3[3] [receive] via NET/AWS Libfabric/1/GDRDMA
nid001033:1767183:1767940 [3] NCCL INFO Channel 05/0 : 5[1] -> 3[3] [receive] via NET/AWS Libfabric/1/GDRDMA
nid001033:1767183:1767940 [3] NCCL INFO Channel 02/0 : 3[3] -> 1[1] via P2P/CUMEM/read
nid001033:1767183:1767940 [3] NCCL INFO Channel 06/0 : 3[3] -> 1[1] via P2P/CUMEM/read
nid001033:1767183:1767940 [3] NCCL INFO Channel 00/0 : 3[3] -> 2[2] via P2P/CUMEM/read
nid001033:1767183:1767940 [3] NCCL INFO Channel 04/0 : 3[3] -> 2[2] via P2P/CUMEM/read
nid001033:1767179:1767941 [1] NCCL INFO Channel 02/0 : 1[1] -> 0[0] via P2P/CUMEM/read
nid001033:1767179:1767941 [1] NCCL INFO Channel 06/0 : 1[1] -> 0[0] via P2P/CUMEM/read
nid001036:1746777:1747536 [1] NCCL INFO Channel 03/0 : 5[1] -> 4[0] via P2P/CUMEM/read
nid001036:1746777:1747536 [1] NCCL INFO Channel 07/0 : 5[1] -> 4[0] via P2P/CUMEM/read
nid001033:1767178:1767942 [0] NCCL INFO Connected all rings
nid001033:1767179:1767941 [1] NCCL INFO Connected all rings
nid001033:1767181:1767943 [2] NCCL INFO Connected all rings
nid001033:1767183:1767940 [3] NCCL INFO Connected all rings
nid001036:1746776:1747539 [0] NCCL INFO Connected all rings
nid001036:1746777:1747536 [1] NCCL INFO Connected all rings
nid001036:1746779:1747538 [2] NCCL INFO Connected all rings
nid001036:1746781:1747537 [3] NCCL INFO Connected all rings
nid001033:1767178:1767952 [0] NCCL INFO Channel 02/0 : 0[0] -> 1[1] via P2P/CUMEM/read
nid001036:1746776:1747550 [0] NCCL INFO Channel 01/0 : 4[0] -> 5[1] via P2P/CUMEM/read
nid001033:1767178:1767952 [0] NCCL INFO Channel 06/0 : 0[0] -> 1[1] via P2P/CUMEM/read
nid001033:1767179:1767953 [1] NCCL INFO Channel 00/0 : 1[1] -> 2[2] via P2P/CUMEM/read
nid001033:1767181:1767955 [2] NCCL INFO Channel 00/0 : 2[2] -> 3[3] via P2P/CUMEM/read
nid001036:1746776:1747550 [0] NCCL INFO Channel 02/0 : 4[0] -> 5[1] via P2P/CUMEM/read
nid001033:1767179:1767953 [1] NCCL INFO Channel 04/0 : 1[1] -> 2[2] via P2P/CUMEM/read
nid001033:1767181:1767955 [2] NCCL INFO Channel 03/0 : 2[2] -> 3[3] via P2P/CUMEM/read
nid001036:1746779:1747548 [2] NCCL INFO Channel 00/0 : 6[2] -> 7[3] via P2P/CUMEM/read
nid001036:1746776:1747550 [0] NCCL INFO Channel 05/0 : 4[0] -> 5[1] via P2P/CUMEM/read
nid001033:1767181:1767955 [2] NCCL INFO Channel 04/0 : 2[2] -> 3[3] via P2P/CUMEM/read
nid001036:1746776:1747550 [0] NCCL INFO Channel 06/0 : 4[0] -> 5[1] via P2P/CUMEM/read
nid001033:1767178:1767952 [0] NCCL INFO Channel 01/0 : 0[0] -> 2[2] via P2P/CUMEM/read
nid001036:1746779:1747548 [2] NCCL INFO Channel 04/0 : 6[2] -> 7[3] via P2P/CUMEM/read
nid001033:1767181:1767955 [2] NCCL INFO Channel 07/0 : 2[2] -> 3[3] via P2P/CUMEM/read
nid001036:1746777:1747549 [1] NCCL INFO Channel 03/0 : 5[1] -> 6[2] via P2P/CUMEM/read
nid001033:1767178:1767952 [0] NCCL INFO Channel 02/0 : 0[0] -> 2[2] via P2P/CUMEM/read
nid001033:1767178:1767952 [0] NCCL INFO Channel 05/0 : 0[0] -> 2[2] via P2P/CUMEM/read
nid001036:1746777:1747549 [1] NCCL INFO Channel 07/0 : 5[1] -> 6[2] via P2P/CUMEM/read
nid001033:1767179:1767953 [1] NCCL INFO Channel 01/0 : 1[1] -> 3[3] via P2P/CUMEM/read
nid001033:1767178:1767952 [0] NCCL INFO Channel 06/0 : 0[0] -> 2[2] via P2P/CUMEM/read
nid001033:1767179:1767953 [1] NCCL INFO Channel 02/0 : 1[1] -> 3[3] via P2P/CUMEM/read
nid001036:1746776:1747550 [0] NCCL INFO Channel 01/0 : 4[0] -> 6[2] via P2P/CUMEM/read
nid001036:1746777:1747549 [1] NCCL INFO Channel 01/0 : 5[1] -> 7[3] via P2P/CUMEM/read
nid001033:1767179:1767953 [1] NCCL INFO Channel 05/0 : 1[1] -> 3[3] via P2P/CUMEM/read
nid001036:1746776:1747550 [0] NCCL INFO Channel 02/0 : 4[0] -> 6[2] via P2P/CUMEM/read
nid001033:1767179:1767953 [1] NCCL INFO Channel 06/0 : 1[1] -> 3[3] via P2P/CUMEM/read
nid001036:1746777:1747549 [1] NCCL INFO Channel 02/0 : 5[1] -> 7[3] via P2P/CUMEM/read
nid001036:1746776:1747550 [0] NCCL INFO Channel 05/0 : 4[0] -> 6[2] via P2P/CUMEM/read
nid001036:1746777:1747549 [1] NCCL INFO Channel 05/0 : 5[1] -> 7[3] via P2P/CUMEM/read
nid001036:1746776:1747550 [0] NCCL INFO Channel 06/0 : 4[0] -> 6[2] via P2P/CUMEM/read
nid001033:1767179:1767953 [1] NCCL INFO Channel 03/0 : 5[1] -> 1[1] [receive] via NET/AWS Libfabric/5/GDRDMA
nid001033:1767178:1767952 [0] NCCL INFO Channel 00/0 : 4[0] -> 0[0] [receive] via NET/AWS Libfabric/7/GDRDMA
nid001036:1746777:1747549 [1] NCCL INFO Channel 06/0 : 5[1] -> 7[3] via P2P/CUMEM/read
nid001033:1767181:1767955 [2] NCCL INFO Channel 02/0 : 6[2] -> 2[2] [receive] via NET/AWS Libfabric/3/GDRDMA
nid001033:1767183:1767954 [3] NCCL INFO Channel 01/0 : 7[3] -> 3[3] [receive] via NET/AWS Libfabric/1/GDRDMA
nid001033:1767178:1767952 [0] NCCL INFO Channel 04/0 : 4[0] -> 0[0] [receive] via NET/AWS Libfabric/7/GDRDMA
nid001033:1767179:1767953 [1] NCCL INFO Channel 07/0 : 5[1] -> 1[1] [receive] via NET/AWS Libfabric/5/GDRDMA
nid001033:1767181:1767955 [2] NCCL INFO Channel 06/0 : 6[2] -> 2[2] [receive] via NET/AWS Libfabric/3/GDRDMA
nid001033:1767183:1767954 [3] NCCL INFO Channel 05/0 : 7[3] -> 3[3] [receive] via NET/AWS Libfabric/1/GDRDMA
nid001033:1767178:1767952 [0] NCCL INFO Channel 00/0 : 0[0] -> 4[0] [send] via NET/AWS Libfabric/7/GDRDMA
nid001033:1767179:1767953 [1] NCCL INFO Channel 03/0 : 1[1] -> 5[1] [send] via NET/AWS Libfabric/5/GDRDMA
nid001033:1767181:1767955 [2] NCCL INFO Channel 02/0 : 2[2] -> 6[2] [send] via NET/AWS Libfabric/3/GDRDMA
nid001033:1767183:1767954 [3] NCCL INFO Channel 01/0 : 3[3] -> 7[3] [send] via NET/AWS Libfabric/1/GDRDMA
nid001033:1767178:1767952 [0] NCCL INFO Channel 04/0 : 0[0] -> 4[0] [send] via NET/AWS Libfabric/7/GDRDMA
nid001033:1767179:1767953 [1] NCCL INFO Channel 07/0 : 1[1] -> 5[1] [send] via NET/AWS Libfabric/5/GDRDMA
nid001033:1767181:1767955 [2] NCCL INFO Channel 06/0 : 2[2] -> 6[2] [send] via NET/AWS Libfabric/3/GDRDMA
nid001033:1767183:1767954 [3] NCCL INFO Channel 05/0 : 3[3] -> 7[3] [send] via NET/AWS Libfabric/1/GDRDMA
nid001036:1746776:1747550 [0] NCCL INFO Channel 00/0 : 4[0] -> 7[3] via P2P/CUMEM/read
nid001036:1746776:1747550 [0] NCCL INFO Channel 03/0 : 4[0] -> 7[3] via P2P/CUMEM/read
nid001036:1746776:1747550 [0] NCCL INFO Channel 04/0 : 4[0] -> 7[3] via P2P/CUMEM/read
nid001036:1746776:1747550 [0] NCCL INFO Channel 07/0 : 4[0] -> 7[3] via P2P/CUMEM/read
nid001036:1746777:1747549 [1] NCCL INFO Channel 03/0 : 1[1] -> 5[1] [receive] via NET/AWS Libfabric/5/GDRDMA
nid001036:1746777:1747549 [1] NCCL INFO Channel 07/0 : 1[1] -> 5[1] [receive] via NET/AWS Libfabric/5/GDRDMA
nid001036:1746777:1747549 [1] NCCL INFO Channel 03/0 : 5[1] -> 1[1] [send] via NET/AWS Libfabric/5/GDRDMA
nid001036:1746777:1747549 [1] NCCL INFO Channel 07/0 : 5[1] -> 1[1] [send] via NET/AWS Libfabric/5/GDRDMA
nid001036:1746781:1747551 [3] NCCL INFO Channel 01/0 : 3[3] -> 7[3] [receive] via NET/AWS Libfabric/1/GDRDMA
nid001036:1746776:1747550 [0] NCCL INFO Channel 00/0 : 0[0] -> 4[0] [receive] via NET/AWS Libfabric/7/GDRDMA
nid001036:1746781:1747551 [3] NCCL INFO Channel 05/0 : 3[3] -> 7[3] [receive] via NET/AWS Libfabric/1/GDRDMA
nid001036:1746776:1747550 [0] NCCL INFO Channel 04/0 : 0[0] -> 4[0] [receive] via NET/AWS Libfabric/7/GDRDMA
nid001036:1746781:1747551 [3] NCCL INFO Channel 01/0 : 7[3] -> 3[3] [send] via NET/AWS Libfabric/1/GDRDMA
nid001036:1746776:1747550 [0] NCCL INFO Channel 00/0 : 4[0] -> 0[0] [send] via NET/AWS Libfabric/7/GDRDMA
nid001036:1746781:1747551 [3] NCCL INFO Channel 05/0 : 7[3] -> 3[3] [send] via NET/AWS Libfabric/1/GDRDMA
nid001036:1746776:1747550 [0] NCCL INFO Channel 04/0 : 4[0] -> 0[0] [send] via NET/AWS Libfabric/7/GDRDMA
nid001036:1746781:1747551 [3] NCCL INFO Channel 03/0 : 7[3] -> 4[0] via P2P/CUMEM/read
nid001033:1767183:1767954 [3] NCCL INFO Channel 00/0 : 3[3] -> 0[0] via P2P/CUMEM/read
nid001036:1746781:1747551 [3] NCCL INFO Channel 07/0 : 7[3] -> 4[0] via P2P/CUMEM/read
nid001036:1746779:1747548 [2] NCCL INFO Channel 02/0 : 2[2] -> 6[2] [receive] via NET/AWS Libfabric/3/GDRDMA
nid001033:1767183:1767954 [3] NCCL INFO Channel 03/0 : 3[3] -> 0[0] via P2P/CUMEM/read
nid001036:1746779:1747548 [2] NCCL INFO Channel 06/0 : 2[2] -> 6[2] [receive] via NET/AWS Libfabric/3/GDRDMA
nid001033:1767183:1767954 [3] NCCL INFO Channel 04/0 : 3[3] -> 0[0] via P2P/CUMEM/read
nid001036:1746779:1747548 [2] NCCL INFO Channel 02/0 : 6[2] -> 2[2] [send] via NET/AWS Libfabric/3/GDRDMA
nid001036:1746781:1747551 [3] NCCL INFO Channel 01/0 : 7[3] -> 5[1] via P2P/CUMEM/read
nid001036:1746779:1747548 [2] NCCL INFO Channel 06/0 : 6[2] -> 2[2] [send] via NET/AWS Libfabric/3/GDRDMA
nid001033:1767183:1767954 [3] NCCL INFO Channel 07/0 : 3[3] -> 0[0] via P2P/CUMEM/read
nid001036:1746781:1747551 [3] NCCL INFO Channel 02/0 : 7[3] -> 5[1] via P2P/CUMEM/read
nid001036:1746779:1747548 [2] NCCL INFO Channel 01/0 : 6[2] -> 4[0] via P2P/CUMEM/read
nid001033:1767181:1767955 [2] NCCL INFO Channel 01/0 : 2[2] -> 0[0] via P2P/CUMEM/read
nid001036:1746781:1747551 [3] NCCL INFO Channel 05/0 : 7[3] -> 5[1] via P2P/CUMEM/read
nid001033:1767183:1767954 [3] NCCL INFO Channel 01/0 : 3[3] -> 1[1] via P2P/CUMEM/read
nid001036:1746779:1747548 [2] NCCL INFO Channel 05/0 : 6[2] -> 4[0] via P2P/CUMEM/read
nid001033:1767181:1767955 [2] NCCL INFO Channel 02/0 : 2[2] -> 0[0] via P2P/CUMEM/read
nid001036:1746781:1747551 [3] NCCL INFO Channel 06/0 : 7[3] -> 5[1] via P2P/CUMEM/read
nid001033:1767183:1767954 [3] NCCL INFO Channel 05/0 : 3[3] -> 1[1] via P2P/CUMEM/read
nid001033:1767181:1767955 [2] NCCL INFO Channel 05/0 : 2[2] -> 0[0] via P2P/CUMEM/read
nid001036:1746781:1747551 [3] NCCL INFO Channel 00/0 : 7[3] -> 6[2] via P2P/CUMEM/read
nid001033:1767181:1767955 [2] NCCL INFO Channel 06/0 : 2[2] -> 0[0] via P2P/CUMEM/read
nid001033:1767183:1767954 [3] NCCL INFO Channel 03/0 : 3[3] -> 2[2] via P2P/CUMEM/read
nid001036:1746781:1747551 [3] NCCL INFO Channel 03/0 : 7[3] -> 6[2] via P2P/CUMEM/read
nid001033:1767183:1767954 [3] NCCL INFO Channel 07/0 : 3[3] -> 2[2] via P2P/CUMEM/read
nid001036:1746781:1747551 [3] NCCL INFO Channel 04/0 : 7[3] -> 6[2] via P2P/CUMEM/read
nid001033:1767179:1767953 [1] NCCL INFO Channel 01/0 : 1[1] -> 0[0] via P2P/CUMEM/read
nid001036:1746781:1747551 [3] NCCL INFO Channel 07/0 : 7[3] -> 6[2] via P2P/CUMEM/read
nid001033:1767179:1767953 [1] NCCL INFO Channel 05/0 : 1[1] -> 0[0] via P2P/CUMEM/read
nid001036:1746777:1747549 [1] NCCL INFO Channel 01/0 : 5[1] -> 4[0] via P2P/CUMEM/read
nid001033:1767181:1767955 [2] NCCL INFO Channel 03/0 : 2[2] -> 1[1] via P2P/CUMEM/read
nid001036:1746779:1747548 [2] NCCL INFO Channel 00/0 : 6[2] -> 5[1] via P2P/CUMEM/read
nid001036:1746777:1747549 [1] NCCL INFO Channel 02/0 : 5[1] -> 4[0] via P2P/CUMEM/read
nid001033:1767181:1767955 [2] NCCL INFO Channel 07/0 : 2[2] -> 1[1] via P2P/CUMEM/read
nid001036:1746779:1747548 [2] NCCL INFO Channel 03/0 : 6[2] -> 5[1] via P2P/CUMEM/read
nid001036:1746777:1747549 [1] NCCL INFO Channel 05/0 : 5[1] -> 4[0] via P2P/CUMEM/read
nid001036:1746777:1747549 [1] NCCL INFO Channel 06/0 : 5[1] -> 4[0] via P2P/CUMEM/read
nid001036:1746779:1747548 [2] NCCL INFO Channel 04/0 : 6[2] -> 5[1] via P2P/CUMEM/read
nid001036:1746779:1747548 [2] NCCL INFO Channel 07/0 : 6[2] -> 5[1] via P2P/CUMEM/read
nid001036:1746776:1747550 [0] NCCL INFO Connected all trees
nid001033:1767178:1767952 [0] NCCL INFO Connected all trees
nid001033:1767183:1767954 [3] NCCL INFO Connected all trees
nid001036:1746781:1747551 [3] NCCL INFO Connected all trees
nid001033:1767179:1767953 [1] NCCL INFO Connected all trees
nid001033:1767181:1767955 [2] NCCL INFO Connected all trees
nid001036:1746777:1747549 [1] NCCL INFO Connected all trees
