nid001052:1765952:1766066 [1] NCCL INFO Channel 02/0 : 5[1] -> 6[2] via P2P/CUMEM/read
nid001052:1765952:1766060 [1] NCCL INFO New proxy send connection 3 from local rank 1, transport 0
nid001052:1765952:1766066 [1] NCCL INFO Connected to proxy localRank 1 -> connection 0x7fe740000e78
nid001052:1765954:1766064 [2] NCCL INFO Channel 03/0 : 6[2] -> 7[3] via P2P/CUMEM/read
nid001049:658567:658703 [1] NCCL INFO Channel 03/0 : 1[1] -> 2[2] via P2P/CUMEM/read
nid001049:658567:658697 [1] NCCL INFO New proxy send connection 3 from local rank 1, transport 0
nid001052:1765954:1766056 [2] NCCL INFO New proxy send connection 4 from local rank 2, transport 0
nid001049:658569:658700 [2] NCCL INFO Channel 02/0 : 2[2] -> 3[3] via P2P/CUMEM/read
nid001052:1765954:1766064 [2] NCCL INFO Connected to proxy localRank 2 -> connection 0x7f7288000ef0
nid001049:658567:658703 [1] NCCL INFO Connected to proxy localRank 1 -> connection 0x7f16a0000e78
nid001049:658569:658696 [2] NCCL INFO New proxy send connection 4 from local rank 2, transport 0
nid001049:658569:658700 [2] NCCL INFO Connected to proxy localRank 2 -> connection 0x7fcac0000ef0
nid001052:1765952:1766066 [1] NCCL INFO Channel 04/0 : 5[1] -> 6[2] via P2P/CUMEM/read
nid001052:1765952:1766060 [1] NCCL INFO New proxy send connection 4 from local rank 1, transport 0
nid001052:1765952:1766066 [1] NCCL INFO Connected to proxy localRank 1 -> connection 0x7fe740000ef0
nid001052:1765954:1766064 [2] NCCL INFO Channel 07/0 : 6[2] -> 7[3] via P2P/CUMEM/read
nid001052:1765954:1766056 [2] NCCL INFO New proxy send connection 5 from local rank 2, transport 0
nid001052:1765954:1766064 [2] NCCL INFO Connected to proxy localRank 2 -> connection 0x7f7288000f68
nid001049:658567:658703 [1] NCCL INFO Channel 05/0 : 1[1] -> 2[2] via P2P/CUMEM/read
nid001052:1765952:1766066 [1] NCCL INFO Channel 06/0 : 5[1] -> 6[2] via P2P/CUMEM/read
nid001049:658569:658700 [2] NCCL INFO Channel 06/0 : 2[2] -> 3[3] via P2P/CUMEM/read
nid001049:658567:658697 [1] NCCL INFO New proxy send connection 4 from local rank 1, transport 0
nid001052:1765952:1766060 [1] NCCL INFO New proxy send connection 5 from local rank 1, transport 0
nid001049:658569:658696 [2] NCCL INFO New proxy send connection 5 from local rank 2, transport 0
nid001049:658569:658700 [2] NCCL INFO Connected to proxy localRank 2 -> connection 0x7fcac0000f68
nid001049:658567:658703 [1] NCCL INFO Connected to proxy localRank 1 -> connection 0x7f16a0000ef0
nid001052:1765952:1766066 [1] NCCL INFO Connected to proxy localRank 1 -> connection 0x7fe740000f68
nid001049:658567:658703 [1] NCCL INFO Channel 07/0 : 1[1] -> 2[2] via P2P/CUMEM/read
nid001049:658567:658697 [1] NCCL INFO New proxy send connection 5 from local rank 1, transport 0
nid001052:1765956:1766055 [3] NCCL INFO New proxy recv connection 2 from local rank 3, transport 0
nid001049:658567:658703 [1] NCCL INFO Connected to proxy localRank 1 -> connection 0x7f16a0000f68
nid001052:1765951:1766063 [0] NCCL INFO NCCL_NET_GDR_LEVEL set by environment to PHB
nid001052:1765951:1766063 [0] NCCL INFO GPU Direct RDMA Disabled for GPU 3000 / HCA 3 (distance 7 > 6)
nid001052:1765956:1766065 [3] NCCL INFO Connected to proxy localRank 3 -> connection 0x7f5ad0000e00
nid001049:658571:658692 [3] NCCL INFO New proxy recv connection 2 from local rank 3, transport 0
nid001049:658571:658702 [3] NCCL INFO Connected to proxy localRank 3 -> connection 0x7f0220000e00
nid001052:1765954:1766064 [2] NCCL INFO NCCL_NET_GDR_LEVEL set by environment to PHB
nid001052:1765954:1766064 [2] NCCL INFO GPU Direct RDMA Disabled for GPU 82000 / HCA 5 (distance 7 > 6)
nid001052:1765952:1766066 [1] NCCL INFO NCCL_NET_GDR_LEVEL set by environment to PHB
nid001052:1765952:1766066 [1] NCCL INFO GPU Direct RDMA Disabled for GPU 41000 / HCA 7 (distance 7 > 6)
nid001052:1765956:1766055 [3] NCCL INFO New proxy recv connection 3 from local rank 3, transport 0
nid001052:1765956:1766065 [3] NCCL INFO Connected to proxy localRank 3 -> connection 0x7f5ad0000e78
nid001049:658566:658701 [0] NCCL INFO NCCL_NET_GDR_LEVEL set by environment to PHB
nid001049:658566:658701 [0] NCCL INFO GPU Direct RDMA Enabled for GPU 3000 / HCA 7 (distance 6 <= 6), read 0
nid001049:658571:658692 [3] NCCL INFO New proxy recv connection 3 from local rank 3, transport 0
nid001049:658571:658702 [3] NCCL INFO Connected to proxy localRank 3 -> connection 0x7f0220000e78
nid001052:1765956:1766055 [3] NCCL INFO New proxy recv connection 4 from local rank 3, transport 0
nid001049:658569:658700 [2] NCCL INFO NCCL_NET_GDR_LEVEL set by environment to PHB
nid001049:658569:658700 [2] NCCL INFO GPU Direct RDMA Enabled for GPU 82000 / HCA 3 (distance 6 <= 6), read 1
nid001049:658567:658703 [1] NCCL INFO NCCL_NET_GDR_LEVEL set by environment to PHB
nid001049:658567:658703 [1] NCCL INFO GPU Direct RDMA Enabled for GPU 41000 / HCA 5 (distance 6 <= 6), read 0
nid001052:1765956:1766065 [3] NCCL INFO Connected to proxy localRank 3 -> connection 0x7f5ad0000ef0
nid001049:658571:658692 [3] NCCL INFO New proxy recv connection 4 from local rank 3, transport 0
nid001049:658571:658702 [3] NCCL INFO Connected to proxy localRank 3 -> connection 0x7f0220000ef0
nid001052:1765956:1766055 [3] NCCL INFO New proxy recv connection 5 from local rank 3, transport 0
nid001052:1765956:1766065 [3] NCCL INFO Connected to proxy localRank 3 -> connection 0x7f5ad0000f68
nid001049:658571:658692 [3] NCCL INFO New proxy recv connection 5 from local rank 3, transport 0
nid001049:658571:658702 [3] NCCL INFO Connected to proxy localRank 3 -> connection 0x7f0220000f68
nid001052:1765956:1766065 [3] NCCL INFO NCCL_NET_GDR_LEVEL set by environment to PHB
nid001052:1765956:1766065 [3] NCCL INFO GPU Direct RDMA Disabled for GPU c1000 / HCA 7 (distance 7 > 6)
nid001049:658571:658702 [3] NCCL INFO NCCL_NET_GDR_LEVEL set by environment to PHB
nid001049:658571:658702 [3] NCCL INFO GPU Direct RDMA Enabled for GPU c1000 / HCA 1 (distance 6 <= 6), read 1
nid001052:1765954:1766056 [2] NCCL INFO New proxy send connection 6 from local rank 2, transport 2
nid001052:1765954:1766064 [2] NCCL INFO Connected to proxy localRank 2 -> connection 0x7f7288000fe0
nid001052:1765954:1766067 [2] NCCL INFO [Proxy Progress] Device 2 CPU core 87
nid001052:1765954:1766064 [2] NCCL INFO Channel 00/0 : 6[2] -> 0[0] [send] via NET/AWS Libfabric/5
nid001052:1765954:1766064 [2] NCCL INFO GPU Direct RDMA Disabled for GPU 82000 / HCA 5 (distance 7 > 6)
nid001052:1765952:1766060 [1] NCCL INFO New proxy recv connection 6 from local rank 1, transport 2
nid001052:1765954:1766056 [2] NCCL INFO New proxy send connection 7 from local rank 2, transport 2
nid001052:1765952:1766068 [1] NCCL INFO [Proxy Progress] Device 1 CPU core 32
nid001052:1765952:1766066 [1] NCCL INFO Connected to proxy localRank 1 -> connection 0x7fe740000fe0
nid001052:1765954:1766064 [2] NCCL INFO Connected to proxy localRank 2 -> connection 0x7f7288001058
nid001052:1765954:1766064 [2] NCCL INFO Channel 04/0 : 6[2] -> 0[0] [send] via NET/AWS Libfabric/5
nid001049:658569:658696 [2] NCCL INFO New proxy send connection 6 from local rank 2, transport 2
nid001049:658569:658700 [2] NCCL INFO Connected to proxy localRank 2 -> connection 0x7fcac0000fe0
nid001049:658569:658704 [2] NCCL INFO [Proxy Progress] Device 2 CPU core 30
nid001049:658566:658693 [0] NCCL INFO New proxy recv connection 2 from local rank 0, transport 2
nid001049:658566:658701 [0] NCCL INFO Connected to proxy localRank 0 -> connection 0x7f9b60000e00
nid001049:658569:658700 [2] NCCL INFO Channel 01/0 : 2[2] -> 4[0] [send] via NET/AWS Libfabric/3/GDRDMA
nid001049:658569:658700 [2] NCCL INFO GPU Direct RDMA Enabled for GPU 82000 / HCA 3 (distance 6 <= 6), read 1
nid001052:1765956:1766055 [3] NCCL INFO New proxy send connection 6 from local rank 3, transport 2
nid001052:1765956:1766065 [3] NCCL INFO Connected to proxy localRank 3 -> connection 0x7f5ad0000fe0
nid001049:658566:658705 [0] NCCL INFO [Proxy Progress] Device 0 CPU core 55
nid001049:658569:658696 [2] NCCL INFO New proxy send connection 7 from local rank 2, transport 2
nid001049:658569:658700 [2] NCCL INFO Connected to proxy localRank 2 -> connection 0x7fcac0001058
nid001049:658569:658700 [2] NCCL INFO Channel 05/0 : 2[2] -> 4[0] [send] via NET/AWS Libfabric/3/GDRDMA
nid001052:1765956:1766069 [3] NCCL INFO [Proxy Progress] Device 3 CPU core 15
nid001049:658571:658692 [3] NCCL INFO New proxy send connection 6 from local rank 3, transport 2
nid001049:658571:658702 [3] NCCL INFO Connected to proxy localRank 3 -> connection 0x7f0220000fe0
nid001049:658571:658706 [3] NCCL INFO [Proxy Progress] Device 3 CPU core 76
nid001052:1765956:1766065 [3] NCCL INFO Channel 02/0 : 7[3] -> 2[2] [send] via NET/AWS Libfabric/7
nid001052:1765956:1766065 [3] NCCL INFO GPU Direct RDMA Disabled for GPU c1000 / HCA 7 (distance 7 > 6)
nid001052:1765956:1766055 [3] NCCL INFO New proxy send connection 7 from local rank 3, transport 2
nid001052:1765956:1766065 [3] NCCL INFO Connected to proxy localRank 3 -> connection 0x7f5ad0001058
nid001049:658571:658702 [3] NCCL INFO Channel 03/0 : 3[3] -> 6[2] [send] via NET/AWS Libfabric/1/GDRDMA
nid001049:658571:658702 [3] NCCL INFO GPU Direct RDMA Enabled for GPU c1000 / HCA 1 (distance 6 <= 6), read 1
nid001052:1765956:1766065 [3] NCCL INFO Channel 06/0 : 7[3] -> 2[2] [send] via NET/AWS Libfabric/7
nid001049:658571:658692 [3] NCCL INFO New proxy send connection 7 from local rank 3, transport 2
nid001049:658571:658702 [3] NCCL INFO Connected to proxy localRank 3 -> connection 0x7f0220001058
nid001049:658571:658702 [3] NCCL INFO Channel 07/0 : 3[3] -> 6[2] [send] via NET/AWS Libfabric/1/GDRDMA
nid001052:1765951:1766057 [0] NCCL INFO New proxy recv connection 2 from local rank 0, transport 2
nid001052:1765951:1766063 [0] NCCL INFO Connected to proxy localRank 0 -> connection 0x7fef00000e00
nid001052:1765951:1766070 [0] NCCL INFO [Proxy Progress] Device 0 CPU core 63
nid001049:658567:658697 [1] NCCL INFO New proxy recv connection 6 from local rank 1, transport 2
nid001049:658567:658707 [1] NCCL INFO [Proxy Progress] Device 1 CPU core 108
nid001049:658567:658703 [1] NCCL INFO Connected to proxy localRank 1 -> connection 0x7f16a0000fe0
nid001052:1765952:1766066 [1] NCCL INFO Channel 02/0 : 0[0] -> 5[1] [receive] via NET/AWS Libfabric/7
nid001052:1765952:1766066 [1] NCCL INFO GPU Direct RDMA Disabled for GPU 41000 / HCA 7 (distance 7 > 6)
nid001049:658566:658701 [0] NCCL INFO Channel 00/0 : 6[2] -> 0[0] [receive] via NET/AWS Libfabric/7/GDRDMA
nid001049:658566:658701 [0] NCCL INFO GPU Direct RDMA Enabled for GPU 3000 / HCA 7 (distance 6 <= 6), read 0
nid001052:1765952:1766060 [1] NCCL INFO New proxy recv connection 7 from local rank 1, transport 2
nid001052:1765952:1766066 [1] NCCL INFO Connected to proxy localRank 1 -> connection 0x7fe740001058
nid001049:658566:658693 [0] NCCL INFO New proxy recv connection 3 from local rank 0, transport 2
nid001049:658566:658701 [0] NCCL INFO Connected to proxy localRank 0 -> connection 0x7f9b60000e78
nid001052:1765952:1766066 [1] NCCL INFO Channel 06/0 : 0[0] -> 5[1] [receive] via NET/AWS Libfabric/7
nid001049:658566:658701 [0] NCCL INFO Channel 04/0 : 6[2] -> 0[0] [receive] via NET/AWS Libfabric/7/GDRDMA
nid001049:658566:658701 [0] NCCL INFO Channel 00/0 : 0[0] -> 3[3] via P2P/CUMEM/read
nid001049:658566:658693 [0] NCCL INFO New proxy send connection 4 from local rank 0, transport 0
nid001049:658566:658701 [0] NCCL INFO Connected to proxy localRank 0 -> connection 0x7f9b60000ef0
nid001052:1765954:1766064 [2] NCCL INFO GPU Direct RDMA Disabled for GPU 82000 / HCA 1 (distance 7 > 6)
nid001052:1765954:1766056 [2] NCCL INFO New proxy recv connection 8 from local rank 2, transport 2
nid001052:1765954:1766064 [2] NCCL INFO Connected to proxy localRank 2 -> connection 0x7f72880010d0
nid001049:658566:658701 [0] NCCL INFO Channel 03/0 : 0[0] -> 3[3] via P2P/CUMEM/read
nid001049:658566:658693 [0] NCCL INFO New proxy send connection 5 from local rank 0, transport 0
nid001049:658566:658701 [0] NCCL INFO Connected to proxy localRank 0 -> connection 0x7f9b60000f68
nid001049:658566:658701 [0] NCCL INFO Channel 04/0 : 0[0] -> 3[3] via P2P/CUMEM/read
nid001049:658566:658693 [0] NCCL INFO New proxy send connection 6 from local rank 0, transport 0
nid001049:658566:658701 [0] NCCL INFO Connected to proxy localRank 0 -> connection 0x7f9b60000fe0
nid001049:658566:658701 [0] NCCL INFO Channel 07/0 : 0[0] -> 3[3] via P2P/CUMEM/read
nid001049:658566:658693 [0] NCCL INFO New proxy send connection 7 from local rank 0, transport 0
nid001049:658566:658701 [0] NCCL INFO Connected to proxy localRank 0 -> connection 0x7f9b60001058
nid001049:658566:658693 [0] NCCL INFO New proxy recv connection 8 from local rank 0, transport 0
nid001049:658566:658701 [0] NCCL INFO Connected to proxy localRank 0 -> connection 0x7f9b600010d0
nid001049:658566:658693 [0] NCCL INFO New proxy recv connection 9 from local rank 0, transport 0
nid001049:658566:658701 [0] NCCL INFO Connected to proxy localRank 0 -> connection 0x7f9b60001148
nid001049:658566:658701 [0] NCCL INFO GPU Direct RDMA Enabled for GPU 3000 / HCA 7 (distance 6 <= 6), read 1
nid001049:658566:658693 [0] NCCL INFO New proxy send connection 10 from local rank 0, transport 2
nid001049:658566:658701 [0] NCCL INFO Connected to proxy localRank 0 -> connection 0x7f9b600011c0
nid001049:658566:658701 [0] NCCL INFO Channel 02/0 : 0[0] -> 5[1] [send] via NET/AWS Libfabric/7/GDRDMA
nid001049:658566:658701 [0] NCCL INFO GPU Direct RDMA Enabled for GPU 3000 / HCA 7 (distance 6 <= 6), read 1
nid001049:658566:658693 [0] NCCL INFO New proxy send connection 11 from local rank 0, transport 2
nid001049:658566:658701 [0] NCCL INFO Connected to proxy localRank 0 -> connection 0x7f9b60001238
nid001049:658566:658701 [0] NCCL INFO Channel 06/0 : 0[0] -> 5[1] [send] via NET/AWS Libfabric/7/GDRDMA
nid001052:1765952:1766060 [1] NCCL INFO New proxy recv connection 8 from local rank 1, transport 0
nid001052:1765952:1766066 [1] NCCL INFO Connected to proxy localRank 1 -> connection 0x7fe7400010d0
nid001052:1765952:1766060 [1] NCCL INFO New proxy recv connection 9 from local rank 1, transport 0
nid001052:1765952:1766066 [1] NCCL INFO Connected to proxy localRank 1 -> connection 0x7fe740001148
nid001052:1765952:1766066 [1] NCCL INFO GPU Direct RDMA Disabled for GPU 41000 / HCA 3 (distance 7 > 6)
nid001052:1765952:1766060 [1] NCCL INFO New proxy send connection 10 from local rank 1, transport 2
nid001052:1765952:1766066 [1] NCCL INFO Connected to proxy localRank 1 -> connection 0x7fe7400011c0
nid001052:1765952:1766066 [1] NCCL INFO Channel 01/0 : 5[1] -> 3[3] [send] via NET/AWS Libfabric/3
nid001052:1765952:1766066 [1] NCCL INFO GPU Direct RDMA Disabled for GPU 41000 / HCA 3 (distance 7 > 6)
nid001052:1765952:1766060 [1] NCCL INFO New proxy send connection 11 from local rank 1, transport 2
nid001052:1765952:1766066 [1] NCCL INFO Connected to proxy localRank 1 -> connection 0x7fe740001238
nid001052:1765952:1766066 [1] NCCL INFO Channel 05/0 : 5[1] -> 3[3] [send] via NET/AWS Libfabric/3
nid001052:1765951:1766063 [0] NCCL INFO Channel 01/0 : 2[2] -> 4[0] [receive] via NET/AWS Libfabric/3
nid001052:1765951:1766063 [0] NCCL INFO GPU Direct RDMA Disabled for GPU 3000 / HCA 3 (distance 7 > 6)
nid001052:1765951:1766057 [0] NCCL INFO New proxy recv connection 3 from local rank 0, transport 2
nid001052:1765951:1766063 [0] NCCL INFO Connected to proxy localRank 0 -> connection 0x7fef00000e78
nid001052:1765951:1766063 [0] NCCL INFO Channel 05/0 : 2[2] -> 4[0] [receive] via NET/AWS Libfabric/3
nid001049:658569:658700 [2] NCCL INFO GPU Direct RDMA Enabled for GPU 82000 / HCA 3 (distance 6 <= 6), read 0
nid001052:1765951:1766063 [0] NCCL INFO Channel 01/0 : 4[0] -> 7[3] via P2P/CUMEM/read
nid001049:658569:658696 [2] NCCL INFO New proxy recv connection 8 from local rank 2, transport 2
nid001049:658569:658700 [2] NCCL INFO Connected to proxy localRank 2 -> connection 0x7fcac00010d0
nid001052:1765951:1766057 [0] NCCL INFO New proxy send connection 4 from local rank 0, transport 0
nid001052:1765951:1766063 [0] NCCL INFO Connected to proxy localRank 0 -> connection 0x7fef00000ef0
nid001049:658567:658703 [1] NCCL INFO Channel 03/0 : 4[0] -> 1[1] [receive] via NET/AWS Libfabric/5/GDRDMA
nid001049:658567:658703 [1] NCCL INFO GPU Direct RDMA Enabled for GPU 41000 / HCA 5 (distance 6 <= 6), read 0
nid001049:658567:658697 [1] NCCL INFO New proxy recv connection 7 from local rank 1, transport 2
nid001049:658567:658703 [1] NCCL INFO Connected to proxy localRank 1 -> connection 0x7f16a0001058
nid001052:1765951:1766063 [0] NCCL INFO Channel 02/0 : 4[0] -> 7[3] via P2P/CUMEM/read
nid001049:658567:658703 [1] NCCL INFO Channel 07/0 : 4[0] -> 1[1] [receive] via NET/AWS Libfabric/5/GDRDMA
nid001052:1765951:1766057 [0] NCCL INFO New proxy send connection 5 from local rank 0, transport 0
nid001052:1765951:1766063 [0] NCCL INFO Connected to proxy localRank 0 -> connection 0x7fef00000f68
nid001052:1765951:1766063 [0] NCCL INFO Channel 05/0 : 4[0] -> 7[3] via P2P/CUMEM/read
nid001052:1765951:1766057 [0] NCCL INFO New proxy send connection 6 from local rank 0, transport 0
nid001052:1765951:1766063 [0] NCCL INFO Connected to proxy localRank 0 -> connection 0x7fef00000fe0
nid001052:1765951:1766063 [0] NCCL INFO Channel 06/0 : 4[0] -> 7[3] via P2P/CUMEM/read
nid001052:1765951:1766057 [0] NCCL INFO New proxy send connection 7 from local rank 0, transport 0
nid001052:1765951:1766063 [0] NCCL INFO Connected to proxy localRank 0 -> connection 0x7fef00001058
nid001052:1765951:1766057 [0] NCCL INFO New proxy recv connection 8 from local rank 0, transport 0
nid001052:1765951:1766063 [0] NCCL INFO Connected to proxy localRank 0 -> connection 0x7fef000010d0
nid001052:1765951:1766057 [0] NCCL INFO New proxy recv connection 9 from local rank 0, transport 0
nid001052:1765951:1766063 [0] NCCL INFO Connected to proxy localRank 0 -> connection 0x7fef00001148
nid001052:1765951:1766063 [0] NCCL INFO GPU Direct RDMA Disabled for GPU 3000 / HCA 1 (distance 7 > 6)
nid001052:1765951:1766057 [0] NCCL INFO New proxy send connection 10 from local rank 0, transport 2
nid001052:1765951:1766063 [0] NCCL INFO Connected to proxy localRank 0 -> connection 0x7fef000011c0
nid001052:1765951:1766063 [0] NCCL INFO Channel 03/0 : 4[0] -> 1[1] [send] via NET/AWS Libfabric/1
nid001052:1765951:1766063 [0] NCCL INFO GPU Direct RDMA Disabled for GPU 3000 / HCA 1 (distance 7 > 6)
nid001052:1765951:1766057 [0] NCCL INFO New proxy send connection 11 from local rank 0, transport 2
nid001052:1765951:1766063 [0] NCCL INFO Connected to proxy localRank 0 -> connection 0x7fef00001238
nid001052:1765951:1766063 [0] NCCL INFO Channel 07/0 : 4[0] -> 1[1] [send] via NET/AWS Libfabric/1
nid001049:658567:658697 [1] NCCL INFO New proxy recv connection 8 from local rank 1, transport 0
nid001049:658567:658703 [1] NCCL INFO Connected to proxy localRank 1 -> connection 0x7f16a00010d0
nid001049:658567:658697 [1] NCCL INFO New proxy recv connection 9 from local rank 1, transport 0
nid001049:658567:658703 [1] NCCL INFO Connected to proxy localRank 1 -> connection 0x7f16a0001148
nid001049:658567:658703 [1] NCCL INFO GPU Direct RDMA Enabled for GPU 41000 / HCA 5 (distance 6 <= 6), read 1
nid001049:658567:658697 [1] NCCL INFO New proxy send connection 10 from local rank 1, transport 2
nid001049:658567:658703 [1] NCCL INFO Connected to proxy localRank 1 -> connection 0x7f16a00011c0
nid001049:658567:658703 [1] NCCL INFO Channel 00/0 : 1[1] -> 7[3] [send] via NET/AWS Libfabric/5/GDRDMA
nid001049:658567:658703 [1] NCCL INFO GPU Direct RDMA Enabled for GPU 41000 / HCA 5 (distance 6 <= 6), read 1
nid001049:658567:658697 [1] NCCL INFO New proxy send connection 11 from local rank 1, transport 2
nid001049:658567:658703 [1] NCCL INFO Connected to proxy localRank 1 -> connection 0x7f16a0001238
nid001049:658567:658703 [1] NCCL INFO Channel 04/0 : 1[1] -> 7[3] [send] via NET/AWS Libfabric/5/GDRDMA
nid001052:1765954:1766064 [2] NCCL INFO Channel 03/0 : 3[3] -> 6[2] [receive] via NET/AWS Libfabric/1
nid001052:1765954:1766064 [2] NCCL INFO GPU Direct RDMA Disabled for GPU 82000 / HCA 1 (distance 7 > 6)
nid001052:1765954:1766056 [2] NCCL INFO New proxy recv connection 9 from local rank 2, transport 2
nid001052:1765954:1766064 [2] NCCL INFO Connected to proxy localRank 2 -> connection 0x7f7288001148
nid001052:1765954:1766064 [2] NCCL INFO Channel 07/0 : 3[3] -> 6[2] [receive] via NET/AWS Libfabric/1
nid001052:1765954:1766064 [2] NCCL INFO Channel 02/0 : 6[2] -> 4[0] via P2P/CUMEM/read
nid001052:1765954:1766056 [2] NCCL INFO New proxy send connection 10 from local rank 2, transport 0
nid001052:1765954:1766064 [2] NCCL INFO Connected to proxy localRank 2 -> connection 0x7f72880011c0
nid001049:658571:658702 [3] NCCL INFO Channel 01/0 : 3[3] -> 0[0] via P2P/CUMEM/read
nid001049:658571:658692 [3] NCCL INFO New proxy send connection 8 from local rank 3, transport 0
nid001049:658571:658702 [3] NCCL INFO Connected to proxy localRank 3 -> connection 0x7f02200010d0
nid001052:1765954:1766064 [2] NCCL INFO Channel 06/0 : 6[2] -> 4[0] via P2P/CUMEM/read
nid001049:658571:658702 [3] NCCL INFO Channel 05/0 : 3[3] -> 0[0] via P2P/CUMEM/read
nid001052:1765954:1766056 [2] NCCL INFO New proxy send connection 11 from local rank 2, transport 0
nid001052:1765954:1766064 [2] NCCL INFO Connected to proxy localRank 2 -> connection 0x7f7288001238
nid001049:658571:658692 [3] NCCL INFO New proxy send connection 9 from local rank 3, transport 0
nid001049:658571:658702 [3] NCCL INFO Connected to proxy localRank 3 -> connection 0x7f0220001148
nid001049:658566:658693 [0] NCCL INFO New proxy recv connection 12 from local rank 0, transport 0
nid001049:658566:658701 [0] NCCL INFO Connected to proxy localRank 0 -> connection 0x7f9b600012b0
nid001049:658571:658702 [3] NCCL INFO GPU Direct RDMA Enabled for GPU c1000 / HCA 1 (distance 6 <= 6), read 0
nid001049:658571:658692 [3] NCCL INFO New proxy recv connection 10 from local rank 3, transport 2
nid001049:658571:658702 [3] NCCL INFO Connected to proxy localRank 3 -> connection 0x7f02200011c0
nid001049:658566:658693 [0] NCCL INFO New proxy recv connection 13 from local rank 0, transport 0
nid001049:658566:658701 [0] NCCL INFO Connected to proxy localRank 0 -> connection 0x7f9b60001328
nid001049:658569:658700 [2] NCCL INFO Channel 02/0 : 7[3] -> 2[2] [receive] via NET/AWS Libfabric/3/GDRDMA
nid001049:658569:658700 [2] NCCL INFO GPU Direct RDMA Enabled for GPU 82000 / HCA 3 (distance 6 <= 6), read 0
nid001049:658569:658696 [2] NCCL INFO New proxy recv connection 9 from local rank 2, transport 2
nid001049:658569:658700 [2] NCCL INFO Connected to proxy localRank 2 -> connection 0x7fcac0001148
nid001049:658569:658700 [2] NCCL INFO Channel 06/0 : 7[3] -> 2[2] [receive] via NET/AWS Libfabric/3/GDRDMA
nid001049:658569:658700 [2] NCCL INFO Channel 03/0 : 2[2] -> 0[0] via P2P/CUMEM/read
nid001049:658569:658696 [2] NCCL INFO New proxy send connection 10 from local rank 2, transport 0
nid001049:658569:658700 [2] NCCL INFO Connected to proxy localRank 2 -> connection 0x7fcac00011c0
nid001052:1765956:1766065 [3] NCCL INFO Channel 00/0 : 7[3] -> 4[0] via P2P/CUMEM/read
nid001052:1765956:1766055 [3] NCCL INFO New proxy send connection 8 from local rank 3, transport 0
nid001052:1765956:1766065 [3] NCCL INFO Connected to proxy localRank 3 -> connection 0x7f5ad00010d0
nid001052:1765956:1766065 [3] NCCL INFO Channel 04/0 : 7[3] -> 4[0] via P2P/CUMEM/read
nid001049:658569:658700 [2] NCCL INFO Channel 07/0 : 2[2] -> 0[0] via P2P/CUMEM/read
nid001052:1765956:1766055 [3] NCCL INFO New proxy send connection 9 from local rank 3, transport 0
nid001049:658569:658696 [2] NCCL INFO New proxy send connection 11 from local rank 2, transport 0
nid001049:658569:658700 [2] NCCL INFO Connected to proxy localRank 2 -> connection 0x7fcac0001238
nid001052:1765956:1766065 [3] NCCL INFO Connected to proxy localRank 3 -> connection 0x7f5ad0001148
nid001052:1765956:1766065 [3] NCCL INFO GPU Direct RDMA Disabled for GPU c1000 / HCA 5 (distance 7 > 6)
nid001052:1765951:1766057 [0] NCCL INFO New proxy recv connection 12 from local rank 0, transport 0
nid001049:658566:658693 [0] NCCL INFO New proxy recv connection 14 from local rank 0, transport 0
nid001049:658566:658701 [0] NCCL INFO Connected to proxy localRank 0 -> connection 0x7f9b600013a0
nid001052:1765951:1766063 [0] NCCL INFO Connected to proxy localRank 0 -> connection 0x7fef000012b0
nid001049:658569:658696 [2] NCCL INFO New proxy recv connection 12 from local rank 2, transport 0
nid001049:658569:658700 [2] NCCL INFO Connected to proxy localRank 2 -> connection 0x7fcac00012b0
nid001052:1765956:1766055 [3] NCCL INFO New proxy recv connection 10 from local rank 3, transport 2
nid001052:1765956:1766065 [3] NCCL INFO Connected to proxy localRank 3 -> connection 0x7f5ad00011c0
nid001052:1765951:1766057 [0] NCCL INFO New proxy recv connection 13 from local rank 0, transport 0
nid001052:1765951:1766063 [0] NCCL INFO Connected to proxy localRank 0 -> connection 0x7fef00001328
nid001049:658569:658696 [2] NCCL INFO New proxy recv connection 13 from local rank 2, transport 0
nid001049:658569:658700 [2] NCCL INFO Connected to proxy localRank 2 -> connection 0x7fcac0001328
nid001049:658566:658693 [0] NCCL INFO New proxy recv connection 15 from local rank 0, transport 0
nid001049:658566:658701 [0] NCCL INFO Connected to proxy localRank 0 -> connection 0x7f9b60001418
nid001052:1765954:1766056 [2] NCCL INFO New proxy recv connection 12 from local rank 2, transport 0
nid001052:1765951:1766057 [0] NCCL INFO New proxy recv connection 14 from local rank 0, transport 0
nid001052:1765954:1766064 [2] NCCL INFO Connected to proxy localRank 2 -> connection 0x7f72880012b0
nid001052:1765951:1766063 [0] NCCL INFO Connected to proxy localRank 0 -> connection 0x7fef000013a0
nid001049:658569:658700 [2] NCCL INFO Channel 00/0 : 2[2] -> 1[1] via P2P/CUMEM/read
nid001049:658569:658696 [2] NCCL INFO New proxy send connection 14 from local rank 2, transport 0
nid001049:658569:658700 [2] NCCL INFO Connected to proxy localRank 2 -> connection 0x7fcac00013a0
nid001052:1765951:1766057 [0] NCCL INFO New proxy recv connection 15 from local rank 0, transport 0
nid001049:658569:658700 [2] NCCL INFO Channel 04/0 : 2[2] -> 1[1] via P2P/CUMEM/read
nid001052:1765954:1766056 [2] NCCL INFO New proxy recv connection 13 from local rank 2, transport 0
nid001052:1765954:1766064 [2] NCCL INFO Connected to proxy localRank 2 -> connection 0x7f7288001328
nid001049:658569:658696 [2] NCCL INFO New proxy send connection 15 from local rank 2, transport 0
nid001052:1765951:1766063 [0] NCCL INFO Connected to proxy localRank 0 -> connection 0x7fef00001418
nid001049:658569:658700 [2] NCCL INFO Connected to proxy localRank 2 -> connection 0x7fcac0001418
nid001052:1765954:1766064 [2] NCCL INFO Channel 01/0 : 6[2] -> 5[1] via P2P/CUMEM/read
nid001052:1765954:1766056 [2] NCCL INFO New proxy send connection 14 from local rank 2, transport 0
nid001052:1765954:1766064 [2] NCCL INFO Connected to proxy localRank 2 -> connection 0x7f72880013a0
nid001052:1765954:1766064 [2] NCCL INFO Channel 05/0 : 6[2] -> 5[1] via P2P/CUMEM/read
nid001052:1765954:1766056 [2] NCCL INFO New proxy send connection 15 from local rank 2, transport 0
nid001052:1765954:1766064 [2] NCCL INFO Connected to proxy localRank 2 -> connection 0x7f7288001418
nid001049:658571:658702 [3] NCCL INFO Channel 01/0 : 5[1] -> 3[3] [receive] via NET/AWS Libfabric/1/GDRDMA
nid001049:658571:658702 [3] NCCL INFO GPU Direct RDMA Enabled for GPU c1000 / HCA 1 (distance 6 <= 6), read 0
nid001049:658571:658692 [3] NCCL INFO New proxy recv connection 11 from local rank 3, transport 2
nid001049:658571:658702 [3] NCCL INFO Connected to proxy localRank 3 -> connection 0x7f0220001238
nid001049:658571:658702 [3] NCCL INFO Channel 05/0 : 5[1] -> 3[3] [receive] via NET/AWS Libfabric/1/GDRDMA
nid001049:658571:658702 [3] NCCL INFO Channel 02/0 : 3[3] -> 1[1] via P2P/CUMEM/read
nid001049:658571:658692 [3] NCCL INFO New proxy send connection 12 from local rank 3, transport 0
nid001049:658571:658702 [3] NCCL INFO Connected to proxy localRank 3 -> connection 0x7f02200012b0
nid001049:658571:658702 [3] NCCL INFO Channel 06/0 : 3[3] -> 1[1] via P2P/CUMEM/read
nid001049:658571:658692 [3] NCCL INFO New proxy send connection 13 from local rank 3, transport 0
nid001049:658571:658702 [3] NCCL INFO Connected to proxy localRank 3 -> connection 0x7f0220001328
nid001049:658571:658702 [3] NCCL INFO Channel 00/0 : 3[3] -> 2[2] via P2P/CUMEM/read
nid001049:658571:658692 [3] NCCL INFO New proxy send connection 14 from local rank 3, transport 0
nid001049:658571:658702 [3] NCCL INFO Connected to proxy localRank 3 -> connection 0x7f02200013a0
nid001049:658571:658702 [3] NCCL INFO Channel 04/0 : 3[3] -> 2[2] via P2P/CUMEM/read
nid001049:658571:658692 [3] NCCL INFO New proxy send connection 15 from local rank 3, transport 0
nid001049:658571:658702 [3] NCCL INFO Connected to proxy localRank 3 -> connection 0x7f0220001418
nid001049:658569:658696 [2] NCCL INFO New proxy send connection 16 from local rank 3, transport 0
nid001049:658571:658702 [3] NCCL INFO Connected to proxy localRank 2 -> connection 0x7fcac0001490
nid001049:658566:658693 [0] NCCL INFO New proxy send connection 16 from local rank 3, transport 0
nid001049:658571:658702 [3] NCCL INFO Connected to proxy localRank 0 -> connection 0x7f9b60001490
nid001052:1765956:1766065 [3] NCCL INFO Channel 00/0 : 1[1] -> 7[3] [receive] via NET/AWS Libfabric/5
nid001052:1765956:1766065 [3] NCCL INFO GPU Direct RDMA Disabled for GPU c1000 / HCA 5 (distance 7 > 6)
nid001052:1765956:1766055 [3] NCCL INFO New proxy recv connection 11 from local rank 3, transport 2
nid001052:1765956:1766065 [3] NCCL INFO Connected to proxy localRank 3 -> connection 0x7f5ad0001238
nid001052:1765956:1766065 [3] NCCL INFO Channel 04/0 : 1[1] -> 7[3] [receive] via NET/AWS Libfabric/5
nid001052:1765956:1766065 [3] NCCL INFO Channel 03/0 : 7[3] -> 5[1] via P2P/CUMEM/read
nid001052:1765956:1766055 [3] NCCL INFO New proxy send connection 12 from local rank 3, transport 0
nid001052:1765956:1766065 [3] NCCL INFO Connected to proxy localRank 3 -> connection 0x7f5ad00012b0
nid001052:1765956:1766065 [3] NCCL INFO Channel 07/0 : 7[3] -> 5[1] via P2P/CUMEM/read
nid001052:1765956:1766055 [3] NCCL INFO New proxy send connection 13 from local rank 3, transport 0
nid001052:1765956:1766065 [3] NCCL INFO Connected to proxy localRank 3 -> connection 0x7f5ad0001328
nid001049:658567:658697 [1] NCCL INFO New proxy recv connection 12 from local rank 1, transport 0
nid001049:658567:658703 [1] NCCL INFO Connected to proxy localRank 1 -> connection 0x7f16a00012b0
nid001052:1765956:1766065 [3] NCCL INFO Channel 01/0 : 7[3] -> 6[2] via P2P/CUMEM/read
nid001052:1765952:1766060 [1] NCCL INFO New proxy recv connection 12 from local rank 1, transport 0
nid001052:1765952:1766066 [1] NCCL INFO Connected to proxy localRank 1 -> connection 0x7fe7400012b0
nid001052:1765956:1766055 [3] NCCL INFO New proxy send connection 14 from local rank 3, transport 0
nid001052:1765956:1766065 [3] NCCL INFO Connected to proxy localRank 3 -> connection 0x7f5ad00013a0
nid001052:1765956:1766065 [3] NCCL INFO Channel 05/0 : 7[3] -> 6[2] via P2P/CUMEM/read
nid001052:1765952:1766060 [1] NCCL INFO New proxy recv connection 13 from local rank 1, transport 0
nid001052:1765952:1766066 [1] NCCL INFO Connected to proxy localRank 1 -> connection 0x7fe740001328
nid001052:1765956:1766055 [3] NCCL INFO New proxy send connection 15 from local rank 3, transport 0
nid001052:1765956:1766065 [3] NCCL INFO Connected to proxy localRank 3 -> connection 0x7f5ad0001418
nid001052:1765952:1766066 [1] NCCL INFO Channel 03/0 : 5[1] -> 4[0] via P2P/CUMEM/read
nid001052:1765952:1766060 [1] NCCL INFO New proxy send connection 14 from local rank 1, transport 0
nid001052:1765952:1766066 [1] NCCL INFO Connected to proxy localRank 1 -> connection 0x7fe7400013a0
nid001049:658567:658697 [1] NCCL INFO New proxy recv connection 13 from local rank 1, transport 0
nid001049:658567:658703 [1] NCCL INFO Connected to proxy localRank 1 -> connection 0x7f16a0001328
nid001052:1765952:1766066 [1] NCCL INFO Channel 07/0 : 5[1] -> 4[0] via P2P/CUMEM/read
nid001052:1765954:1766056 [2] NCCL INFO New proxy send connection 16 from local rank 3, transport 0
nid001052:1765956:1766065 [3] NCCL INFO Connected to proxy localRank 2 -> connection 0x7f7288001490
nid001052:1765952:1766060 [1] NCCL INFO New proxy send connection 15 from local rank 1, transport 0
nid001052:1765952:1766066 [1] NCCL INFO Connected to proxy localRank 1 -> connection 0x7fe740001418
nid001049:658567:658703 [1] NCCL INFO Channel 02/0 : 1[1] -> 0[0] via P2P/CUMEM/read
nid001049:658567:658697 [1] NCCL INFO New proxy send connection 14 from local rank 1, transport 0
nid001049:658567:658703 [1] NCCL INFO Connected to proxy localRank 1 -> connection 0x7f16a00013a0
nid001052:1765952:1766060 [1] NCCL INFO New proxy send connection 16 from local rank 2, transport 0
nid001052:1765954:1766064 [2] NCCL INFO Connected to proxy localRank 1 -> connection 0x7fe740001490
nid001052:1765952:1766060 [1] NCCL INFO New proxy send connection 17 from local rank 0, transport 0
nid001052:1765951:1766063 [0] NCCL INFO Connected to proxy localRank 1 -> connection 0x7fe740001508
nid001052:1765954:1766056 [2] NCCL INFO New proxy send connection 17 from local rank 1, transport 0
nid001052:1765952:1766066 [1] NCCL INFO Connected to proxy localRank 2 -> connection 0x7f7288001508
nid001049:658567:658703 [1] NCCL INFO Channel 06/0 : 1[1] -> 0[0] via P2P/CUMEM/read
nid001049:658567:658697 [1] NCCL INFO New proxy send connection 15 from local rank 1, transport 0
nid001049:658567:658703 [1] NCCL INFO Connected to proxy localRank 1 -> connection 0x7f16a0001418
nid001049:658567:658697 [1] NCCL INFO New proxy send connection 16 from local rank 2, transport 0
nid001049:658569:658700 [2] NCCL INFO Connected to proxy localRank 1 -> connection 0x7f16a0001490
nid001049:658567:658697 [1] NCCL INFO New proxy send connection 17 from local rank 0, transport 0
nid001049:658566:658701 [0] NCCL INFO Connected to proxy localRank 1 -> connection 0x7f16a0001508
nid001049:658569:658696 [2] NCCL INFO New proxy send connection 17 from local rank 1, transport 0
nid001049:658567:658703 [1] NCCL INFO Connected to proxy localRank 2 -> connection 0x7fcac0001508
nid001052:1765951:1766057 [0] NCCL INFO New proxy send connection 16 from local rank 1, transport 0
nid001052:1765952:1766066 [1] NCCL INFO Connected to proxy localRank 0 -> connection 0x7fef00001490
nid001049:658566:658693 [0] NCCL INFO New proxy send connection 17 from local rank 1, transport 0
nid001049:658567:658703 [1] NCCL INFO Connected to proxy localRank 0 -> connection 0x7f9b60001508
nid001049:658571:658692 [3] NCCL INFO New proxy send connection 16 from local rank 2, transport 0
nid001049:658569:658700 [2] NCCL INFO Connected to proxy localRank 3 -> connection 0x7f0220001490
nid001052:1765951:1766057 [0] NCCL INFO New proxy send connection 17 from local rank 3, transport 0
nid001052:1765956:1766065 [3] NCCL INFO Connected to proxy localRank 0 -> connection 0x7fef00001508
nid001052:1765956:1766055 [3] NCCL INFO New proxy send connection 16 from local rank 2, transport 0
nid001052:1765954:1766064 [2] NCCL INFO Connected to proxy localRank 3 -> connection 0x7f5ad0001490
nid001049:658567:658697 [1] NCCL INFO New proxy send connection 18 from local rank 3, transport 0
nid001049:658571:658702 [3] NCCL INFO Connected to proxy localRank 1 -> connection 0x7f16a0001580
nid001049:658571:658692 [3] NCCL INFO New proxy send connection 17 from local rank 0, transport 0
nid001049:658566:658701 [0] NCCL INFO Connected to proxy localRank 3 -> connection 0x7f0220001508
nid001049:658571:658692 [3] NCCL INFO New proxy send connection 18 from local rank 1, transport 0
nid001049:658567:658703 [1] NCCL INFO Connected to proxy localRank 3 -> connection 0x7f0220001580
nid001052:1765951:1766057 [0] NCCL INFO New proxy send connection 18 from local rank 2, transport 0
nid001052:1765954:1766064 [2] NCCL INFO Connected to proxy localRank 0 -> connection 0x7fef00001580
nid001049:658566:658693 [0] NCCL INFO New proxy send connection 18 from local rank 2, transport 0
nid001049:658569:658700 [2] NCCL INFO Connected to proxy localRank 0 -> connection 0x7f9b60001580
nid001052:1765956:1766055 [3] NCCL INFO New proxy send connection 17 from local rank 0, transport 0
nid001052:1765951:1766063 [0] NCCL INFO Connected to proxy localRank 3 -> connection 0x7f5ad0001508
nid001052:1765956:1766055 [3] NCCL INFO New proxy send connection 18 from local rank 1, transport 0
nid001052:1765952:1766066 [1] NCCL INFO Connected to proxy localRank 3 -> connection 0x7f5ad0001580
nid001049:658569:658696 [2] NCCL INFO New proxy send connection 18 from local rank 0, transport 0
nid001049:658566:658701 [0] NCCL INFO Connected to proxy localRank 2 -> connection 0x7fcac0001580
nid001052:1765952:1766060 [1] NCCL INFO New proxy send connection 18 from local rank 3, transport 0
nid001052:1765956:1766065 [3] NCCL INFO Connected to proxy localRank 1 -> connection 0x7fe740001580
nid001052:1765954:1766056 [2] NCCL INFO New proxy send connection 18 from local rank 0, transport 0
nid001052:1765951:1766063 [0] NCCL INFO Connected to proxy localRank 2 -> connection 0x7f7288001580
nid001049:658571:658702 [3] NCCL INFO Connected all rings
nid001052:1765951:1766063 [0] NCCL INFO Connected all rings
nid001052:1765952:1766066 [1] NCCL INFO Connected all rings
nid001049:658566:658701 [0] NCCL INFO Connected all rings
nid001052:1765954:1766064 [2] NCCL INFO Connected all rings
nid001052:1765956:1766065 [3] NCCL INFO Connected all rings
nid001049:658569:658700 [2] NCCL INFO Connected all rings
nid001049:658567:658703 [1] NCCL INFO Connected all rings
nid001049:658566:658566 [0] NCCL INFO AllReduce: 4294967296 Bytes -> Algo 1 proto 2 time 78445.421875
nid001049:658566:658566 [0] NCCL INFO AllReduce: 4294967296 Bytes -> Algo 1 proto 2 time 78445.421875
nid001049:658566:658566 [0] NCCL INFO AllReduce: 4294967296 Bytes -> Algo 1 proto 2 time 78445.421875
nid001049:658566:658566 [0] NCCL INFO AllReduce: 4294967296 Bytes -> Algo 1 proto 2 time 78445.421875
nid001049:658566:658566 [0] NCCL INFO AllReduce: 8 Bytes -> Algo 0 proto 0 time 20.400713
nid001049:658566:658708 [0] NCCL INFO Channel 02/0 : 0[0] -> 1[1] via P2P/CUMEM/read
nid001052:1765951:1766073 [0] NCCL INFO Channel 01/0 : 4[0] -> 5[1] via P2P/CUMEM/read
nid001049:658566:658693 [0] NCCL INFO New proxy send connection 19 from local rank 0, transport 0
nid001049:658566:658708 [0] NCCL INFO Connected to proxy localRank 0 -> connection 0x7f9b600015f8
nid001052:1765951:1766057 [0] NCCL INFO New proxy send connection 19 from local rank 0, transport 0
nid001049:658567:658697 [1] NCCL INFO New proxy recv connection 19 from local rank 1, transport 0
nid001052:1765956:1766055 [3] NCCL INFO New proxy recv connection 19 from local rank 3, transport 0
nid001049:658571:658692 [3] NCCL INFO New proxy recv connection 19 from local rank 3, transport 0
nid001049:658571:658710 [3] NCCL INFO Connected to proxy localRank 3 -> connection 0x7f02200015f8
nid001052:1765951:1766073 [0] NCCL INFO Connected to proxy localRank 0 -> connection 0x7fef000015f8
nid001049:658567:658709 [1] NCCL INFO Connected to proxy localRank 1 -> connection 0x7f16a00015f8
nid001052:1765956:1766074 [3] NCCL INFO Connected to proxy localRank 3 -> connection 0x7f5ad00015f8
nid001049:658569:658696 [2] NCCL INFO New proxy recv connection 19 from local rank 2, transport 0
nid001049:658569:658711 [2] NCCL INFO Connected to proxy localRank 2 -> connection 0x7fcac00015f8
nid001052:1765952:1766060 [1] NCCL INFO New proxy recv connection 19 from local rank 1, transport 0
nid001049:658566:658708 [0] NCCL INFO Channel 06/0 : 0[0] -> 1[1] via P2P/CUMEM/read
nid001049:658566:658693 [0] NCCL INFO New proxy send connection 20 from local rank 0, transport 0
nid001049:658571:658692 [3] NCCL INFO New proxy recv connection 20 from local rank 3, transport 0
nid001049:658566:658708 [0] NCCL INFO Connected to proxy localRank 0 -> connection 0x7f9b60001670
nid001052:1765954:1766056 [2] NCCL INFO New proxy recv connection 19 from local rank 2, transport 0
nid001049:658567:658697 [1] NCCL INFO New proxy recv connection 20 from local rank 1, transport 0
nid001052:1765952:1766072 [1] NCCL INFO Connected to proxy localRank 1 -> connection 0x7fe7400015f8
nid001049:658571:658710 [3] NCCL INFO Connected to proxy localRank 3 -> connection 0x7f0220001670
nid001052:1765954:1766071 [2] NCCL INFO Connected to proxy localRank 2 -> connection 0x7f72880015f8
nid001049:658567:658709 [1] NCCL INFO Connected to proxy localRank 1 -> connection 0x7f16a0001670
nid001052:1765951:1766073 [0] NCCL INFO Channel 02/0 : 4[0] -> 5[1] via P2P/CUMEM/read
nid001049:658567:658709 [1] NCCL INFO Channel 00/0 : 1[1] -> 2[2] via P2P/CUMEM/read
nid001052:1765951:1766057 [0] NCCL INFO New proxy send connection 20 from local rank 0, transport 0
nid001049:658571:658692 [3] NCCL INFO New proxy recv connection 21 from local rank 3, transport 0
nid001049:658571:658710 [3] NCCL INFO Connected to proxy localRank 3 -> connection 0x7f02200016e8
nid001052:1765951:1766073 [0] NCCL INFO Connected to proxy localRank 0 -> connection 0x7fef00001670
nid001049:658567:658697 [1] NCCL INFO New proxy send connection 21 from local rank 1, transport 0
nid001049:658567:658709 [1] NCCL INFO Connected to proxy localRank 1 -> connection 0x7f16a00016e8
nid001049:658567:658709 [1] NCCL INFO Channel 04/0 : 1[1] -> 2[2] via P2P/CUMEM/read
nid001049:658571:658692 [3] NCCL INFO New proxy recv connection 22 from local rank 3, transport 0
nid001049:658571:658710 [3] NCCL INFO Connected to proxy localRank 3 -> connection 0x7f0220001760
nid001049:658567:658697 [1] NCCL INFO New proxy send connection 22 from local rank 1, transport 0
nid001049:658567:658709 [1] NCCL INFO Connected to proxy localRank 1 -> connection 0x7f16a0001760
nid001049:658566:658708 [0] NCCL INFO Channel 01/0 : 0[0] -> 2[2] via P2P/CUMEM/read
nid001049:658566:658693 [0] NCCL INFO New proxy send connection 21 from local rank 0, transport 0
nid001049:658566:658708 [0] NCCL INFO Connected to proxy localRank 0 -> connection 0x7f9b600016e8
nid001049:658566:658708 [0] NCCL INFO Channel 02/0 : 0[0] -> 2[2] via P2P/CUMEM/read
nid001049:658566:658693 [0] NCCL INFO New proxy send connection 22 from local rank 0, transport 0
nid001049:658566:658708 [0] NCCL INFO Connected to proxy localRank 0 -> connection 0x7f9b60001760
nid001049:658566:658708 [0] NCCL INFO Channel 05/0 : 0[0] -> 2[2] via P2P/CUMEM/read
nid001049:658566:658693 [0] NCCL INFO New proxy send connection 23 from local rank 0, transport 0
nid001049:658566:658708 [0] NCCL INFO Connected to proxy localRank 0 -> connection 0x7f9b600017d8
nid001049:658566:658708 [0] NCCL INFO Channel 06/0 : 0[0] -> 2[2] via P2P/CUMEM/read
nid001049:658566:658693 [0] NCCL INFO New proxy send connection 24 from local rank 0, transport 0
nid001049:658566:658708 [0] NCCL INFO Connected to proxy localRank 0 -> connection 0x7f9b60001850
nid001049:658569:658696 [2] NCCL INFO New proxy recv connection 20 from local rank 2, transport 0
nid001049:658569:658711 [2] NCCL INFO Connected to proxy localRank 2 -> connection 0x7fcac0001670
nid001049:658569:658711 [2] NCCL INFO Channel 00/0 : 2[2] -> 3[3] via P2P/CUMEM/read
nid001049:658569:658696 [2] NCCL INFO New proxy send connection 21 from local rank 2, transport 0
nid001049:658569:658711 [2] NCCL INFO Connected to proxy localRank 2 -> connection 0x7fcac00016e8
nid001052:1765951:1766073 [0] NCCL INFO Channel 05/0 : 4[0] -> 5[1] via P2P/CUMEM/read
nid001052:1765951:1766057 [0] NCCL INFO New proxy send connection 21 from local rank 0, transport 0
nid001052:1765951:1766073 [0] NCCL INFO Connected to proxy localRank 0 -> connection 0x7fef000016e8
nid001049:658569:658711 [2] NCCL INFO Channel 03/0 : 2[2] -> 3[3] via P2P/CUMEM/read
nid001049:658569:658696 [2] NCCL INFO New proxy send connection 22 from local rank 2, transport 0
nid001049:658569:658711 [2] NCCL INFO Connected to proxy localRank 2 -> connection 0x7fcac0001760
nid001049:658569:658711 [2] NCCL INFO Channel 04/0 : 2[2] -> 3[3] via P2P/CUMEM/read
nid001049:658569:658696 [2] NCCL INFO New proxy send connection 23 from local rank 2, transport 0
nid001049:658569:658711 [2] NCCL INFO Connected to proxy localRank 2 -> connection 0x7fcac00017d8
nid001049:658569:658711 [2] NCCL INFO Channel 07/0 : 2[2] -> 3[3] via P2P/CUMEM/read
nid001049:658569:658696 [2] NCCL INFO New proxy send connection 24 from local rank 2, transport 0
nid001049:658569:658711 [2] NCCL INFO Connected to proxy localRank 2 -> connection 0x7fcac0001850
nid001052:1765951:1766073 [0] NCCL INFO Channel 06/0 : 4[0] -> 5[1] via P2P/CUMEM/read
nid001052:1765951:1766057 [0] NCCL INFO New proxy send connection 22 from local rank 0, transport 0
nid001052:1765951:1766073 [0] NCCL INFO Connected to proxy localRank 0 -> connection 0x7fef00001760
nid001049:658567:658709 [1] NCCL INFO Channel 01/0 : 1[1] -> 3[3] via P2P/CUMEM/read
nid001049:658567:658697 [1] NCCL INFO New proxy send connection 23 from local rank 1, transport 0
nid001049:658567:658709 [1] NCCL INFO Connected to proxy localRank 1 -> connection 0x7f16a00017d8
nid001049:658571:658692 [3] NCCL INFO New proxy recv connection 23 from local rank 3, transport 0
nid001049:658571:658710 [3] NCCL INFO Connected to proxy localRank 3 -> connection 0x7f02200017d8
nid001049:658569:658696 [2] NCCL INFO New proxy recv connection 25 from local rank 2, transport 0
nid001049:658569:658711 [2] NCCL INFO Connected to proxy localRank 2 -> connection 0x7fcac00018c8
nid001049:658567:658709 [1] NCCL INFO Channel 02/0 : 1[1] -> 3[3] via P2P/CUMEM/read
nid001049:658567:658697 [1] NCCL INFO New proxy send connection 24 from local rank 1, transport 0
nid001049:658567:658709 [1] NCCL INFO Connected to proxy localRank 1 -> connection 0x7f16a0001850
nid001049:658571:658692 [3] NCCL INFO New proxy recv connection 24 from local rank 3, transport 0
nid001049:658571:658710 [3] NCCL INFO Connected to proxy localRank 3 -> connection 0x7f0220001850
nid001049:658569:658696 [2] NCCL INFO New proxy recv connection 26 from local rank 2, transport 0
nid001049:658569:658711 [2] NCCL INFO Connected to proxy localRank 2 -> connection 0x7fcac0001940
nid001049:658567:658709 [1] NCCL INFO Channel 05/0 : 1[1] -> 3[3] via P2P/CUMEM/read
nid001049:658567:658697 [1] NCCL INFO New proxy send connection 25 from local rank 1, transport 0
nid001049:658567:658709 [1] NCCL INFO Connected to proxy localRank 1 -> connection 0x7f16a00018c8
nid001049:658571:658692 [3] NCCL INFO New proxy recv connection 25 from local rank 3, transport 0
nid001049:658571:658710 [3] NCCL INFO Connected to proxy localRank 3 -> connection 0x7f02200018c8
nid001049:658569:658696 [2] NCCL INFO New proxy recv connection 27 from local rank 2, transport 0
nid001049:658569:658711 [2] NCCL INFO Connected to proxy localRank 2 -> connection 0x7fcac00019b8
nid001049:658567:658709 [1] NCCL INFO Channel 06/0 : 1[1] -> 3[3] via P2P/CUMEM/read
nid001049:658567:658697 [1] NCCL INFO New proxy send connection 26 from local rank 1, transport 0
nid001049:658571:658692 [3] NCCL INFO New proxy recv connection 26 from local rank 3, transport 0
nid001049:658571:658710 [3] NCCL INFO Connected to proxy localRank 3 -> connection 0x7f0220001940
nid001049:658567:658709 [1] NCCL INFO Connected to proxy localRank 1 -> connection 0x7f16a0001940
nid001049:658569:658696 [2] NCCL INFO New proxy recv connection 28 from local rank 2, transport 0
nid001049:658569:658711 [2] NCCL INFO Connected to proxy localRank 2 -> connection 0x7fcac0001a30
nid001052:1765954:1766056 [2] NCCL INFO New proxy recv connection 20 from local rank 2, transport 0
nid001052:1765954:1766071 [2] NCCL INFO Connected to proxy localRank 2 -> connection 0x7f7288001670
nid001049:658571:658710 [3] NCCL INFO GPU Direct RDMA Enabled for GPU c1000 / HCA 1 (distance 6 <= 6), read 0
nid001049:658567:658709 [1] NCCL INFO GPU Direct RDMA Enabled for GPU 41000 / HCA 5 (distance 6 <= 6), read 0
nid001049:658571:658692 [3] NCCL INFO New proxy recv connection 27 from local rank 3, transport 2
nid001049:658567:658697 [1] NCCL INFO New proxy recv connection 27 from local rank 1, transport 2
nid001049:658571:658710 [3] NCCL INFO Connected to proxy localRank 3 -> connection 0x7f02200019b8
nid001049:658567:658709 [1] NCCL INFO Connected to proxy localRank 1 -> connection 0x7f16a00019b8
nid001049:658566:658708 [0] NCCL INFO GPU Direct RDMA Enabled for GPU 3000 / HCA 7 (distance 6 <= 6), read 0
nid001049:658569:658711 [2] NCCL INFO GPU Direct RDMA Enabled for GPU 82000 / HCA 3 (distance 6 <= 6), read 0
nid001049:658571:658710 [3] NCCL INFO Channel 01/0 : 7[3] -> 3[3] [receive] via NET/AWS Libfabric/1/GDRDMA
nid001049:658571:658710 [3] NCCL INFO GPU Direct RDMA Enabled for GPU c1000 / HCA 1 (distance 6 <= 6), read 0
nid001049:658566:658693 [0] NCCL INFO New proxy recv connection 25 from local rank 0, transport 2
nid001049:658567:658709 [1] NCCL INFO Channel 03/0 : 5[1] -> 1[1] [receive] via NET/AWS Libfabric/5/GDRDMA
nid001049:658567:658709 [1] NCCL INFO GPU Direct RDMA Enabled for GPU 41000 / HCA 5 (distance 6 <= 6), read 0
nid001049:658566:658708 [0] NCCL INFO Connected to proxy localRank 0 -> connection 0x7f9b600018c8
nid001049:658571:658692 [3] NCCL INFO New proxy recv connection 28 from local rank 3, transport 2
nid001049:658569:658696 [2] NCCL INFO New proxy recv connection 29 from local rank 2, transport 2
nid001049:658571:658710 [3] NCCL INFO Connected to proxy localRank 3 -> connection 0x7f0220001a30
nid001049:658567:658697 [1] NCCL INFO New proxy recv connection 28 from local rank 1, transport 2
nid001049:658569:658711 [2] NCCL INFO Connected to proxy localRank 2 -> connection 0x7fcac0001aa8
nid001049:658567:658709 [1] NCCL INFO Connected to proxy localRank 1 -> connection 0x7f16a0001a30
